<html>
<body>
<pre>
<h1>礦ision Build Log</h1>
<h2>Tool Versions:</h2>
IDE-Version: μVision V5.38.0.0
Copyright (C) 2022 ARM Ltd and ARM Germany GmbH. All rights reserved.
License Information: peter asus, dream, LIC=KRMW3-AGQHQ-63WMB-2JWLP-4JUCU-YG64Q
 
Tool Versions:
Toolchain:       MDK-ARM Plus  Version: 5.38.0.0
Toolchain Path:  E:\MDK5\keil\ARM\ARMCC\Bin
C Compiler:      Armcc.exe V5.06 update 6 (build 750)
Assembler:       Armasm.exe V5.06 update 6 (build 750)
Linker/Locator:  ArmLink.exe V5.06 update 6 (build 750)
Library Manager: ArmAr.exe V5.06 update 6 (build 750)
Hex Converter:   FromElf.exe V5.06 update 6 (build 750)
CPU DLL:         SARMCM3.DLL V5.38.0.0
Dialog DLL:      DCM.DLL V1.17.5.0
Target DLL:      STLink\ST-LINKIII-KEIL_SWO.dll V3.1.0.0
Dialog DLL:      TCM.DLL V1.56.4.0
 
<h2>Project:</h2>
E:\RobotMaster\test\Robo_main\Robot\MDK-ARM\Robot.uvprojx
Project File Date:  11/25/2023

<h2>Output:</h2>
*** Using Compiler 'V5.06 update 6 (build 750)', folder: 'E:\MDK5\keil\ARM\ARMCC\Bin'
Build target 'Robot'
assembling startup_stm32f407xx.s...
compiling stm32f4xx_it.c...
compiling usart.c...
compiling i2c.c...
compiling freertos.c...
compiling can.c...
compiling dma.c...
compiling gpio.c...
compiling spi.c...
compiling tim.c...
compiling stm32f4xx_hal_msp.c...
compiling main.c...
compiling stm32f4xx_hal_timebase_tim.c...
compiling stm32f4xx_hal_gpio.c...
compiling stm32f4xx_hal_dma.c...
compiling stm32f4xx_hal_pwr.c...
compiling stm32f4xx_hal_can.c...
compiling stm32f4xx_hal_flash.c...
compiling stm32f4xx_hal_flash_ramfunc.c...
compiling stm32f4xx_hal_flash_ex.c...
compiling stm32f4xx_hal_rcc.c...
compiling stm32f4xx_hal_dma_ex.c...
compiling stm32f4xx_hal_rcc_ex.c...
compiling stm32f4xx_hal_i2c_ex.c...
compiling stm32f4xx_hal_cortex.c...
compiling stm32f4xx_hal_pwr_ex.c...
compiling stm32f4xx_hal.c...
compiling stm32f4xx_hal_exti.c...
compiling stm32f4xx_hal_uart.c...
compiling system_stm32f4xx.c...
compiling stm32f4xx_hal_spi.c...
compiling stm32f4xx_hal_tim_ex.c...
compiling stm32f4xx_hal_tim.c...
compiling stm32f4xx_hal_i2c.c...
compiling bsp_servo_pwm.c...
compiling remote_control.c...
compiling bsp_rc.c...
compiling bsp_buzzer.c...
compiling croutine.c...
compiling bsp_delay.c...
compiling CAN_receive.c...
compiling bsp_can.c...
compiling event_groups.c...
compiling list.c...
compiling stream_buffer.c...
compiling queue.c...
compiling timers.c...
compiling default_task.c...
compiling tasks.c...
compiling heap_4.c...
compiling port.c...
compiling user_lib.c...
compiling cmsis_os.c...
compiling shoot_task.c...
compiling chassis_task.c...
compiling ins_task.c...
..\Applications\ins_task.c(252): warning:  #1035-D: single-precision operand implicitly converted to double-precision
      *yaw = atan2f(2.0f*(q[0]*q[3]+q[1]*q[2]), 2.0f*(q[0]*q[0]+q[1]*q[1])-1.0f) *57.3;
..\Applications\ins_task.c(253): warning:  #1035-D: single-precision operand implicitly converted to double-precision
      *pitch = asinf(-2.0f*(q[1]*q[3]-q[0]*q[2])) *57.3;
..\Applications\ins_task.c(254): warning:  #1035-D: single-precision operand implicitly converted to double-precision
      *roll = atan2f(2.0f*(q[0]*q[1]+q[2]*q[3]),2.0f*(q[0]*q[0]+q[3]*q[3])-1.0f) *57.3;
..\Applications\ins_task.c(263): warning:  #1035-D: single-precision operand implicitly converted to double-precision
  	   gyrooffset[0]-=bmi088_real_data.gyro[0]*0.00005;
..\Applications\ins_task.c(264): warning:  #1035-D: single-precision operand implicitly converted to double-precision
  		 gyrooffset[1]-=bmi088_real_data.gyro[1]*0.00005;
..\Applications\ins_task.c(265): warning:  #1035-D: single-precision operand implicitly converted to double-precision
  		 gyrooffset[2]-=bmi088_real_data.gyro[2]*0.00005;
..\Applications\ins_task.c(135): warning:  #177-D: variable "timing_time"  was declared but never referenced
  static const float timing_time = 0.001f;   //tast run time , unit s.任务运行的时间 单位 s
..\Applications\ins_task.c: 7 warnings, 0 errors
compiling bsp_imu_pwm.c...
compiling bsp_led.c...
compiling pid.c...
compiling BMI088driver.c...
compiling BMI088Middleware.c...
compiling bsp_spi.c...
linking...
Program Size: Code=37696 RO-data=640 RW-data=416 ZI-data=20616  
FromELF: creating hex file...
"Robot\Robot.axf" - 0 Error(s), 7 Warning(s).

<h2>Software Packages used:</h2>

Package Vendor: ARM
                http://www.keil.com/pack/ARM.CMSIS.5.9.0.pack
                ARM.CMSIS.5.9.0
                CMSIS (Common Microcontroller Software Interface Standard)
   * Component: CORE Version: 5.6.0

Package Vendor: Keil
                http://www.keil.com/pack/Keil.STM32F4xx_DFP.2.13.0.pack
                Keil.STM32F4xx_DFP.2.13.0
                STMicroelectronics STM32F4 Series Device Support, Drivers and Examples

<h2>Collection of Component include folders:</h2>
  ./RTE/_Robot
  E:/MDK5/keil/ARM/CMSIS/5.9.0/CMSIS/Core/Include
  E:/MDK5/keil/Keil/STM32F4xx_DFP/2.13.0/Drivers/CMSIS/Device/ST/STM32F4xx/Include

<h2>Collection of Component Files used:</h2>

   * Component: ARM::CMSIS:CORE:5.6.0
      Include file:  CMSIS/Core/Include/tz_context.h
Build Time Elapsed:  00:00:30
</pre>
</body>
</html>
