Component: ARM Compiler 5.06 update 7 (build 960) Tool: armlink [4d3601]

==============================================================================

Section Cross References

    startup_stm32f407xx.o(STACK) refers (Special) to heapauxi.o(.text) for __use_two_region_memory
    startup_stm32f407xx.o(HEAP) refers (Special) to heapauxi.o(.text) for __use_two_region_memory
    startup_stm32f407xx.o(RESET) refers (Special) to heapauxi.o(.text) for __use_two_region_memory
    startup_stm32f407xx.o(RESET) refers to startup_stm32f407xx.o(STACK) for __initial_sp
    startup_stm32f407xx.o(RESET) refers to startup_stm32f407xx.o(.text) for Reset_Handler
    startup_stm32f407xx.o(RESET) refers to stm32f4xx_it.o(i.NMI_Handler) for NMI_Handler
    startup_stm32f407xx.o(RESET) refers to stm32f4xx_it.o(i.HardFault_Handler) for HardFault_Handler
    startup_stm32f407xx.o(RESET) refers to stm32f4xx_it.o(i.MemManage_Handler) for MemManage_Handler
    startup_stm32f407xx.o(RESET) refers to stm32f4xx_it.o(i.BusFault_Handler) for BusFault_Handler
    startup_stm32f407xx.o(RESET) refers to stm32f4xx_it.o(i.UsageFault_Handler) for UsageFault_Handler
    startup_stm32f407xx.o(RESET) refers to port.o(.emb_text) for SVC_Handler
    startup_stm32f407xx.o(RESET) refers to stm32f4xx_it.o(i.DebugMon_Handler) for DebugMon_Handler
    startup_stm32f407xx.o(RESET) refers to port.o(i.SysTick_Handler) for SysTick_Handler
    startup_stm32f407xx.o(RESET) refers to stm32f4xx_it.o(i.DMA1_Stream1_IRQHandler) for DMA1_Stream1_IRQHandler
    startup_stm32f407xx.o(RESET) refers to stm32f4xx_it.o(i.CAN1_RX0_IRQHandler) for CAN1_RX0_IRQHandler
    startup_stm32f407xx.o(RESET) refers to remote_control.o(i.USART3_IRQHandler) for USART3_IRQHandler
    startup_stm32f407xx.o(RESET) refers to stm32f4xx_it.o(i.TIM8_TRG_COM_TIM14_IRQHandler) for TIM8_TRG_COM_TIM14_IRQHandler
    startup_stm32f407xx.o(RESET) refers to stm32f4xx_it.o(i.DMA2_Stream2_IRQHandler) for DMA2_Stream2_IRQHandler
    startup_stm32f407xx.o(RESET) refers to stm32f4xx_it.o(i.DMA2_Stream3_IRQHandler) for DMA2_Stream3_IRQHandler
    startup_stm32f407xx.o(RESET) refers to stm32f4xx_it.o(i.CAN2_RX0_IRQHandler) for CAN2_RX0_IRQHandler
    startup_stm32f407xx.o(.text) refers (Special) to heapauxi.o(.text) for __use_two_region_memory
    startup_stm32f407xx.o(.text) refers to system_stm32f4xx.o(i.SystemInit) for SystemInit
    startup_stm32f407xx.o(.text) refers to __main.o(!!!main) for __main
    startup_stm32f407xx.o(.text) refers to startup_stm32f407xx.o(HEAP) for Heap_Mem
    startup_stm32f407xx.o(.text) refers to startup_stm32f407xx.o(STACK) for Stack_Mem
    main.o(i.HAL_TIM_PeriodElapsedCallback) refers to stm32f4xx_hal.o(i.HAL_IncTick) for HAL_IncTick
    main.o(i.SystemClock_Config) refers to rt_memclr_w.o(.text) for __aeabi_memclr4
    main.o(i.SystemClock_Config) refers to stm32f4xx_hal_rcc.o(i.HAL_RCC_OscConfig) for HAL_RCC_OscConfig
    main.o(i.SystemClock_Config) refers to main.o(i.Error_Handler) for Error_Handler
    main.o(i.SystemClock_Config) refers to stm32f4xx_hal_rcc.o(i.HAL_RCC_ClockConfig) for HAL_RCC_ClockConfig
    main.o(i.main) refers to stm32f4xx_hal.o(i.HAL_Init) for HAL_Init
    main.o(i.main) refers to main.o(i.SystemClock_Config) for SystemClock_Config
    main.o(i.main) refers to gpio.o(i.MX_GPIO_Init) for MX_GPIO_Init
    main.o(i.main) refers to dma.o(i.MX_DMA_Init) for MX_DMA_Init
    main.o(i.main) refers to usart.o(i.MX_USART3_UART_Init) for MX_USART3_UART_Init
    main.o(i.main) refers to tim.o(i.MX_TIM5_Init) for MX_TIM5_Init
    main.o(i.main) refers to tim.o(i.MX_TIM4_Init) for MX_TIM4_Init
    main.o(i.main) refers to can.o(i.MX_CAN1_Init) for MX_CAN1_Init
    main.o(i.main) refers to can.o(i.MX_CAN2_Init) for MX_CAN2_Init
    main.o(i.main) refers to tim.o(i.MX_TIM1_Init) for MX_TIM1_Init
    main.o(i.main) refers to tim.o(i.MX_TIM8_Init) for MX_TIM8_Init
    main.o(i.main) refers to i2c.o(i.MX_I2C3_Init) for MX_I2C3_Init
    main.o(i.main) refers to spi.o(i.MX_SPI1_Init) for MX_SPI1_Init
    main.o(i.main) refers to tim.o(i.MX_TIM10_Init) for MX_TIM10_Init
    main.o(i.main) refers to remote_control.o(i.remote_control_init) for remote_control_init
    main.o(i.main) refers to bsp_buzzer.o(i.buzzer_init) for buzzer_init
    main.o(i.main) refers to bsp_can.o(i.can_filter_init) for can_filter_init
    main.o(i.main) refers to bsp_servo_pwm.o(i.servo_pwm_init) for servo_pwm_init
    main.o(i.main) refers to freertos.o(i.MX_FREERTOS_Init) for MX_FREERTOS_Init
    main.o(i.main) refers to cmsis_os.o(i.osKernelStart) for osKernelStart
    freertos.o(i.MX_FREERTOS_Init) refers to rt_memcpy_w.o(.text) for __aeabi_memcpy4
    freertos.o(i.MX_FREERTOS_Init) refers to cmsis_os.o(i.osThreadCreate) for osThreadCreate
    freertos.o(i.MX_FREERTOS_Init) refers to freertos.o(.constdata) for .constdata
    freertos.o(i.MX_FREERTOS_Init) refers to freertos.o(.data) for defaultTaskHandle
    freertos.o(i.default_task) refers to cmsis_os.o(i.osDelay) for osDelay
[...]
    i.vPortFree                              0x080057b8   Section        0  heap_4.o(i.vPortFree)
    i.vPortSetupTimerInterrupt               0x0800585c   Section        0  port.o(i.vPortSetupTimerInterrupt)
    i.vTaskDelay                             0x08005884   Section        0  tasks.o(i.vTaskDelay)
    i.vTaskStartScheduler                    0x080058e0   Section        0  tasks.o(i.vTaskStartScheduler)
    i.vTaskSuspendAll                        0x08005990   Section        0  tasks.o(i.vTaskSuspendAll)
    i.vTaskSwitchContext                     0x080059a0   Section        0  tasks.o(i.vTaskSwitchContext)
    i.xPortStartScheduler                    0x08005a2c   Section        0  port.o(i.xPortStartScheduler)
    i.xTaskCreate                            0x08005b94   Section        0  tasks.o(i.xTaskCreate)
    i.xTaskCreateStatic                      0x08005bf8   Section        0  tasks.o(i.xTaskCreateStatic)
    i.xTaskIncrementTick                     0x08005cb4   Section        0  tasks.o(i.xTaskIncrementTick)
    i.xTaskResumeAll                         0x08005dfc   Section        0  tasks.o(i.xTaskResumeAll)
    x$fpl$d2f                                0x08005f00   Section       98  d2f.o(x$fpl$d2f)
    $v0                                      0x08005f00   Number         0  d2f.o(x$fpl$d2f)
    x$fpl$dadd                               0x08005f64   Section      336  daddsub_clz.o(x$fpl$dadd)
    $v0                                      0x08005f64   Number         0  daddsub_clz.o(x$fpl$dadd)
    _dadd1                                   0x08005f75   Thumb Code     0  daddsub_clz.o(x$fpl$dadd)
    x$fpl$dcmpinf                            0x080060b4   Section       24  dcmpi.o(x$fpl$dcmpinf)
    $v0                                      0x080060b4   Number         0  dcmpi.o(x$fpl$dcmpinf)
    x$fpl$dleqf                              0x080060cc   Section      120  dleqf.o(x$fpl$dleqf)
    $v0                                      0x080060cc   Number         0  dleqf.o(x$fpl$dleqf)
    x$fpl$dmul                               0x08006144   Section      340  dmul.o(x$fpl$dmul)
    $v0                                      0x08006144   Number         0  dmul.o(x$fpl$dmul)
    x$fpl$dnaninf                            0x08006298   Section      156  dnaninf.o(x$fpl$dnaninf)
    $v0                                      0x08006298   Number         0  dnaninf.o(x$fpl$dnaninf)
    x$fpl$dretinf                            0x08006334   Section       12  dretinf.o(x$fpl$dretinf)
    $v0                                      0x08006334   Number         0  dretinf.o(x$fpl$dretinf)
    x$fpl$drleqf                             0x08006340   Section      108  drleqf.o(x$fpl$drleqf)
    $v0                                      0x08006340   Number         0  drleqf.o(x$fpl$drleqf)
    x$fpl$drnd                               0x080063ac   Section      180  drnd.o(x$fpl$drnd)
    $v0                                      0x080063ac   Number         0  drnd.o(x$fpl$drnd)
    x$fpl$dsub                               0x08006460   Section      468  daddsub_clz.o(x$fpl$dsub)
    $v0                                      0x08006460   Number         0  daddsub_clz.o(x$fpl$dsub)
    _dsub1                                   0x08006471   Thumb Code     0  daddsub_clz.o(x$fpl$dsub)
    x$fpl$f2d                                0x08006634   Section       86  f2d.o(x$fpl$f2d)
    $v0                                      0x08006634   Number         0  f2d.o(x$fpl$f2d)
    x$fpl$fnaninf                            0x0800668a   Section      140  fnaninf.o(x$fpl$fnaninf)
    $v0                                      0x0800668a   Number         0  fnaninf.o(x$fpl$fnaninf)
    x$fpl$fpinit                             0x08006716   Section       10  fpinit.o(x$fpl$fpinit)
    $v0                                      0x08006716   Number         0  fpinit.o(x$fpl$fpinit)
    x$fpl$fretinf                            0x08006720   Section       10  fretinf.o(x$fpl$fretinf)
    $v0                                      0x08006720   Number         0  fretinf.o(x$fpl$fretinf)
    x$fpl$usenofp                            0x0800672a   Section        0  usenofp.o(x$fpl$usenofp)
    .constdata                               0x0800672c   Section       84  freertos.o(.constdata)
    .constdata                               0x08006780   Section        8  stm32f4xx_hal_dma.o(.constdata)
    flagBitshiftOffset                       0x08006780   Data           8  stm32f4xx_hal_dma.o(.constdata)
    .constdata                               0x08006788   Section       24  system_stm32f4xx.o(.constdata)
    .constdata                               0x080067a0   Section       12  shoot_task.o(.constdata)
    fliter_num                               0x080067a0   Data          12  shoot_task.o(.constdata)
    .conststring                             0x080067ac   Section       30  freertos.o(.conststring)
    .data                                    0x20000000   Section       12  freertos.o(.data)
    .data                                    0x2000000c   Section        4  can.o(.data)
    HAL_RCC_CAN1_CLK_ENABLED                 0x2000000c   Data           4  can.o(.data)
    .data                                    0x20000010   Section        9  stm32f4xx_hal.o(.data)
    .data                                    0x2000001c   Section        4  system_stm32f4xx.o(.data)
    .data                                    0x20000020   Section        2  remote_control.o(.data)
    this_time_rx_len                         0x20000020   Data           2  remote_control.o(.data)
    .data                                    0x20000022   Section       24  can_receive.o(.data)
    gimbal_can_send_data                     0x20000022   Data           8  can_receive.o(.data)
    chassis_can_send_data                    0x2000002a   Data           8  can_receive.o(.data)
    shoot_can_send_data                      0x20000032   Data           8  can_receive.o(.data)
    .data                                    0x2000003c   Section       13  shoot_task.o(.data)
    speed_fliter_1                           0x2000003c   Data           4  shoot_task.o(.data)
    speed_fliter_2                           0x20000040   Data           4  shoot_task.o(.data)
    speed_fliter_3                           0x20000044   Data           4  shoot_task.o(.data)
    last_s                                   0x20000048   Data           1  shoot_task.o(.data)
    .data                                    0x2000004c   Section       60  tasks.o(.data)
    pxDelayedTaskList                        0x20000050   Data           4  tasks.o(.data)
    pxOverflowDelayedTaskList                0x20000054   Data           4  tasks.o(.data)
    uxDeletedTasksWaitingCleanUp             0x20000058   Data           4  tasks.o(.data)
    uxCurrentNumberOfTasks                   0x2000005c   Data           4  tasks.o(.data)
    xTickCount                               0x20000060   Data           4  tasks.o(.data)
    uxTopReadyPriority                       0x20000064   Data           4  tasks.o(.data)
    xSchedulerRunning                        0x20000068   Data           4  tasks.o(.data)
    xPendedTicks                             0x2000006c   Data           4  tasks.o(.data)
    xYieldPending                            0x20000070   Data           4  tasks.o(.data)
    xNumOfOverflows                          0x20000074   Data           4  tasks.o(.data)
    uxTaskNumber                             0x20000078   Data           4  tasks.o(.data)
    xNextTaskUnblockTime                     0x2000007c   Data           4  tasks.o(.data)
    xIdleTaskHandle                          0x20000080   Data           4  tasks.o(.data)
    uxSchedulerSuspended                     0x20000084   Data           4  tasks.o(.data)
    .data                                    0x20000088   Section       32  heap_4.o(.data)
    xStart                                   0x20000088   Data           8  heap_4.o(.data)
    pxEnd                                    0x20000090   Data           4  heap_4.o(.data)
    xFreeBytesRemaining                      0x20000094   Data           4  heap_4.o(.data)
    xMinimumEverFreeBytesRemaining           0x20000098   Data           4  heap_4.o(.data)
    xNumberOfSuccessfulAllocations           0x2000009c   Data           4  heap_4.o(.data)
    xNumberOfSuccessfulFrees                 0x200000a0   Data           4  heap_4.o(.data)
    xBlockAllocatedBit                       0x200000a4   Data           4  heap_4.o(.data)
    .data                                    0x200000a8   Section       12  port.o(.data)
    uxCriticalNesting                        0x200000a8   Data           4  port.o(.data)
    ucMaxSysCallPriority                     0x200000ac   Data           1  port.o(.data)
    ulMaxPRIGROUPValue                       0x200000b0   Data           4  port.o(.data)
    .bss                                     0x200000b4   Section      596  freertos.o(.bss)
    xIdleTaskTCBBuffer                       0x200000b4   Data          84  freertos.o(.bss)
    xIdleStack                               0x20000108   Data         512  freertos.o(.bss)
    .bss                                     0x20000308   Section       80  can.o(.bss)
    .bss                                     0x20000358   Section       84  i2c.o(.bss)
    .bss                                     0x200003ac   Section      280  spi.o(.bss)
    .bss                                     0x200004c4   Section      360  tim.o(.bss)
    .bss                                     0x2000062c   Section      164  usart.o(.bss)
    .bss                                     0x200006d0   Section       72  stm32f4xx_hal_timebase_tim.o(.bss)
    .bss                                     0x20000718   Section       94  remote_control.o(.bss)
    sbus_rx_buf                              0x2000072e   Data          72  remote_control.o(.bss)
    .bss                                     0x20000778   Section      312  can_receive.o(.bss)
    motor_chassis                            0x20000778   Data         168  can_receive.o(.bss)
    trigger_motor                            0x20000820   Data          24  can_receive.o(.bss)
    fric_motor                               0x20000838   Data          48  can_receive.o(.bss)
    gimbal_tx_message                        0x20000868   Data          24  can_receive.o(.bss)
    chassis_tx_message                       0x20000880   Data          24  can_receive.o(.bss)
    shoot_tx_message                         0x20000898   Data          24  can_receive.o(.bss)
    .bss                                     0x200008b0   Section      304  shoot_task.o(.bss)
    .bss                                     0x200009e0   Section      240  tasks.o(.bss)
    pxReadyTasksLists                        0x200009e0   Data         140  tasks.o(.bss)
    xDelayedTaskList1                        0x20000a6c   Data          20  tasks.o(.bss)
    xDelayedTaskList2                        0x20000a80   Data          20  tasks.o(.bss)
    xPendingReadyList                        0x20000a94   Data          20  tasks.o(.bss)
    xTasksWaitingTermination                 0x20000aa8   Data          20  tasks.o(.bss)
    xSuspendedTaskList                       0x20000abc   Data          20  tasks.o(.bss)
    .bss                                     0x20000ad0   Section    15360  heap_4.o(.bss)
    ucHeap                                   0x20000ad0   Data       15360  heap_4.o(.bss)
    .bss                                     0x200046d0   Section       96  libspace.o(.bss)
    HEAP                                     0x20004730   Section      512  startup_stm32f407xx.o(HEAP)
    Heap_Mem                                 0x20004730   Data         512  startup_stm32f407xx.o(HEAP)
    STACK                                    0x20004930   Section     1024  startup_stm32f407xx.o(STACK)
    Stack_Mem                                0x20004930   Data        1024  startup_stm32f407xx.o(STACK)
    __initial_sp                             0x20004d30   Data           0  startup_stm32f407xx.o(STACK)

    Global Symbols

    Symbol Name                              Value     Ov Type        Size  Object(Section)

    BuildAttributes$$THM_ISAv4$E$P$D$K$B$S$7EM$VFPi3$EXTD16$VFPS$VFMA$PE$A:L22UL41UL21$X:L11$S22US41US21$IEEE1$IW$USESV6$~STKCKD$USESV7$~SHL$OTIME$ROPI$IEEEJ$EBA8$UX$STANDARDLIB$REQ8$PRES8$EABIv2 0x00000000   Number         0  anon$$obj.o ABSOLUTE
    __ARM_use_no_argv                        0x00000000   Number         0  main.o ABSOLUTE
    __ARM_exceptions_init                     - Undefined Weak Reference
    __alloca_initialize                       - Undefined Weak Reference
    __arm_fini_                               - Undefined Weak Reference
    __arm_preinit_                            - Undefined Weak Reference
    __cpp_initialize__aeabi_                  - Undefined Weak Reference
    __cxa_finalize                            - Undefined Weak Reference
    __rt_locale                               - Undefined Weak Reference
    __sigvec_lookup                           - Undefined Weak Reference
    _atexit_init                              - Undefined Weak Reference
    _call_atexit_fns                          - Undefined Weak Reference
    _clock_init                               - Undefined Weak Reference
    _fp_trap_init                             - Undefined Weak Reference
    _fp_trap_shutdown                         - Undefined Weak Reference
    _get_lc_collate                           - Undefined Weak Reference
    _get_lc_ctype                             - Undefined Weak Reference
    _get_lc_monetary                          - Undefined Weak Reference
    _get_lc_numeric                           - Undefined Weak Reference
    _get_lc_time                              - Undefined Weak Reference
    _getenv_init                              - Undefined Weak Reference
    _handle_redirection                       - Undefined Weak Reference
    _init_alloc                               - Undefined Weak Reference
    _init_user_alloc                          - Undefined Weak Reference
    _initio                                   - Undefined Weak Reference
    _rand_init                                - Undefined Weak Reference
    _signal_finish                            - Undefined Weak Reference
    _signal_init                              - Undefined Weak Reference
    _terminate_alloc                          - Undefined Weak Reference
    _terminate_user_alloc                     - Undefined Weak Reference
    _terminateio                              - Undefined Weak Reference
    __Vectors_Size                           0x00000188   Number         0  startup_stm32f407xx.o ABSOLUTE
    __Vectors                                0x08000000   Data           4  startup_stm32f407xx.o(RESET)
    __Vectors_End                            0x08000188   Data           0  startup_stm32f407xx.o(RESET)
    __main                                   0x08000189   Thumb Code     8  __main.o(!!!main)
    __scatterload                            0x08000191   Thumb Code     0  __scatter.o(!!!scatter)
    __scatterload_rt2                        0x08000191   Thumb Code    44  __scatter.o(!!!scatter)
    __scatterload_rt2_thumb_only             0x08000191   Thumb Code     0  __scatter.o(!!!scatter)
    __scatterload_null                       0x0800019f   Thumb Code     0  __scatter.o(!!!scatter)
    __scatterload_copy                       0x080001c5   Thumb Code    26  __scatter_copy.o(!!handler_copy)
    __scatterload_zeroinit                   0x080001e1   Thumb Code    28  __scatter_zi.o(!!handler_zi)
    __rt_lib_init                            0x080001fd   Thumb Code     0  libinit.o(.ARM.Collect$$libinit$$00000000)
    __rt_lib_init_fp_1                       0x080001ff   Thumb Code     0  libinit2.o(.ARM.Collect$$libinit$$00000001)
    __rt_lib_init_alloca_1                   0x08000203   Thumb Code     0  libinit2.o(.ARM.Collect$$libinit$$0000002E)
    __rt_lib_init_argv_1                     0x08000203   Thumb Code     0  libinit2.o(.ARM.Collect$$libinit$$0000002C)
    __rt_lib_init_atexit_1                   0x08000203   Thumb Code     0  libinit2.o(.ARM.Collect$$libinit$$0000001B)
    __rt_lib_init_clock_1                    0x08000203   Thumb Code     0  libinit2.o(.ARM.Collect$$libinit$$00000021)
    __rt_lib_init_cpp_1                      0x08000203   Thumb Code     0  libinit2.o(.ARM.Collect$$libinit$$00000032)
    __rt_lib_init_exceptions_1               0x08000203   Thumb Code     0  libinit2.o(.ARM.Collect$$libinit$$00000030)
    __rt_lib_init_fp_trap_1                  0x08000203   Thumb Code     0  libinit2.o(.ARM.Collect$$libinit$$0000001F)
    __rt_lib_init_getenv_1                   0x08000203   Thumb Code     0  libinit2.o(.ARM.Collect$$libinit$$00000023)
    __rt_lib_init_heap_1                     0x08000203   Thumb Code     0  libinit2.o(.ARM.Collect$$libinit$$0000000A)
    __rt_lib_init_lc_collate_1               0x08000203   Thumb Code     0  libinit2.o(.ARM.Collect$$libinit$$00000011)
    __rt_lib_init_lc_ctype_1                 0x08000203   Thumb Code     0  libinit2.o(.ARM.Collect$$libinit$$00000013)
    __rt_lib_init_lc_monetary_1              0x08000203   Thumb Code     0  libinit2.o(.ARM.Collect$$libinit$$00000015)
    __rt_lib_init_lc_numeric_1               0x08000203   Thumb Code     0  libinit2.o(.ARM.Collect$$libinit$$00000017)
    __rt_lib_init_lc_time_1                  0x08000203   Thumb Code     0  libinit2.o(.ARM.Collect$$libinit$$00000019)
    __rt_lib_init_preinit_1                  0x08000203   Thumb Code     0  libinit2.o(.ARM.Collect$$libinit$$00000004)
    __rt_lib_init_rand_1                     0x08000203   Thumb Code     0  libinit2.o(.ARM.Collect$$libinit$$0000000E)
    __rt_lib_init_return                     0x08000203   Thumb Code     0  libinit2.o(.ARM.Collect$$libinit$$00000033)
    __rt_lib_init_signal_1                   0x08000203   Thumb Code     0  libinit2.o(.ARM.Collect$$libinit$$0000001D)
    __rt_lib_init_stdio_1                    0x08000203   Thumb Code     0  libinit2.o(.ARM.Collect$$libinit$$00000025)
    __rt_lib_init_user_alloc_1               0x08000203   Thumb Code     0  libinit2.o(.ARM.Collect$$libinit$$0000000C)
    __rt_lib_shutdown                        0x08000205   Thumb Code     0  libshutdown.o(.ARM.Collect$$libshutdown$$00000000)
    __rt_lib_shutdown_cpp_1                  0x08000207   Thumb Code     0  libshutdown2.o(.ARM.Collect$$libshutdown$$00000004)
    __rt_lib_shutdown_fini_1                 0x08000207   Thumb Code     0  libshutdown2.o(.ARM.Collect$$libshutdown$$00000002)
    __rt_lib_shutdown_fp_trap_1              0x08000207   Thumb Code     0  libshutdown2.o(.ARM.Collect$$libshutdown$$00000009)
    __rt_lib_shutdown_heap_1                 0x08000207   Thumb Code     0  libshutdown2.o(.ARM.Collect$$libshutdown$$00000011)
    __rt_lib_shutdown_return                 0x08000207   Thumb Code     0  libshutdown2.o(.ARM.Collect$$libshutdown$$00000012)
    __rt_lib_shutdown_signal_1               0x08000207   Thumb Code     0  libshutdown2.o(.ARM.Collect$$libshutdown$$0000000C)
    __rt_lib_shutdown_stdio_1                0x08000207   Thumb Code     0  libshutdown2.o(.ARM.Collect$$libshutdown$$00000006)
    __rt_lib_shutdown_user_alloc_1           0x08000207   Thumb Code     0  libshutdown2.o(.ARM.Collect$$libshutdown$$0000000E)
    __rt_entry                               0x08000209   Thumb Code     0  __rtentry.o(.ARM.Collect$$rtentry$$00000000)
    __rt_entry_presh_1                       0x08000209   Thumb Code     0  __rtentry2.o(.ARM.Collect$$rtentry$$00000002)
    __rt_entry_sh                            0x08000209   Thumb Code     0  __rtentry4.o(.ARM.Collect$$rtentry$$00000004)
    __rt_entry_li                            0x0800020f   Thumb Code     0  __rtentry2.o(.ARM.Collect$$rtentry$$0000000A)
    __rt_entry_postsh_1                      0x0800020f   Thumb Code     0  __rtentry2.o(.ARM.Collect$$rtentry$$00000009)
    __rt_entry_main                          0x08000213   Thumb Code     0  __rtentry2.o(.ARM.Collect$$rtentry$$0000000D)
    __rt_entry_postli_1                      0x08000213   Thumb Code     0  __rtentry2.o(.ARM.Collect$$rtentry$$0000000C)
    __rt_exit                                0x0800021b   Thumb Code     0  rtexit.o(.ARM.Collect$$rtexit$$00000000)
    __rt_exit_ls                             0x0800021d   Thumb Code     0  rtexit2.o(.ARM.Collect$$rtexit$$00000003)
    __rt_exit_prels_1                        0x0800021d   Thumb Code     0  rtexit2.o(.ARM.Collect$$rtexit$$00000002)
    __rt_exit_exit                           0x08000221   Thumb Code     0  rtexit2.o(.ARM.Collect$$rtexit$$00000004)
    SVC_Handler                              0x08000229   Thumb Code    28  port.o(.emb_text)
    __asm___6_port_c_39a90d8d__prvStartFirstTask 0x08000249   Thumb Code    36  port.o(.emb_text)
    __asm___6_port_c_39a90d8d__prvEnableVFP  0x08000271   Thumb Code    16  port.o(.emb_text)
    PendSV_Handler                           0x08000285   Thumb Code    88  port.o(.emb_text)
    vPortGetIPSR                             0x080002e1   Thumb Code     6  port.o(.emb_text)
    Reset_Handler                            0x080002e9   Thumb Code     8  startup_stm32f407xx.o(.text)
    ADC_IRQHandler                           0x08000303   Thumb Code     0  startup_stm32f407xx.o(.text)
    CAN1_RX1_IRQHandler                      0x08000303   Thumb Code     0  startup_stm32f407xx.o(.text)
    CAN1_SCE_IRQHandler                      0x08000303   Thumb Code     0  startup_stm32f407xx.o(.text)
    CAN1_TX_IRQHandler                       0x08000303   Thumb Code     0  startup_stm32f407xx.o(.text)
    CAN2_RX1_IRQHandler                      0x08000303   Thumb Code     0  startup_stm32f407xx.o(.text)
    CAN2_SCE_IRQHandler                      0x08000303   Thumb Code     0  startup_stm32f407xx.o(.text)
    CAN2_TX_IRQHandler                       0x08000303   Thumb Code     0  startup_stm32f407xx.o(.text)
    DCMI_IRQHandler                          0x08000303   Thumb Code     0  startup_stm32f407xx.o(.text)
    DMA1_Stream0_IRQHandler                  0x08000303   Thumb Code     0  startup_stm32f407xx.o(.text)
    DMA1_Stream2_IRQHandler                  0x08000303   Thumb Code     0  startup_stm32f407xx.o(.text)
    DMA1_Stream3_IRQHandler                  0x08000303   Thumb Code     0  startup_stm32f407xx.o(.text)
    DMA1_Stream4_IRQHandler                  0x08000303   Thumb Code     0  startup_stm32f407xx.o(.text)
    DMA1_Stream5_IRQHandler                  0x08000303   Thumb Code     0  startup_stm32f407xx.o(.text)
    DMA1_Stream6_IRQHandler                  0x08000303   Thumb Code     0  startup_stm32f407xx.o(.text)
    DMA1_Stream7_IRQHandler                  0x08000303   Thumb Code     0  startup_stm32f407xx.o(.text)
    DMA2_Stream0_IRQHandler                  0x08000303   Thumb Code     0  startup_stm32f407xx.o(.text)
    DMA2_Stream1_IRQHandler                  0x08000303   Thumb Code     0  startup_stm32f407xx.o(.text)
    DMA2_Stream4_IRQHandler                  0x08000303   Thumb Code     0  startup_stm32f407xx.o(.text)
    DMA2_Stream5_IRQHandler                  0x08000303   Thumb Code     0  startup_stm32f407xx.o(.text)
    DMA2_Stream6_IRQHandler                  0x08000303   Thumb Code     0  startup_stm32f407xx.o(.text)
    DMA2_Stream7_IRQHandler                  0x08000303   Thumb Code     0  startup_stm32f407xx.o(.text)
    ETH_IRQHandler                           0x08000303   Thumb Code     0  startup_stm32f407xx.o(.text)
    ETH_WKUP_IRQHandler                      0x08000303   Thumb Code     0  startup_stm32f407xx.o(.text)
    EXTI0_IRQHandler                         0x08000303   Thumb Code     0  startup_stm32f407xx.o(.text)
    EXTI15_10_IRQHandler                     0x08000303   Thumb Code     0  startup_stm32f407xx.o(.text)
    EXTI1_IRQHandler                         0x08000303   Thumb Code     0  startup_stm32f407xx.o(.text)
    EXTI2_IRQHandler                         0x08000303   Thumb Code     0  startup_stm32f407xx.o(.text)
    EXTI3_IRQHandler                         0x08000303   Thumb Code     0  startup_stm32f407xx.o(.text)
    EXTI4_IRQHandler                         0x08000303   Thumb Code     0  startup_stm32f407xx.o(.text)
    EXTI9_5_IRQHandler                       0x08000303   Thumb Code     0  startup_stm32f407xx.o(.text)
    FLASH_IRQHandler                         0x08000303   Thumb Code     0  startup_stm32f407xx.o(.text)
    FMC_IRQHandler                           0x08000303   Thumb Code     0  startup_stm32f407xx.o(.text)
    FPU_IRQHandler                           0x08000303   Thumb Code     0  startup_stm32f407xx.o(.text)
    HASH_RNG_IRQHandler                      0x08000303   Thumb Code     0  startup_stm32f407xx.o(.text)
    I2C1_ER_IRQHandler                       0x08000303   Thumb Code     0  startup_stm32f407xx.o(.text)
    I2C1_EV_IRQHandler                       0x08000303   Thumb Code     0  startup_stm32f407xx.o(.text)
    I2C2_ER_IRQHandler                       0x08000303   Thumb Code     0  startup_stm32f407xx.o(.text)
    I2C2_EV_IRQHandler                       0x08000303   Thumb Code     0  startup_stm32f407xx.o(.text)
    I2C3_ER_IRQHandler                       0x08000303   Thumb Code     0  startup_stm32f407xx.o(.text)
    I2C3_EV_IRQHandler                       0x08000303   Thumb Code     0  startup_stm32f407xx.o(.text)
    OTG_FS_IRQHandler                        0x08000303   Thumb Code     0  startup_stm32f407xx.o(.text)
    OTG_FS_WKUP_IRQHandler                   0x08000303   Thumb Code     0  startup_stm32f407xx.o(.text)
    OTG_HS_EP1_IN_IRQHandler                 0x08000303   Thumb Code     0  startup_stm32f407xx.o(.text)
    OTG_HS_EP1_OUT_IRQHandler                0x08000303   Thumb Code     0  startup_stm32f407xx.o(.text)
    OTG_HS_IRQHandler                        0x08000303   Thumb Code     0  startup_stm32f407xx.o(.text)
    OTG_HS_WKUP_IRQHandler                   0x08000303   Thumb Code     0  startup_stm32f407xx.o(.text)
    PVD_IRQHandler                           0x08000303   Thumb Code     0  startup_stm32f407xx.o(.text)
    RCC_IRQHandler                           0x08000303   Thumb Code     0  startup_stm32f407xx.o(.text)
    RTC_Alarm_IRQHandler                     0x08000303   Thumb Code     0  startup_stm32f407xx.o(.text)
    RTC_WKUP_IRQHandler                      0x08000303   Thumb Code     0  startup_stm32f407xx.o(.text)
    SDIO_IRQHandler                          0x08000303   Thumb Code     0  startup_stm32f407xx.o(.text)
    SPI1_IRQHandler                          0x08000303   Thumb Code     0  startup_stm32f407xx.o(.text)
    SPI2_IRQHandler                          0x08000303   Thumb Code     0  startup_stm32f407xx.o(.text)
    SPI3_IRQHandler                          0x08000303   Thumb Code     0  startup_stm32f407xx.o(.text)
    TAMP_STAMP_IRQHandler                    0x08000303   Thumb Code     0  startup_stm32f407xx.o(.text)
    TIM1_BRK_TIM9_IRQHandler                 0x08000303   Thumb Code     0  startup_stm32f407xx.o(.text)
    TIM1_CC_IRQHandler                       0x08000303   Thumb Code     0  startup_stm32f407xx.o(.text)
    TIM1_TRG_COM_TIM11_IRQHandler            0x08000303   Thumb Code     0  startup_stm32f407xx.o(.text)
    TIM1_UP_TIM10_IRQHandler                 0x08000303   Thumb Code     0  startup_stm32f407xx.o(.text)
    TIM2_IRQHandler                          0x08000303   Thumb Code     0  startup_stm32f407xx.o(.text)
    TIM3_IRQHandler                          0x08000303   Thumb Code     0  startup_stm32f407xx.o(.text)
    TIM4_IRQHandler                          0x08000303   Thumb Code     0  startup_stm32f407xx.o(.text)
    TIM5_IRQHandler                          0x08000303   Thumb Code     0  startup_stm32f407xx.o(.text)
    TIM6_DAC_IRQHandler                      0x08000303   Thumb Code     0  startup_stm32f407xx.o(.text)
    TIM7_IRQHandler                          0x08000303   Thumb Code     0  startup_stm32f407xx.o(.text)
    TIM8_BRK_TIM12_IRQHandler                0x08000303   Thumb Code     0  startup_stm32f407xx.o(.text)
    TIM8_CC_IRQHandler                       0x08000303   Thumb Code     0  startup_stm32f407xx.o(.text)
    TIM8_UP_TIM13_IRQHandler                 0x08000303   Thumb Code     0  startup_stm32f407xx.o(.text)
    UART4_IRQHandler                         0x08000303   Thumb Code     0  startup_stm32f407xx.o(.text)
    UART5_IRQHandler                         0x08000303   Thumb Code     0  startup_stm32f407xx.o(.text)
    USART1_IRQHandler                        0x08000303   Thumb Code     0  startup_stm32f407xx.o(.text)
    USART2_IRQHandler                        0x08000303   Thumb Code     0  startup_stm32f407xx.o(.text)
    USART6_IRQHandler                        0x08000303   Thumb Code     0  startup_stm32f407xx.o(.text)
    WWDG_IRQHandler                          0x08000303   Thumb Code     0  startup_stm32f407xx.o(.text)
    __user_initial_stackheap                 0x08000305   Thumb Code     0  startup_stm32f407xx.o(.text)
    __aeabi_uldivmod                         0x08000329   Thumb Code     0  lludivv7m.o(.text)
    _ll_udiv                                 0x08000329   Thumb Code   238  lludivv7m.o(.text)
    __aeabi_memcpy4                          0x08000417   Thumb Code     0  rt_memcpy_w.o(.text)
    __aeabi_memcpy8                          0x08000417   Thumb Code     0  rt_memcpy_w.o(.text)
    __rt_memcpy_w                            0x08000417   Thumb Code   100  rt_memcpy_w.o(.text)
    _memcpy_lastbytes_aligned                0x0800045f   Thumb Code     0  rt_memcpy_w.o(.text)
    __aeabi_memset                           0x0800047b   Thumb Code    16  aeabi_memset.o(.text)
    __aeabi_memclr4                          0x0800048b   Thumb Code     0  rt_memclr_w.o(.text)
    __aeabi_memclr8                          0x0800048b   Thumb Code     0  rt_memclr_w.o(.text)
    __rt_memclr_w                            0x0800048b   Thumb Code    78  rt_memclr_w.o(.text)
    _memset_w                                0x0800048f   Thumb Code     0  rt_memclr_w.o(.text)
    __use_two_region_memory                  0x080004d9   Thumb Code     2  heapauxi.o(.text)
    __rt_heap_escrow$2region                 0x080004db   Thumb Code     2  heapauxi.o(.text)
    __rt_heap_expand$2region                 0x080004dd   Thumb Code     2  heapauxi.o(.text)
    __aeabi_memclr                           0x080004df   Thumb Code     0  rt_memclr.o(.text)
    __rt_memclr                              0x080004df   Thumb Code    68  rt_memclr.o(.text)
    _memset                                  0x080004e3   Thumb Code     0  rt_memclr.o(.text)
    __user_setup_stackheap                   0x08000523   Thumb Code    74  sys_stackheap_outer.o(.text)
    exit                                     0x0800056d   Thumb Code    18  exit.o(.text)
    __user_libspace                          0x08000581   Thumb Code     8  libspace.o(.text)
    __user_perproc_libspace                  0x08000581   Thumb Code     0  libspace.o(.text)
    __user_perthread_libspace                0x08000581   Thumb Code     0  libspace.o(.text)
    _sys_exit                                0x08000589   Thumb Code     8  sys_exit.o(.text)
    __I$use$semihosting                      0x08000595   Thumb Code     0  use_no_semi.o(.text)
    __use_no_semihosting_swi                 0x08000595   Thumb Code     2  use_no_semi.o(.text)
    BusFault_Handler                         0x08000597   Thumb Code     4  stm32f4xx_it.o(i.BusFault_Handler)
    __semihosting_library_function           0x08000597   Thumb Code     0  indicate_semi.o(.text)
    CAN1_RX0_IRQHandler                      0x0800059d   Thumb Code    10  stm32f4xx_it.o(i.CAN1_RX0_IRQHandler)
    CAN2_RX0_IRQHandler                      0x080005ad   Thumb Code    10  stm32f4xx_it.o(i.CAN2_RX0_IRQHandler)
    CAN_cmd_shoot                            0x080005bd   Thumb Code    68  can_receive.o(i.CAN_cmd_shoot)
    DMA1_Stream1_IRQHandler                  0x0800060d   Thumb Code    10  stm32f4xx_it.o(i.DMA1_Stream1_IRQHandler)
    DMA2_Stream2_IRQHandler                  0x0800061d   Thumb Code    10  stm32f4xx_it.o(i.DMA2_Stream2_IRQHandler)
    DMA2_Stream3_IRQHandler                  0x0800062d   Thumb Code    10  stm32f4xx_it.o(i.DMA2_Stream3_IRQHandler)
    DebugMon_Handler                         0x0800071b   Thumb Code     2  stm32f4xx_it.o(i.DebugMon_Handler)
    Error_Handler                            0x0800071d   Thumb Code     6  main.o(i.Error_Handler)
    HAL_CAN_ActivateNotification             0x08000723   Thumb Code    42  stm32f4xx_hal_can.o(i.HAL_CAN_ActivateNotification)
    HAL_CAN_AddTxMessage                     0x0800074d   Thumb Code   342  stm32f4xx_hal_can.o(i.HAL_CAN_AddTxMessage)
    HAL_CAN_ConfigFilter                     0x080008a5   Thumb Code   286  stm32f4xx_hal_can.o(i.HAL_CAN_ConfigFilter)
    HAL_CAN_ErrorCallback                    0x080009c9   Thumb Code     2  stm32f4xx_hal_can.o(i.HAL_CAN_ErrorCallback)
    HAL_CAN_GetRxMessage                     0x080009cb   Thumb Code   378  stm32f4xx_hal_can.o(i.HAL_CAN_GetRxMessage)
    HAL_CAN_IRQHandler                       0x08000b45   Thumb Code   590  stm32f4xx_hal_can.o(i.HAL_CAN_IRQHandler)
    HAL_CAN_Init                             0x08000d93   Thumb Code   372  stm32f4xx_hal_can.o(i.HAL_CAN_Init)
    HAL_CAN_MspInit                          0x08000f09   Thumb Code   328  can.o(i.HAL_CAN_MspInit)
    HAL_CAN_RxFifo0FullCallback              0x08001069   Thumb Code     2  stm32f4xx_hal_can.o(i.HAL_CAN_RxFifo0FullCallback)
    HAL_CAN_RxFifo0MsgPendingCallback        0x0800106d   Thumb Code   110  can_receive.o(i.HAL_CAN_RxFifo0MsgPendingCallback)
    HAL_CAN_RxFifo1FullCallback              0x080010e5   Thumb Code     2  stm32f4xx_hal_can.o(i.HAL_CAN_RxFifo1FullCallback)
    HAL_CAN_RxFifo1MsgPendingCallback        0x080010e7   Thumb Code     2  stm32f4xx_hal_can.o(i.HAL_CAN_RxFifo1MsgPendingCallback)
    HAL_CAN_SleepCallback                    0x080010e9   Thumb Code     2  stm32f4xx_hal_can.o(i.HAL_CAN_SleepCallback)
    HAL_CAN_Start                            0x080010eb   Thumb Code    94  stm32f4xx_hal_can.o(i.HAL_CAN_Start)
    HAL_CAN_TxMailbox0AbortCallback          0x08001149   Thumb Code     2  stm32f4xx_hal_can.o(i.HAL_CAN_TxMailbox0AbortCallback)
    HAL_CAN_TxMailbox0CompleteCallback       0x0800114b   Thumb Code     2  stm32f4xx_hal_can.o(i.HAL_CAN_TxMailbox0CompleteCallback)
    HAL_CAN_TxMailbox1AbortCallback          0x0800114d   Thumb Code     2  stm32f4xx_hal_can.o(i.HAL_CAN_TxMailbox1AbortCallback)
    HAL_CAN_TxMailbox1CompleteCallback       0x0800114f   Thumb Code     2  stm32f4xx_hal_can.o(i.HAL_CAN_TxMailbox1CompleteCallback)
    HAL_CAN_TxMailbox2AbortCallback          0x08001151   Thumb Code     2  stm32f4xx_hal_can.o(i.HAL_CAN_TxMailbox2AbortCallback)
    HAL_CAN_TxMailbox2CompleteCallback       0x08001153   Thumb Code     2  stm32f4xx_hal_can.o(i.HAL_CAN_TxMailbox2CompleteCallback)
    HAL_CAN_WakeUpFromRxMsgCallback          0x08001155   Thumb Code     2  stm32f4xx_hal_can.o(i.HAL_CAN_WakeUpFromRxMsgCallback)
    HAL_DMA_IRQHandler                       0x08001159   Thumb Code   570  stm32f4xx_hal_dma.o(i.HAL_DMA_IRQHandler)
    HAL_DMA_Init                             0x08001399   Thumb Code   232  stm32f4xx_hal_dma.o(i.HAL_DMA_Init)
    HAL_GPIO_Init                            0x08001485   Thumb Code   454  stm32f4xx_hal_gpio.o(i.HAL_GPIO_Init)
    HAL_GPIO_WritePin                        0x08001679   Thumb Code    12  stm32f4xx_hal_gpio.o(i.HAL_GPIO_WritePin)
    HAL_GetTick                              0x08001685   Thumb Code     6  stm32f4xx_hal.o(i.HAL_GetTick)
    HAL_I2C_Init                             0x08001691   Thumb Code   446  stm32f4xx_hal_i2c.o(i.HAL_I2C_Init)
    HAL_I2C_MspInit                          0x08001861   Thumb Code   182  i2c.o(i.HAL_I2C_MspInit)
    HAL_IncTick                              0x08001929   Thumb Code    16  stm32f4xx_hal.o(i.HAL_IncTick)
    HAL_Init                                 0x08001941   Thumb Code    54  stm32f4xx_hal.o(i.HAL_Init)
    HAL_InitTick                             0x0800197d   Thumb Code   160  stm32f4xx_hal_timebase_tim.o(i.HAL_InitTick)
    HAL_MspInit                              0x08001a31   Thumb Code    78  stm32f4xx_hal_msp.o(i.HAL_MspInit)
    HAL_NVIC_EnableIRQ                       0x08001a85   Thumb Code    32  stm32f4xx_hal_cortex.o(i.HAL_NVIC_EnableIRQ)
    HAL_NVIC_SetPriority                     0x08001aa5   Thumb Code   124  stm32f4xx_hal_cortex.o(i.HAL_NVIC_SetPriority)
    HAL_NVIC_SetPriorityGrouping             0x08001b21   Thumb Code    32  stm32f4xx_hal_cortex.o(i.HAL_NVIC_SetPriorityGrouping)
    HAL_RCC_ClockConfig                      0x08001b49   Thumb Code   368  stm32f4xx_hal_rcc.o(i.HAL_RCC_ClockConfig)
    HAL_RCC_GetClockConfig                   0x08001ccd   Thumb Code    58  stm32f4xx_hal_rcc.o(i.HAL_RCC_GetClockConfig)
    HAL_RCC_GetHCLKFreq                      0x08001d11   Thumb Code     6  stm32f4xx_hal_rcc.o(i.HAL_RCC_GetHCLKFreq)
    HAL_RCC_GetPCLK1Freq                     0x08001d1d   Thumb Code    22  stm32f4xx_hal_rcc.o(i.HAL_RCC_GetPCLK1Freq)
    HAL_RCC_GetPCLK2Freq                     0x08001d3d   Thumb Code    22  stm32f4xx_hal_rcc.o(i.HAL_RCC_GetPCLK2Freq)
    HAL_RCC_GetSysClockFreq                  0x08001d5d   Thumb Code   162  stm32f4xx_hal_rcc.o(i.HAL_RCC_GetSysClockFreq)
    HAL_RCC_OscConfig                        0x08001e0d   Thumb Code  1172  stm32f4xx_hal_rcc.o(i.HAL_RCC_OscConfig)
    HAL_SPI_Init                             0x080022a9   Thumb Code   200  stm32f4xx_hal_spi.o(i.HAL_SPI_Init)
    HAL_SPI_MspInit                          0x08002371   Thumb Code   316  spi.o(i.HAL_SPI_MspInit)
    HAL_TIMEx_BreakCallback                  0x080024c9   Thumb Code     2  stm32f4xx_hal_tim_ex.o(i.HAL_TIMEx_BreakCallback)
    HAL_TIMEx_CommutCallback                 0x080024cb   Thumb Code     2  stm32f4xx_hal_tim_ex.o(i.HAL_TIMEx_CommutCallback)
    HAL_TIMEx_ConfigBreakDeadTime            0x080024cd   Thumb Code   116  stm32f4xx_hal_tim_ex.o(i.HAL_TIMEx_ConfigBreakDeadTime)
    HAL_TIMEx_MasterConfigSynchronization    0x08002541   Thumb Code   150  stm32f4xx_hal_tim_ex.o(i.HAL_TIMEx_MasterConfigSynchronization)
    HAL_TIM_Base_Init                        0x080025f5   Thumb Code   102  stm32f4xx_hal_tim.o(i.HAL_TIM_Base_Init)
    HAL_TIM_Base_MspInit                     0x0800265d   Thumb Code   232  tim.o(i.HAL_TIM_Base_MspInit)
    HAL_TIM_Base_Start                       0x0800275d   Thumb Code   126  stm32f4xx_hal_tim.o(i.HAL_TIM_Base_Start)
    HAL_TIM_Base_Start_IT                    0x080027f9   Thumb Code   138  stm32f4xx_hal_tim.o(i.HAL_TIM_Base_Start_IT)
    HAL_TIM_ConfigClockSource                0x080028a1   Thumb Code   268  stm32f4xx_hal_tim.o(i.HAL_TIM_ConfigClockSource)
    HAL_TIM_IC_CaptureCallback               0x080029ad   Thumb Code     2  stm32f4xx_hal_tim.o(i.HAL_TIM_IC_CaptureCallback)
    HAL_TIM_IRQHandler                       0x080029af   Thumb Code   406  stm32f4xx_hal_tim.o(i.HAL_TIM_IRQHandler)
    HAL_TIM_MspPostInit                      0x08002b45   Thumb Code   420  tim.o(i.HAL_TIM_MspPostInit)
    HAL_TIM_OC_DelayElapsedCallback          0x08002d19   Thumb Code     2  stm32f4xx_hal_tim.o(i.HAL_TIM_OC_DelayElapsedCallback)
    HAL_TIM_PWM_ConfigChannel                0x08002d1b   Thumb Code   260  stm32f4xx_hal_tim.o(i.HAL_TIM_PWM_ConfigChannel)
    HAL_TIM_PWM_Init                         0x08002e1f   Thumb Code   102  stm32f4xx_hal_tim.o(i.HAL_TIM_PWM_Init)
    HAL_TIM_PWM_MspInit                      0x08002e85   Thumb Code     2  stm32f4xx_hal_tim.o(i.HAL_TIM_PWM_MspInit)
    HAL_TIM_PWM_PulseFinishedCallback        0x08002e87   Thumb Code     2  stm32f4xx_hal_tim.o(i.HAL_TIM_PWM_PulseFinishedCallback)
    HAL_TIM_PWM_Start                        0x08002e89   Thumb Code   238  stm32f4xx_hal_tim.o(i.HAL_TIM_PWM_Start)
    HAL_TIM_PeriodElapsedCallback            0x08002f95   Thumb Code    18  main.o(i.HAL_TIM_PeriodElapsedCallback)
    HAL_TIM_TriggerCallback                  0x08002fad   Thumb Code     2  stm32f4xx_hal_tim.o(i.HAL_TIM_TriggerCallback)
    HAL_UART_Init                            0x08002faf   Thumb Code   114  stm32f4xx_hal_uart.o(i.HAL_UART_Init)
    HAL_UART_MspInit                         0x08003021   Thumb Code   208  usart.o(i.HAL_UART_MspInit)
    HardFault_Handler                        0x08003105   Thumb Code     4  stm32f4xx_it.o(i.HardFault_Handler)
    MX_CAN1_Init                             0x08003109   Thumb Code    58  can.o(i.MX_CAN1_Init)
    MX_CAN2_Init                             0x0800314d   Thumb Code    58  can.o(i.MX_CAN2_Init)
    MX_DMA_Init                              0x08003191   Thumb Code   114  dma.o(i.MX_DMA_Init)
    MX_FREERTOS_Init                         0x08003209   Thumb Code    78  freertos.o(i.MX_FREERTOS_Init)
    MX_GPIO_Init                             0x08003269   Thumb Code   246  gpio.o(i.MX_GPIO_Init)
    MX_I2C3_Init                             0x08003365   Thumb Code    48  i2c.o(i.MX_I2C3_Init)
    MX_SPI1_Init                             0x080033a1   Thumb Code    62  spi.o(i.MX_SPI1_Init)
    MX_TIM10_Init                            0x080033e9   Thumb Code   100  tim.o(i.MX_TIM10_Init)
    MX_TIM1_Init                             0x08003455   Thumb Code   238  tim.o(i.MX_TIM1_Init)
    MX_TIM4_Init                             0x0800354d   Thumb Code   154  tim.o(i.MX_TIM4_Init)
    MX_TIM5_Init                             0x080035f1   Thumb Code   186  tim.o(i.MX_TIM5_Init)
    MX_TIM8_Init                             0x080036b5   Thumb Code   238  tim.o(i.MX_TIM8_Init)
    MX_USART3_UART_Init                      0x080037ad   Thumb Code    48  usart.o(i.MX_USART3_UART_Init)
    MemManage_Handler                        0x080037e9   Thumb Code     4  stm32f4xx_it.o(i.MemManage_Handler)
    NMI_Handler                              0x080037ed   Thumb Code     4  stm32f4xx_it.o(i.NMI_Handler)
    PID_calc                                 0x080037f1   Thumb Code   492  pid.o(i.PID_calc)
    PID_init                                 0x080039e1   Thumb Code    78  pid.o(i.PID_init)
    RC_init                                  0x08003a35   Thumb Code   142  bsp_rc.o(i.RC_init)
    SysTick_Handler                          0x08003ad1   Thumb Code    46  port.o(i.SysTick_Handler)
    SystemClock_Config                       0x08003b05   Thumb Code   170  main.o(i.SystemClock_Config)
    SystemInit                               0x08003bb9   Thumb Code    14  system_stm32f4xx.o(i.SystemInit)
    TIM8_TRG_COM_TIM14_IRQHandler            0x08003bcd   Thumb Code    16  stm32f4xx_it.o(i.TIM8_TRG_COM_TIM14_IRQHandler)
    TIM_Base_SetConfig                       0x08003be5   Thumb Code   170  stm32f4xx_hal_tim.o(i.TIM_Base_SetConfig)
    TIM_CCxChannelCmd                        0x08003cbd   Thumb Code    34  stm32f4xx_hal_tim.o(i.TIM_CCxChannelCmd)
    TIM_ETR_SetConfig                        0x08003cdf   Thumb Code    22  stm32f4xx_hal_tim.o(i.TIM_ETR_SetConfig)
    TIM_OC2_SetConfig                        0x08003d79   Thumb Code   114  stm32f4xx_hal_tim.o(i.TIM_OC2_SetConfig)
    USART3_IRQHandler                        0x0800413d   Thumb Code   264  remote_control.o(i.USART3_IRQHandler)
    UsageFault_Handler                       0x08004261   Thumb Code     4  stm32f4xx_it.o(i.UsageFault_Handler)
    __hardfp_fabs                            0x0800429d   Thumb Code    20  fabs.o(i.__hardfp_fabs)
    __hardfp_round                           0x080042b1   Thumb Code   194  round.o(i.__hardfp_round)
    buzzer_init                              0x08004391   Thumb Code    18  bsp_buzzer.o(i.buzzer_init)
    can_filter_init                          0x080043a9   Thumb Code    84  bsp_can.o(i.can_filter_init)
    default_task                             0x08004405   Thumb Code   136  default_task.o(i.default_task)
    get_fric1_motor_measure_point            0x08004491   Thumb Code     4  can_receive.o(i.get_fric1_motor_measure_point)
    get_fric2_motor_measure_point            0x08004499   Thumb Code     4  can_receive.o(i.get_fric2_motor_measure_point)
    get_remote_control_point                 0x080044dd   Thumb Code     4  remote_control.o(i.get_remote_control_point)
    get_trigger_motor_measure_point          0x08004559   Thumb Code     4  can_receive.o(i.get_trigger_motor_measure_point)
    ins_task                                 0x08004561   Thumb Code    12  freertos.o(i.ins_task)
    loop_fp32_constrain                      0x0800456d   Thumb Code    96  user_lib.o(i.loop_fp32_constrain)
    main                                     0x080045cd   Thumb Code    84  main.o(i.main)
    osDelay                                  0x0800462f   Thumb Code    24  cmsis_os.o(i.osDelay)
    osKernelStart                            0x08004647   Thumb Code    10  cmsis_os.o(i.osKernelStart)
    osThreadCreate                           0x08004651   Thumb Code    94  cmsis_os.o(i.osThreadCreate)
    pvPortMalloc                             0x08004b4d   Thumb Code   306  heap_4.o(i.pvPortMalloc)
    pxPortInitialiseStack                    0x08004c99   Thumb Code    38  port.o(i.pxPortInitialiseStack)
    remote_control_init                      0x08004cc5   Thumb Code    16  remote_control.o(i.remote_control_init)
    servo_pwm_init                           0x08004db5   Thumb Code    72  bsp_servo_pwm.o(i.servo_pwm_init)
    shoot_task                               0x08005569   Thumb Code    68  shoot_task.o(i.shoot_task)
    uxListRemove                             0x0800567d   Thumb Code    40  list.o(i.uxListRemove)
    vApplicationGetIdleTaskMemory            0x080056a5   Thumb Code    14  freertos.o(i.vApplicationGetIdleTaskMemory)
    vListInitialise                          0x080056bd   Thumb Code    26  list.o(i.vListInitialise)
    vListInitialiseItem                      0x080056d7   Thumb Code     6  list.o(i.vListInitialiseItem)
    vListInsert                              0x080056dd   Thumb Code    52  list.o(i.vListInsert)
    vListInsertEnd                           0x08005711   Thumb Code    24  list.o(i.vListInsertEnd)
    vPortEnterCritical                       0x08005729   Thumb Code    76  port.o(i.vPortEnterCritical)
    vPortExitCritical                        0x0800577d   Thumb Code    56  port.o(i.vPortExitCritical)
    vPortFree                                0x080057b9   Thumb Code   150  heap_4.o(i.vPortFree)
    vPortSetupTimerInterrupt                 0x0800585d   Thumb Code    36  port.o(i.vPortSetupTimerInterrupt)
    vTaskDelay                               0x08005885   Thumb Code    82  tasks.o(i.vTaskDelay)
    vTaskStartScheduler                      0x080058e1   Thumb Code   146  tasks.o(i.vTaskStartScheduler)
    vTaskSuspendAll                          0x08005991   Thumb Code    12  tasks.o(i.vTaskSuspendAll)
    vTaskSwitchContext                       0x080059a1   Thumb Code   118  tasks.o(i.vTaskSwitchContext)
    xPortStartScheduler                      0x08005a2d   Thumb Code   330  port.o(i.xPortStartScheduler)
    xTaskCreate                              0x08005b95   Thumb Code   100  tasks.o(i.xTaskCreate)
    xTaskCreateStatic                        0x08005bf9   Thumb Code   186  tasks.o(i.xTaskCreateStatic)
    xTaskIncrementTick                       0x08005cb5   Thumb Code   282  tasks.o(i.xTaskIncrementTick)
    xTaskResumeAll                           0x08005dfd   Thumb Code   224  tasks.o(i.xTaskResumeAll)
    __aeabi_d2f                              0x08005f01   Thumb Code     0  d2f.o(x$fpl$d2f)
    _d2f                                     0x08005f01   Thumb Code    98  d2f.o(x$fpl$d2f)
    __aeabi_dadd                             0x08005f65   Thumb Code     0  daddsub_clz.o(x$fpl$dadd)
    _dadd                                    0x08005f65   Thumb Code   332  daddsub_clz.o(x$fpl$dadd)
    __fpl_dcmp_Inf                           0x080060b5   Thumb Code    24  dcmpi.o(x$fpl$dcmpinf)
    __aeabi_cdcmple                          0x080060cd   Thumb Code     0  dleqf.o(x$fpl$dleqf)
    _dcmple                                  0x080060cd   Thumb Code   120  dleqf.o(x$fpl$dleqf)
    __fpl_dcmple_InfNaN                      0x0800612f   Thumb Code     0  dleqf.o(x$fpl$dleqf)
    __aeabi_dmul                             0x08006145   Thumb Code     0  dmul.o(x$fpl$dmul)
    _dmul                                    0x08006145   Thumb Code   332  dmul.o(x$fpl$dmul)
    __fpl_dnaninf                            0x08006299   Thumb Code   156  dnaninf.o(x$fpl$dnaninf)
    __fpl_dretinf                            0x08006335   Thumb Code    12  dretinf.o(x$fpl$dretinf)
    __aeabi_cdrcmple                         0x08006341   Thumb Code     0  drleqf.o(x$fpl$drleqf)
    _drcmple                                 0x08006341   Thumb Code   108  drleqf.o(x$fpl$drleqf)
    _drnd                                    0x080063ad   Thumb Code   180  drnd.o(x$fpl$drnd)
    __aeabi_dsub                             0x08006461   Thumb Code     0  daddsub_clz.o(x$fpl$dsub)
    _dsub                                    0x08006461   Thumb Code   464  daddsub_clz.o(x$fpl$dsub)
    __aeabi_f2d                              0x08006635   Thumb Code     0  f2d.o(x$fpl$f2d)
    _f2d                                     0x08006635   Thumb Code    86  f2d.o(x$fpl$f2d)
    __fpl_fnaninf                            0x0800668b   Thumb Code   140  fnaninf.o(x$fpl$fnaninf)
    _fp_init                                 0x08006717   Thumb Code    10  fpinit.o(x$fpl$fpinit)
    __fplib_config_fpu_vfp                   0x0800671f   Thumb Code     0  fpinit.o(x$fpl$fpinit)
    __fplib_config_pureend_doubles           0x0800671f   Thumb Code     0  fpinit.o(x$fpl$fpinit)
    __fpl_fretinf                            0x08006721   Thumb Code    10  fretinf.o(x$fpl$fretinf)
    __I$use$fp                               0x0800672a   Number         0  usenofp.o(x$fpl$usenofp)
    AHBPrescTable                            0x08006788   Data          16  system_stm32f4xx.o(.constdata)
    APBPrescTable                            0x08006798   Data           8  system_stm32f4xx.o(.constdata)
    Region$$Table$$Base                      0x080067cc   Number         0  anon$$obj.o(Region$$Table)
    Region$$Table$$Limit                     0x080067ec   Number         0  anon$$obj.o(Region$$Table)
    defaultTaskHandle                        0x20000000   Data           4  freertos.o(.data)
    shootTaskHandle                          0x20000004   Data           4  freertos.o(.data)
    insTaskHandle                            0x20000008   Data           4  freertos.o(.data)
    uwTick                                   0x20000010   Data           4  stm32f4xx_hal.o(.data)
    uwTickPrio                               0x20000014   Data           4  stm32f4xx_hal.o(.data)
    uwTickFreq                               0x20000018   Data           1  stm32f4xx_hal.o(.data)
    SystemCoreClock                          0x2000001c   Data           4  system_stm32f4xx.o(.data)
    pxCurrentTCB                             0x2000004c   Data           4  tasks.o(.data)
    hcan1                                    0x20000308   Data          40  can.o(.bss)
    hcan2                                    0x20000330   Data          40  can.o(.bss)
    hi2c3                                    0x20000358   Data          84  i2c.o(.bss)
    hspi1                                    0x200003ac   Data          88  spi.o(.bss)
    hdma_spi1_rx                             0x20000404   Data          96  spi.o(.bss)
    hdma_spi1_tx                             0x20000464   Data          96  spi.o(.bss)
    htim1                                    0x200004c4   Data          72  tim.o(.bss)
    htim4                                    0x2000050c   Data          72  tim.o(.bss)
    htim5                                    0x20000554   Data          72  tim.o(.bss)
    htim8                                    0x2000059c   Data          72  tim.o(.bss)
    htim10                                   0x200005e4   Data          72  tim.o(.bss)
    huart3                                   0x2000062c   Data          68  usart.o(.bss)
    hdma_usart3_rx                           0x20000670   Data          96  usart.o(.bss)
    htim14                                   0x200006d0   Data          72  stm32f4xx_hal_timebase_tim.o(.bss)
    rc_ctrl                                  0x20000718   Data          22  remote_control.o(.bss)
    shoot_control                            0x200008b0   Data         304  shoot_task.o(.bss)
    __libspace_start                         0x200046d0   Data          96  libspace.o(.bss)
    __temporary_stack_top$libspace           0x20004730   Data           0  libspace.o(.bss)



==============================================================================

Memory Map of the image

  Image Entry point : 0x08000189

  Load Region LR_IROM1 (Base: 0x08000000, Size: 0x000068a0, Max: 0x00100000, ABSOLUTE)

    Execution Region ER_IROM1 (Exec base: 0x08000000, Load base: 0x08000000, Size: 0x000067ec, Max: 0x00100000, ABSOLUTE)

    Exec Addr    Load Addr    Size         Type   Attr      Idx    E Section Name        Object

    0x08000000   0x08000000   0x00000188   Data   RO            3    RESET               startup_stm32f407xx.o
    0x08000188   0x08000188   0x00000008   Code   RO         6536  * !!!main             c_w.l(__main.o)
    0x08000190   0x08000190   0x00000034   Code   RO         6746    !!!scatter          c_w.l(__scatter.o)
    0x080001c4   0x080001c4   0x0000001a   Code   RO         6748    !!handler_copy      c_w.l(__scatter_copy.o)
    0x080001de   0x080001de   0x00000002   PAD
    0x080001e0   0x080001e0   0x0000001c   Code   RO         6750    !!handler_zi        c_w.l(__scatter_zi.o)
    0x080001fc   0x080001fc   0x00000002   Code   RO         6614    .ARM.Collect$$libinit$$00000000  c_w.l(libinit.o)
    0x080001fe   0x080001fe   0x00000004   Code   RO         6626    .ARM.Collect$$libinit$$00000001  c_w.l(libinit2.o)
    0x08000202   0x08000202   0x00000000   Code   RO         6629    .ARM.Collect$$libinit$$00000004  c_w.l(libinit2.o)
    0x08000202   0x08000202   0x00000000   Code   RO         6632    .ARM.Collect$$libinit$$0000000A  c_w.l(libinit2.o)
    0x08000202   0x08000202   0x00000000   Code   RO         6634    .ARM.Collect$$libinit$$0000000C  c_w.l(libinit2.o)
    0x08000202   0x08000202   0x00000000   Code   RO         6636    .ARM.Collect$$libinit$$0000000E  c_w.l(libinit2.o)
    0x08000202   0x08000202   0x00000000   Code   RO         6639    .ARM.Collect$$libinit$$00000011  c_w.l(libinit2.o)
    0x08000202   0x08000202   0x00000000   Code   RO         6641    .ARM.Collect$$libinit$$00000013  c_w.l(libinit2.o)
    0x08000202   0x08000202   0x00000000   Code   RO         6643    .ARM.Collect$$libinit$$00000015  c_w.l(libinit2.o)
    0x08000202   0x08000202   0x00000000   Code   RO         6645    .ARM.Collect$$libinit$$00000017  c_w.l(libinit2.o)
    0x08000202   0x08000202   0x00000000   Code   RO         6647    .ARM.Collect$$libinit$$00000019  c_w.l(libinit2.o)
    0x08000202   0x08000202   0x00000000   Code   RO         6649    .ARM.Collect$$libinit$$0000001B  c_w.l(libinit2.o)
    0x08000202   0x08000202   0x00000000   Code   RO         6651    .ARM.Collect$$libinit$$0000001D  c_w.l(libinit2.o)
    0x08000202   0x08000202   0x00000000   Code   RO         6653    .ARM.Collect$$libinit$$0000001F  c_w.l(libinit2.o)
    0x08000202   0x08000202   0x00000000   Code   RO         6655    .ARM.Collect$$libinit$$00000021  c_w.l(libinit2.o)
    0x08000202   0x08000202   0x00000000   Code   RO         6657    .ARM.Collect$$libinit$$00000023  c_w.l(libinit2.o)
    0x08000202   0x08000202   0x00000000   Code   RO         6659    .ARM.Collect$$libinit$$00000025  c_w.l(libinit2.o)
    0x08000202   0x08000202   0x00000000   Code   RO         6663    .ARM.Collect$$libinit$$0000002C  c_w.l(libinit2.o)
    0x08000202   0x08000202   0x00000000   Code   RO         6665    .ARM.Collect$$libinit$$0000002E  c_w.l(libinit2.o)
    0x08000202   0x08000202   0x00000000   Code   RO         6667    .ARM.Collect$$libinit$$00000030  c_w.l(libinit2.o)
    0x08000202   0x08000202   0x00000000   Code   RO         6669    .ARM.Collect$$libinit$$00000032  c_w.l(libinit2.o)
    0x08000202   0x08000202   0x00000002   Code   RO         6670    .ARM.Collect$$libinit$$00000033  c_w.l(libinit2.o)
    0x08000204   0x08000204   0x00000002   Code   RO         6701    .ARM.Collect$$libshutdown$$00000000  c_w.l(libshutdown.o)
    0x08000206   0x08000206   0x00000000   Code   RO         6727    .ARM.Collect$$libshutdown$$00000002  c_w.l(libshutdown2.o)
    0x08000206   0x08000206   0x00000000   Code   RO         6729    .ARM.Collect$$libshutdown$$00000004  c_w.l(libshutdown2.o)
    0x08000206   0x08000206   0x00000000   Code   RO         6731    .ARM.Collect$$libshutdown$$00000006  c_w.l(libshutdown2.o)
    0x08000206   0x08000206   0x00000000   Code   RO         6734    .ARM.Collect$$libshutdown$$00000009  c_w.l(libshutdown2.o)
    0x08000206   0x08000206   0x00000000   Code   RO         6737    .ARM.Collect$$libshutdown$$0000000C  c_w.l(libshutdown2.o)
    0x08000206   0x08000206   0x00000000   Code   RO         6739    .ARM.Collect$$libshutdown$$0000000E  c_w.l(libshutdown2.o)
    0x08000206   0x08000206   0x00000000   Code   RO         6742    .ARM.Collect$$libshutdown$$00000011  c_w.l(libshutdown2.o)
    0x08000206   0x08000206   0x00000002   Code   RO         6743    .ARM.Collect$$libshutdown$$00000012  c_w.l(libshutdown2.o)
    0x08000208   0x08000208   0x00000000   Code   RO         6558    .ARM.Collect$$rtentry$$00000000  c_w.l(__rtentry.o)
    0x08000208   0x08000208   0x00000000   Code   RO         6585    .ARM.Collect$$rtentry$$00000002  c_w.l(__rtentry2.o)
    0x08000208   0x08000208   0x00000006   Code   RO         6597    .ARM.Collect$$rtentry$$00000004  c_w.l(__rtentry4.o)
    0x0800020e   0x0800020e   0x00000000   Code   RO         6587    .ARM.Collect$$rtentry$$00000009  c_w.l(__rtentry2.o)
    0x0800020e   0x0800020e   0x00000004   Code   RO         6588    .ARM.Collect$$rtentry$$0000000A  c_w.l(__rtentry2.o)
    0x08000212   0x08000212   0x00000000   Code   RO         6590    .ARM.Collect$$rtentry$$0000000C  c_w.l(__rtentry2.o)
    0x08000212   0x08000212   0x00000008   Code   RO         6591    .ARM.Collect$$rtentry$$0000000D  c_w.l(__rtentry2.o)
    0x0800021a   0x0800021a   0x00000002   Code   RO         6618    .ARM.Collect$$rtexit$$00000000  c_w.l(rtexit.o)
    0x0800021c   0x0800021c   0x00000000   Code   RO         6674    .ARM.Collect$$rtexit$$00000002  c_w.l(rtexit2.o)
    0x0800021c   0x0800021c   0x00000004   Code   RO         6675    .ARM.Collect$$rtexit$$00000003  c_w.l(rtexit2.o)
    0x08000220   0x08000220   0x00000006   Code   RO         6676    .ARM.Collect$$rtexit$$00000004  c_w.l(rtexit2.o)
    0x08000226   0x08000226   0x00000002   PAD
    0x08000228   0x08000228   0x000000be   Code   RO         6375    .emb_text           port.o
    0x080002e6   0x080002e6   0x00000002   PAD
    0x080002e8   0x080002e8   0x00000040   Code   RO            4    .text               startup_stm32f407xx.o
    0x08000328   0x08000328   0x000000ee   Code   RO         6520    .text               c_w.l(lludivv7m.o)
    0x08000416   0x08000416   0x00000064   Code   RO         6526    .text               c_w.l(rt_memcpy_w.o)
    0x0800047a   0x0800047a   0x00000010   Code   RO         6530    .text               c_w.l(aeabi_memset.o)
    0x0800048a   0x0800048a   0x0000004e   Code   RO         6532    .text               c_w.l(rt_memclr_w.o)
    0x080004d8   0x080004d8   0x00000006   Code   RO         6534    .text               c_w.l(heapauxi.o)
    0x080004de   0x080004de   0x00000044   Code   RO         6563    .text               c_w.l(rt_memclr.o)
    0x08000522   0x08000522   0x0000004a   Code   RO         6601    .text               c_w.l(sys_stackheap_outer.o)
    0x0800056c   0x0800056c   0x00000012   Code   RO         6603    .text               c_w.l(exit.o)
    0x0800057e   0x0800057e   0x00000002   PAD
    0x08000580   0x08000580   0x00000008   Code   RO         6615    .text               c_w.l(libspace.o)
    0x08000588   0x08000588   0x0000000c   Code   RO         6671    .text               c_w.l(sys_exit.o)
    0x08000594   0x08000594   0x00000002   Code   RO         6690    .text               c_w.l(use_no_semi.o)
    0x08000596   0x08000596   0x00000000   Code   RO         6692    .text               c_w.l(indicate_semi.o)
    0x08000596   0x08000596   0x00000004   Code   RO          607    i.BusFault_Handler  stm32f4xx_it.o
    0x0800059a   0x0800059a   0x00000002   PAD
    0x0800059c   0x0800059c   0x00000010   Code   RO          608    i.CAN1_RX0_IRQHandler  stm32f4xx_it.o
    0x080005ac   0x080005ac   0x00000010   Code   RO          609    i.CAN2_RX0_IRQHandler  stm32f4xx_it.o
    0x080005bc   0x080005bc   0x00000050   Code   RO         4534    i.CAN_cmd_shoot     can_receive.o
    0x0800060c   0x0800060c   0x00000010   Code   RO          610    i.DMA1_Stream1_IRQHandler  stm32f4xx_it.o
    0x0800061c   0x0800061c   0x00000010   Code   RO          611    i.DMA2_Stream2_IRQHandler  stm32f4xx_it.o
    0x0800062c   0x0800062c   0x00000010   Code   RO          612    i.DMA2_Stream3_IRQHandler  stm32f4xx_it.o
    0x0800063c   0x0800063c   0x00000034   Code   RO         1502    i.DMA_CalcBaseAndBitshift  stm32f4xx_hal_dma.o
    0x08000670   0x08000670   0x000000aa   Code   RO         1503    i.DMA_CheckFifoParam  stm32f4xx_hal_dma.o
    0x0800071a   0x0800071a   0x00000002   Code   RO          613    i.DebugMon_Handler  stm32f4xx_it.o
    0x0800071c   0x0800071c   0x00000006   Code   RO           13    i.Error_Handler     main.o
    0x08000722   0x08000722   0x0000002a   Code   RO          765    i.HAL_CAN_ActivateNotification  stm32f4xx_hal_can.o
    0x0800074c   0x0800074c   0x00000156   Code   RO          766    i.HAL_CAN_AddTxMessage  stm32f4xx_hal_can.o
    0x080008a2   0x080008a2   0x00000002   PAD
    0x080008a4   0x080008a4   0x00000124   Code   RO          767    i.HAL_CAN_ConfigFilter  stm32f4xx_hal_can.o
    0x080009c8   0x080009c8   0x00000002   Code   RO          770    i.HAL_CAN_ErrorCallback  stm32f4xx_hal_can.o
    0x080009ca   0x080009ca   0x0000017a   Code   RO          773    i.HAL_CAN_GetRxMessage  stm32f4xx_hal_can.o
    0x08000b44   0x08000b44   0x0000024e   Code   RO          777    i.HAL_CAN_IRQHandler  stm32f4xx_hal_can.o
    0x08000d92   0x08000d92   0x00000174   Code   RO          778    i.HAL_CAN_Init      stm32f4xx_hal_can.o
    0x08000f06   0x08000f06   0x00000002   PAD
    0x08000f08   0x08000f08   0x00000160   Code   RO          337    i.HAL_CAN_MspInit   can.o
    0x08001068   0x08001068   0x00000002   Code   RO          785    i.HAL_CAN_RxFifo0FullCallback  stm32f4xx_hal_can.o
    0x0800106a   0x0800106a   0x00000002   PAD
    0x0800106c   0x0800106c   0x00000078   Code   RO         4535    i.HAL_CAN_RxFifo0MsgPendingCallback  can_receive.o
    0x080010e4   0x080010e4   0x00000002   Code   RO          787    i.HAL_CAN_RxFifo1FullCallback  stm32f4xx_hal_can.o
    0x080010e6   0x080010e6   0x00000002   Code   RO          788    i.HAL_CAN_RxFifo1MsgPendingCallback  stm32f4xx_hal_can.o
    0x080010e8   0x080010e8   0x00000002   Code   RO          789    i.HAL_CAN_SleepCallback  stm32f4xx_hal_can.o
    0x080010ea   0x080010ea   0x0000005e   Code   RO          790    i.HAL_CAN_Start     stm32f4xx_hal_can.o
    0x08001148   0x08001148   0x00000002   Code   RO          792    i.HAL_CAN_TxMailbox0AbortCallback  stm32f4xx_hal_can.o
    0x0800114a   0x0800114a   0x00000002   Code   RO          793    i.HAL_CAN_TxMailbox0CompleteCallback  stm32f4xx_hal_can.o
    0x0800114c   0x0800114c   0x00000002   Code   RO          794    i.HAL_CAN_TxMailbox1AbortCallback  stm32f4xx_hal_can.o
    0x0800114e   0x0800114e   0x00000002   Code   RO          795    i.HAL_CAN_TxMailbox1CompleteCallback  stm32f4xx_hal_can.o
    0x08001150   0x08001150   0x00000002   Code   RO          796    i.HAL_CAN_TxMailbox2AbortCallback  stm32f4xx_hal_can.o
    0x08001152   0x08001152   0x00000002   Code   RO          797    i.HAL_CAN_TxMailbox2CompleteCallback  stm32f4xx_hal_can.o
    0x08001154   0x08001154   0x00000002   Code   RO          799    i.HAL_CAN_WakeUpFromRxMsgCallback  stm32f4xx_hal_can.o
    0x08001156   0x08001156   0x00000002   PAD
    0x08001158   0x08001158   0x00000240   Code   RO         1510    i.HAL_DMA_IRQHandler  stm32f4xx_hal_dma.o
    0x08001398   0x08001398   0x000000ec   Code   RO         1511    i.HAL_DMA_Init      stm32f4xx_hal_dma.o
    0x08001484   0x08001484   0x000001f4   Code   RO         1398    i.HAL_GPIO_Init     stm32f4xx_hal_gpio.o
    0x08001678   0x08001678   0x0000000c   Code   RO         1402    i.HAL_GPIO_WritePin  stm32f4xx_hal_gpio.o
    0x08001684   0x08001684   0x0000000c   Code   RO         1935    i.HAL_GetTick       stm32f4xx_hal.o
    0x08001690   0x08001690   0x000001d0   Code   RO         2191    i.HAL_I2C_Init      stm32f4xx_hal_i2c.o
    0x08001860   0x08001860   0x000000c8   Code   RO          410    i.HAL_I2C_MspInit   i2c.o
    0x08001928   0x08001928   0x00000018   Code   RO         1941    i.HAL_IncTick       stm32f4xx_hal.o
    0x08001940   0x08001940   0x0000003c   Code   RO         1942    i.HAL_Init          stm32f4xx_hal.o
    0x0800197c   0x0800197c   0x000000b4   Code   RO          725    i.HAL_InitTick      stm32f4xx_hal_timebase_tim.o
    0x08001a30   0x08001a30   0x00000054   Code   RO          701    i.HAL_MspInit       stm32f4xx_hal_msp.o
    0x08001a84   0x08001a84   0x00000020   Code   RO         1787    i.HAL_NVIC_EnableIRQ  stm32f4xx_hal_cortex.o
    0x08001aa4   0x08001aa4   0x0000007c   Code   RO         1793    i.HAL_NVIC_SetPriority  stm32f4xx_hal_cortex.o
    0x08001b20   0x08001b20   0x00000028   Code   RO         1794    i.HAL_NVIC_SetPriorityGrouping  stm32f4xx_hal_cortex.o
    0x08001b48   0x08001b48   0x00000184   Code   RO          999    i.HAL_RCC_ClockConfig  stm32f4xx_hal_rcc.o
    0x08001ccc   0x08001ccc   0x00000044   Code   RO         1003    i.HAL_RCC_GetClockConfig  stm32f4xx_hal_rcc.o
    0x08001d10   0x08001d10   0x0000000c   Code   RO         1004    i.HAL_RCC_GetHCLKFreq  stm32f4xx_hal_rcc.o
    0x08001d1c   0x08001d1c   0x00000020   Code   RO         1006    i.HAL_RCC_GetPCLK1Freq  stm32f4xx_hal_rcc.o
    0x08001d3c   0x08001d3c   0x00000020   Code   RO         1007    i.HAL_RCC_GetPCLK2Freq  stm32f4xx_hal_rcc.o
    0x08001d5c   0x08001d5c   0x000000b0   Code   RO         1008    i.HAL_RCC_GetSysClockFreq  stm32f4xx_hal_rcc.o
    0x08001e0c   0x08001e0c   0x0000049c   Code   RO         1011    i.HAL_RCC_OscConfig  stm32f4xx_hal_rcc.o
    0x080022a8   0x080022a8   0x000000c8   Code   RO         2681    i.HAL_SPI_Init      stm32f4xx_hal_spi.o
    0x08002370   0x08002370   0x00000158   Code   RO          452    i.HAL_SPI_MspInit   spi.o
    0x080024c8   0x080024c8   0x00000002   Code   RO         3709    i.HAL_TIMEx_BreakCallback  stm32f4xx_hal_tim_ex.o
    0x080024ca   0x080024ca   0x00000002   Code   RO         3710    i.HAL_TIMEx_CommutCallback  stm32f4xx_hal_tim_ex.o
    0x080024cc   0x080024cc   0x00000074   Code   RO         3712    i.HAL_TIMEx_ConfigBreakDeadTime  stm32f4xx_hal_tim_ex.o
    0x08002540   0x08002540   0x000000b4   Code   RO         3728    i.HAL_TIMEx_MasterConfigSynchronization  stm32f4xx_hal_tim_ex.o
    0x080025f4   0x080025f4   0x00000066   Code   RO         2994    i.HAL_TIM_Base_Init  stm32f4xx_hal_tim.o
    0x0800265a   0x0800265a   0x00000002   PAD
    0x0800265c   0x0800265c   0x00000100   Code   RO          494    i.HAL_TIM_Base_MspInit  tim.o
    0x0800275c   0x0800275c   0x0000009c   Code   RO         2997    i.HAL_TIM_Base_Start  stm32f4xx_hal_tim.o
    0x080027f8   0x080027f8   0x000000a8   Code   RO         2999    i.HAL_TIM_Base_Start_IT  stm32f4xx_hal_tim.o
    0x080028a0   0x080028a0   0x0000010c   Code   RO         3003    i.HAL_TIM_ConfigClockSource  stm32f4xx_hal_tim.o
    0x080029ac   0x080029ac   0x00000002   Code   RO         3028    i.HAL_TIM_IC_CaptureCallback  stm32f4xx_hal_tim.o
    0x080029ae   0x080029ae   0x00000196   Code   RO         3042    i.HAL_TIM_IRQHandler  stm32f4xx_hal_tim.o
    0x08002b44   0x08002b44   0x000001d4   Code   RO          495    i.HAL_TIM_MspPostInit  tim.o
    0x08002d18   0x08002d18   0x00000002   Code   RO         3045    i.HAL_TIM_OC_DelayElapsedCallback  stm32f4xx_hal_tim.o
    0x08002d1a   0x08002d1a   0x00000104   Code   RO         3066    i.HAL_TIM_PWM_ConfigChannel  stm32f4xx_hal_tim.o
    0x08002e1e   0x08002e1e   0x00000066   Code   RO         3069    i.HAL_TIM_PWM_Init  stm32f4xx_hal_tim.o
    0x08002e84   0x08002e84   0x00000002   Code   RO         3071    i.HAL_TIM_PWM_MspInit  stm32f4xx_hal_tim.o
    0x08002e86   0x08002e86   0x00000002   Code   RO         3072    i.HAL_TIM_PWM_PulseFinishedCallback  stm32f4xx_hal_tim.o
    0x08002e88   0x08002e88   0x0000010c   Code   RO         3074    i.HAL_TIM_PWM_Start  stm32f4xx_hal_tim.o
    0x08002f94   0x08002f94   0x00000018   Code   RO           14    i.HAL_TIM_PeriodElapsedCallback  main.o
    0x08002fac   0x08002fac   0x00000002   Code   RO         3085    i.HAL_TIM_TriggerCallback  stm32f4xx_hal_tim.o
    0x08002fae   0x08002fae   0x00000072   Code   RO         4005    i.HAL_UART_Init     stm32f4xx_hal_uart.o
    0x08003020   0x08003020   0x000000e4   Code   RO          566    i.HAL_UART_MspInit  usart.o
    0x08003104   0x08003104   0x00000004   Code   RO          614    i.HardFault_Handler  stm32f4xx_it.o
    0x08003108   0x08003108   0x00000044   Code   RO          338    i.MX_CAN1_Init      can.o
    0x0800314c   0x0800314c   0x00000044   Code   RO          339    i.MX_CAN2_Init      can.o
    0x08003190   0x08003190   0x00000078   Code   RO          385    i.MX_DMA_Init       dma.o
    0x08003208   0x08003208   0x00000060   Code   RO          274    i.MX_FREERTOS_Init  freertos.o
    0x08003268   0x08003268   0x000000fc   Code   RO          250    i.MX_GPIO_Init      gpio.o
    0x08003364   0x08003364   0x0000003c   Code   RO          411    i.MX_I2C3_Init      i2c.o
    0x080033a0   0x080033a0   0x00000048   Code   RO          453    i.MX_SPI1_Init      spi.o
    0x080033e8   0x080033e8   0x0000006c   Code   RO          496    i.MX_TIM10_Init     tim.o
    0x08003454   0x08003454   0x000000f8   Code   RO          497    i.MX_TIM1_Init      tim.o
    0x0800354c   0x0800354c   0x000000a4   Code   RO          498    i.MX_TIM4_Init      tim.o
    0x080035f0   0x080035f0   0x000000c4   Code   RO          499    i.MX_TIM5_Init      tim.o
    0x080036b4   0x080036b4   0x000000f8   Code   RO          500    i.MX_TIM8_Init      tim.o
    0x080037ac   0x080037ac   0x0000003c   Code   RO          567    i.MX_USART3_UART_Init  usart.o
    0x080037e8   0x080037e8   0x00000004   Code   RO          615    i.MemManage_Handler  stm32f4xx_it.o
    0x080037ec   0x080037ec   0x00000004   Code   RO          616    i.NMI_Handler       stm32f4xx_it.o
    0x080037f0   0x080037f0   0x000001f0   Code   RO         6456    i.PID_calc          pid.o
    0x080039e0   0x080039e0   0x00000054   Code   RO         6458    i.PID_init          pid.o
    0x08003a34   0x08003a34   0x0000009c   Code   RO         4715    i.RC_init           bsp_rc.o
    0x08003ad0   0x08003ad0   0x00000034   Code   RO         6376    i.SysTick_Handler   port.o
    0x08003b04   0x08003b04   0x000000b4   Code   RO           15    i.SystemClock_Config  main.o
    0x08003bb8   0x08003bb8   0x00000014   Code   RO         4344    i.SystemInit        system_stm32f4xx.o
    0x08003bcc   0x08003bcc   0x00000018   Code   RO          617    i.TIM8_TRG_COM_TIM14_IRQHandler  stm32f4xx_it.o
    0x08003be4   0x08003be4   0x000000d8   Code   RO         3087    i.TIM_Base_SetConfig  stm32f4xx_hal_tim.o
    0x08003cbc   0x08003cbc   0x00000022   Code   RO         3088    i.TIM_CCxChannelCmd  stm32f4xx_hal_tim.o
    0x08003cde   0x08003cde   0x00000016   Code   RO         3098    i.TIM_ETR_SetConfig  stm32f4xx_hal_tim.o
    0x08003cf4   0x08003cf4   0x00000012   Code   RO         3099    i.TIM_ITRx_SetConfig  stm32f4xx_hal_tim.o
    0x08003d06   0x08003d06   0x00000002   PAD
    0x08003d08   0x08003d08   0x00000070   Code   RO         3100    i.TIM_OC1_SetConfig  stm32f4xx_hal_tim.o
    0x08003d78   0x08003d78   0x0000007c   Code   RO         3101    i.TIM_OC2_SetConfig  stm32f4xx_hal_tim.o
    0x08003df4   0x08003df4   0x00000078   Code   RO         3102    i.TIM_OC3_SetConfig  stm32f4xx_hal_tim.o
    0x08003e6c   0x08003e6c   0x00000054   Code   RO         3103    i.TIM_OC4_SetConfig  stm32f4xx_hal_tim.o
    0x08003ec0   0x08003ec0   0x00000026   Code   RO         3105    i.TIM_TI1_ConfigInputStage  stm32f4xx_hal_tim.o
    0x08003ee6   0x08003ee6   0x00000028   Code   RO         3107    i.TIM_TI2_ConfigInputStage  stm32f4xx_hal_tim.o
    0x08003f0e   0x08003f0e   0x00000002   PAD
    0x08003f10   0x08003f10   0x0000022c   Code   RO         4032    i.UART_SetConfig    stm32f4xx_hal_uart.o
    0x0800413c   0x0800413c   0x00000124   Code   RO         4380    i.USART3_IRQHandler  remote_control.o
    0x08004260   0x08004260   0x00000004   Code   RO          618    i.UsageFault_Handler  stm32f4xx_it.o
    0x08004264   0x08004264   0x00000010   Code   RO         1800    i.__NVIC_GetPriorityGrouping  stm32f4xx_hal_cortex.o
    0x08004274   0x08004274   0x00000028   Code   RO         1801    i.__NVIC_SetPriority  stm32f4xx_hal_cortex.o
    0x0800429c   0x0800429c   0x00000014   Code   RO         6548    i.__hardfp_fabs     m_wm.l(fabs.o)
    0x080042b0   0x080042b0   0x000000e0   Code   RO         6554    i.__hardfp_round    m_wm.l(round.o)
    0x08004390   0x08004390   0x00000018   Code   RO         4816    i.buzzer_init       bsp_buzzer.o
    0x080043a8   0x080043a8   0x0000005c   Code   RO         4873    i.can_filter_init   bsp_can.o
    0x08004404   0x08004404   0x0000008c   Code   RO         4501    i.default_task      default_task.o
    0x08004490   0x08004490   0x00000008   Code   RO         4537    i.get_fric1_motor_measure_point  can_receive.o
    0x08004498   0x08004498   0x00000008   Code   RO         4538    i.get_fric2_motor_measure_point  can_receive.o
    0x080044a0   0x080044a0   0x00000010   Code   RO         4539    i.get_moto_offset   can_receive.o
    0x080044b0   0x080044b0   0x0000002c   Code   RO         4540    i.get_motor_measure  can_receive.o
    0x080044dc   0x080044dc   0x00000008   Code   RO         4381    i.get_remote_control_point  remote_control.o
    0x080044e4   0x080044e4   0x00000074   Code   RO         4542    i.get_total_angle   can_receive.o
    0x08004558   0x08004558   0x00000008   Code   RO         4543    i.get_trigger_motor_measure_point  can_receive.o
    0x08004560   0x08004560   0x0000000c   Code   RO          276    i.ins_task          freertos.o
    0x0800456c   0x0800456c   0x00000060   Code   RO         6497    i.loop_fp32_constrain  user_lib.o
    0x080045cc   0x080045cc   0x00000054   Code   RO           16    i.main              main.o
    0x08004620   0x08004620   0x0000000e   Code   RO         5929    i.makeFreeRtosPriority  cmsis_os.o
    0x0800462e   0x0800462e   0x00000018   Code   RO         5931    i.osDelay           cmsis_os.o
    0x08004646   0x08004646   0x0000000a   Code   RO         5934    i.osKernelStart     cmsis_os.o
    0x08004650   0x08004650   0x0000005e   Code   RO         5968    i.osThreadCreate    cmsis_os.o
    0x080046ae   0x080046ae   0x00000002   PAD
    0x080046b0   0x080046b0   0x000000a4   Code   RO         5555    i.prvAddCurrentTaskToDelayedList  tasks.o
    0x08004754   0x08004754   0x000000b4   Code   RO         5556    i.prvAddNewTaskToReadyList  tasks.o
    0x08004808   0x08004808   0x00000048   Code   RO         5557    i.prvCheckTasksWaitingTermination  tasks.o
    0x08004850   0x08004850   0x00000050   Code   RO         5558    i.prvDeleteTCB      tasks.o
    0x080048a0   0x080048a0   0x0000007c   Code   RO         6308    i.prvHeapInit       heap_4.o
    0x0800491c   0x0800491c   0x00000028   Code   RO         5559    i.prvIdleTask       tasks.o
    0x08004944   0x08004944   0x000000c2   Code   RO         5560    i.prvInitialiseNewTask  tasks.o
    0x08004a06   0x08004a06   0x00000002   PAD
    0x08004a08   0x08004a08   0x00000068   Code   RO         5561    i.prvInitialiseTaskLists  tasks.o
    0x08004a70   0x08004a70   0x00000068   Code   RO         6309    i.prvInsertBlockIntoFreeList  heap_4.o
    0x08004ad8   0x08004ad8   0x00000034   Code   RO         5562    i.prvResetNextTaskUnblockTime  tasks.o
    0x08004b0c   0x08004b0c   0x00000040   Code   RO         6377    i.prvTaskExitError  port.o
    0x08004b4c   0x08004b4c   0x0000014c   Code   RO         6310    i.pvPortMalloc      heap_4.o
    0x08004c98   0x08004c98   0x0000002c   Code   RO         6378    i.pxPortInitialiseStack  port.o
    0x08004cc4   0x08004cc4   0x00000014   Code   RO         4382    i.remote_control_init  remote_control.o
    0x08004cd8   0x08004cd8   0x000000da   Code   RO         4383    i.sbus_to_rc        remote_control.o
    0x08004db2   0x08004db2   0x00000002   PAD
    0x08004db4   0x08004db4   0x00000050   Code   RO         4901    i.servo_pwm_init    bsp_servo_pwm.o
    0x08004e04   0x08004e04   0x000001c8   Code   RO         4640    i.shoot_bullet_control  shoot_task.o
    0x08004fcc   0x08004fcc   0x000001e4   Code   RO         4641    i.shoot_control_loop  shoot_task.o
    0x080051b0   0x080051b0   0x0000017c   Code   RO         4642    i.shoot_feedback_update  shoot_task.o
    0x0800532c   0x0800532c   0x000000ec   Code   RO         4643    i.shoot_init        shoot_task.o
    0x08005418   0x08005418   0x00000150   Code   RO         4644    i.shoot_set_mode    shoot_task.o
    0x08005568   0x08005568   0x00000048   Code   RO         4645    i.shoot_task        shoot_task.o
    0x080055b0   0x080055b0   0x000000cc   Code   RO         4646    i.trigger_motor_turn_back  shoot_task.o
    0x0800567c   0x0800567c   0x00000028   Code   RO         5168    i.uxListRemove      list.o
    0x080056a4   0x080056a4   0x00000018   Code   RO          278    i.vApplicationGetIdleTaskMemory  freertos.o
    0x080056bc   0x080056bc   0x0000001a   Code   RO         5169    i.vListInitialise   list.o
    0x080056d6   0x080056d6   0x00000006   Code   RO         5170    i.vListInitialiseItem  list.o
    0x080056dc   0x080056dc   0x00000034   Code   RO         5171    i.vListInsert       list.o
    0x08005710   0x08005710   0x00000018   Code   RO         5172    i.vListInsertEnd    list.o
    0x08005728   0x08005728   0x00000054   Code   RO         6380    i.vPortEnterCritical  port.o
    0x0800577c   0x0800577c   0x0000003c   Code   RO         6381    i.vPortExitCritical  port.o
    0x080057b8   0x080057b8   0x000000a4   Code   RO         6311    i.vPortFree         heap_4.o
    0x0800585c   0x0800585c   0x00000028   Code   RO         6382    i.vPortSetupTimerInterrupt  port.o
    0x08005884   0x08005884   0x0000005c   Code   RO         5575    i.vTaskDelay        tasks.o
    0x080058e0   0x080058e0   0x000000b0   Code   RO         5589    i.vTaskStartScheduler  tasks.o
    0x08005990   0x08005990   0x00000010   Code   RO         5591    i.vTaskSuspendAll   tasks.o
    0x080059a0   0x080059a0   0x0000008c   Code   RO         5592    i.vTaskSwitchContext  tasks.o
    0x08005a2c   0x08005a2c   0x00000168   Code   RO         6384    i.xPortStartScheduler  port.o
    0x08005b94   0x08005b94   0x00000064   Code   RO         5596    i.xTaskCreate       tasks.o
    0x08005bf8   0x08005bf8   0x000000ba   Code   RO         5597    i.xTaskCreateStatic  tasks.o
    0x08005cb2   0x08005cb2   0x00000002   PAD
    0x08005cb4   0x08005cb4   0x00000148   Code   RO         5605    i.xTaskIncrementTick  tasks.o
    0x08005dfc   0x08005dfc   0x00000104   Code   RO         5611    i.xTaskResumeAll    tasks.o
    0x08005f00   0x08005f00   0x00000062   Code   RO         6538    x$fpl$d2f           fz_wm.l(d2f.o)
    0x08005f62   0x08005f62   0x00000002   PAD
    0x08005f64   0x08005f64   0x00000150   Code   RO         6565    x$fpl$dadd          fz_wm.l(daddsub_clz.o)
    0x080060b4   0x080060b4   0x00000018   Code   RO         6571    x$fpl$dcmpinf       fz_wm.l(dcmpi.o)
    0x080060cc   0x080060cc   0x00000078   Code   RO         6540    x$fpl$dleqf         fz_wm.l(dleqf.o)
    0x08006144   0x08006144   0x00000154   Code   RO         6542    x$fpl$dmul          fz_wm.l(dmul.o)
    0x08006298   0x08006298   0x0000009c   Code   RO         6573    x$fpl$dnaninf       fz_wm.l(dnaninf.o)
    0x08006334   0x08006334   0x0000000c   Code   RO         6575    x$fpl$dretinf       fz_wm.l(dretinf.o)
    0x08006340   0x08006340   0x0000006c   Code   RO         6544    x$fpl$drleqf        fz_wm.l(drleqf.o)
    0x080063ac   0x080063ac   0x000000b4   Code   RO         6577    x$fpl$drnd          fz_wm.l(drnd.o)
    0x08006460   0x08006460   0x000001d4   Code   RO         6567    x$fpl$dsub          fz_wm.l(daddsub_clz.o)
    0x08006634   0x08006634   0x00000056   Code   RO         6546    x$fpl$f2d           fz_wm.l(f2d.o)
    0x0800668a   0x0800668a   0x0000008c   Code   RO         6579    x$fpl$fnaninf       fz_wm.l(fnaninf.o)
    0x08006716   0x08006716   0x0000000a   Code   RO         6686    x$fpl$fpinit        fz_wm.l(fpinit.o)
    0x08006720   0x08006720   0x0000000a   Code   RO         6581    x$fpl$fretinf       fz_wm.l(fretinf.o)
    0x0800672a   0x0800672a   0x00000000   Code   RO         6583    x$fpl$usenofp       fz_wm.l(usenofp.o)
    0x0800672a   0x0800672a   0x00000002   PAD
    0x0800672c   0x0800672c   0x00000054   Data   RO          280    .constdata          freertos.o
    0x08006780   0x08006780   0x00000008   Data   RO         1517    .constdata          stm32f4xx_hal_dma.o
    0x08006788   0x08006788   0x00000018   Data   RO         4345    .constdata          system_stm32f4xx.o
    0x080067a0   0x080067a0   0x0000000c   Data   RO         4648    .constdata          shoot_task.o
    0x080067ac   0x080067ac   0x0000001e   Data   RO          281    .conststring        freertos.o
    0x080067ca   0x080067ca   0x00000002   PAD
    0x080067cc   0x080067cc   0x00000020   Data   RO         6744    Region$$Table       anon$$obj.o


    Execution Region RW_IRAM1 (Exec base: 0x20000000, Load base: 0x080067ec, Size: 0x00004d30, Max: 0x0001c000, ABSOLUTE)

    Exec Addr    Load Addr    Size         Type   Attr      Idx    E Section Name        Object

    0x20000000   0x080067ec   0x0000000c   Data   RW          282    .data               freertos.o
    0x2000000c   0x080067f8   0x00000004   Data   RW          341    .data               can.o
    0x20000010   0x080067fc   0x00000009   Data   RW         1949    .data               stm32f4xx_hal.o
    0x20000019   0x08006805   0x00000003   PAD
    0x2000001c   0x08006808   0x00000004   Data   RW         4346    .data               system_stm32f4xx.o
    0x20000020   0x0800680c   0x00000002   Data   RW         4385    .data               remote_control.o
    0x20000022   0x0800680e   0x00000018   Data   RW         4546    .data               can_receive.o
    0x2000003a   0x08006826   0x00000002   PAD
    0x2000003c   0x08006828   0x0000000d   Data   RW         4649    .data               shoot_task.o
    0x20000049   0x08006835   0x00000003   PAD
    0x2000004c   0x08006838   0x0000003c   Data   RW         5614    .data               tasks.o
    0x20000088   0x08006874   0x00000020   Data   RW         6317    .data               heap_4.o
    0x200000a8   0x08006894   0x0000000c   Data   RW         6385    .data               port.o
    0x200000b4        -       0x00000254   Zero   RW          279    .bss                freertos.o
    0x20000308        -       0x00000050   Zero   RW          340    .bss                can.o
    0x20000358        -       0x00000054   Zero   RW          412    .bss                i2c.o
    0x200003ac        -       0x00000118   Zero   RW          454    .bss                spi.o
    0x200004c4        -       0x00000168   Zero   RW          501    .bss                tim.o
    0x2000062c        -       0x000000a4   Zero   RW          568    .bss                usart.o
    0x200006d0        -       0x00000048   Zero   RW          728    .bss                stm32f4xx_hal_timebase_tim.o
    0x20000718        -       0x0000005e   Zero   RW         4384    .bss                remote_control.o
    0x20000776   0x080068a0   0x00000002   PAD
    0x20000778        -       0x00000138   Zero   RW         4545    .bss                can_receive.o
    0x200008b0        -       0x00000130   Zero   RW         4647    .bss                shoot_task.o
    0x200009e0        -       0x000000f0   Zero   RW         5613    .bss                tasks.o
    0x20000ad0        -       0x00003c00   Zero   RW         6316    .bss                heap_4.o
    0x200046d0        -       0x00000060   Zero   RW         6616    .bss                c_w.l(libspace.o)
    0x20004730        -       0x00000200   Zero   RW            2    HEAP                startup_stm32f407xx.o
    0x20004930        -       0x00000400   Zero   RW            1    STACK               startup_stm32f407xx.o


    Execution Region RW_IRAM2 (Exec base: 0x2001c000, Load base: 0x080068a0, Size: 0x00000000, Max: 0x00004000, ABSOLUTE)

    **** No section assigned to this execution region ****


==============================================================================

Image component sizes


      Code (inc. data)   RO Data    RW Data    ZI Data      Debug   Object Name

        24          6          0          0          0        474   bsp_buzzer.o
        92          8          0          0          0        574   bsp_can.o
       156         14          0          0          0     594010   bsp_rc.o
        80          8          0          0          0        513   bsp_servo_pwm.o
       488         44          0          4         80       2438   can.o
       400         38          0         24        312       6654   can_receive.o
       142          0          0          0          0      22871   cmsis_os.o
       140          4          0          0          0       1783   default_task.o
       120          6          0          0          0        822   dma.o
         0          0          0          0          0      16604   event_groups.o
       132         28        114         12        596       2684   freertos.o
       252          6          0          0          0       1055   gpio.o
       724         74          0         32      15360       7419   heap_4.o
       260         30          0          0         84       1725   i2c.o
       148          0          0          0          0       3566   list.o
       294         16          0          0          0     750800   main.o
       580         10          0          0          0       2550   pid.o
       894         78          0         12          0      11140   port.o
       538         36          0          2         94     597607   remote_control.o
      2168        168         12         13        304       9745   shoot_task.o
       416         38          0          0        280       1931   spi.o
        64         26        392          0       1536        844   startup_stm32f407xx.o
        96         20          0          9          0       8086   stm32f4xx_hal.o
      2134          6          0          0          0      14327   stm32f4xx_hal_can.o
       252         22          0          0          0      33678   stm32f4xx_hal_cortex.o
      1034         16          8          0          0       3892   stm32f4xx_hal_dma.o
       512         46          0          0          0       2108   stm32f4xx_hal_gpio.o
       464         18          0          0          0       2071   stm32f4xx_hal_i2c.o
        84          6          0          0          0        862   stm32f4xx_hal_msp.o
      1888         94          0          0          0       6281   stm32f4xx_hal_rcc.o
       200          0          0          0          0       1187   stm32f4xx_hal_spi.o
      2548        172          0          0          0      17165   stm32f4xx_hal_tim.o
       300         30          0          0          0       3321   stm32f4xx_hal_tim_ex.o
       180         20          0          0         72       1468   stm32f4xx_hal_timebase_tim.o
       670         10          0          0          0       1860   stm32f4xx_hal_uart.o
       126         38          0          0          0       5871   stm32f4xx_it.o
         0          0          0          0          0        392   stream_buffer.o
        20          6         24          4          0       1127   system_stm32f4xx.o
      2184        272          0         60        240      20517   tasks.o
      1688        120          0          0        360       5994   tim.o
       288         32          0          0        164       1809   usart.o
        96          0          0          0          0        838   user_lib.o

    ----------------------------------------------------------------------
     22902       1566        584        180      19484    2170663   Object Totals
         0          0         32          0          0          0   (incl. Generated)
        26          0          2          8          2          0   (incl. Padding)

    ----------------------------------------------------------------------

      Code (inc. data)   RO Data    RW Data    ZI Data      Debug   Library Member Name

         8          0          0          0          0         68   __main.o
         0          0          0          0          0          0   __rtentry.o
        12          0          0          0          0          0   __rtentry2.o
         6          0          0          0          0          0   __rtentry4.o
        52          8          0          0          0          0   __scatter.o
        26          0          0          0          0          0   __scatter_copy.o
        28          0          0          0          0          0   __scatter_zi.o
        16          0          0          0          0         68   aeabi_memset.o
        18          0          0          0          0         80   exit.o
         6          0          0          0          0        152   heapauxi.o
         0          0          0          0          0          0   indicate_semi.o
         2          0          0          0          0          0   libinit.o
         6          0          0          0          0          0   libinit2.o
         2          0          0          0          0          0   libshutdown.o
         2          0          0          0          0          0   libshutdown2.o
         8          4          0          0         96         68   libspace.o
       238          0          0          0          0        100   lludivv7m.o
        68          0          0          0          0         68   rt_memclr.o
        78          0          0          0          0         80   rt_memclr_w.o
       100          0          0          0          0         80   rt_memcpy_w.o
         2          0          0          0          0          0   rtexit.o
        10          0          0          0          0          0   rtexit2.o
        12          4          0          0          0         68   sys_exit.o
        74          0          0          0          0         80   sys_stackheap_outer.o
         2          0          0          0          0         68   use_no_semi.o
        98          4          0          0          0        140   d2f.o
       804         16          0          0          0        368   daddsub_clz.o
        24          0          0          0          0        116   dcmpi.o
       120          4          0          0          0        140   dleqf.o
       340         12          0          0          0        152   dmul.o
       156          4          0          0          0        140   dnaninf.o
        12          0          0          0          0        116   dretinf.o
       108          0          0          0          0        128   drleqf.o
       180          4          0          0          0        128   drnd.o
        86          4          0          0          0        132   f2d.o
       140          4          0          0          0        132   fnaninf.o
        10          0          0          0          0        116   fpinit.o
        10          0          0          0          0        116   fretinf.o
         0          0          0          0          0          0   usenofp.o
        20          0          0          0          0        124   fabs.o
       224         30          0          0          0        172   round.o

    ----------------------------------------------------------------------
      3118         98          0          0         96       3200   Library Totals
        10          0          0          0          0          0   (incl. Padding)

    ----------------------------------------------------------------------

      Code (inc. data)   RO Data    RW Data    ZI Data      Debug   Library Name

       776         16          0          0         96        980   c_w.l
      2088         52          0          0          0       1924   fz_wm.l
       244         30          0          0          0        296   m_wm.l

    ----------------------------------------------------------------------
      3118         98          0          0         96       3200   Library Totals

    ----------------------------------------------------------------------

==============================================================================


      Code (inc. data)   RO Data    RW Data    ZI Data      Debug   

     26020       1664        584        180      19580    2155447   Grand Totals
     26020       1664        584        180      19580    2155447   ELF Image Totals
     26020       1664        584        180          0          0   ROM Totals

==============================================================================

    Total RO  Size (Code + RO Data)                26604 (  25.98kB)
    Total RW  Size (RW Data + ZI Data)             19760 (  19.30kB)
    Total ROM Size (Code + RO Data + RW Data)      26784 (  26.16kB)

==============================================================================

