Component: ARM Compiler 5.06 update 6 (build 750) Tool: armlink [4d35ed]

==============================================================================

Section Cross References

    startup_stm32f407xx.o(STACK) refers (Special) to heapauxi.o(.text) for __use_two_region_memory
    startup_stm32f407xx.o(HEAP) refers (Special) to heapauxi.o(.text) for __use_two_region_memory
    startup_stm32f407xx.o(RESET) refers (Special) to heapauxi.o(.text) for __use_two_region_memory
    startup_stm32f407xx.o(RESET) refers to startup_stm32f407xx.o(STACK) for __initial_sp
    startup_stm32f407xx.o(RESET) refers to startup_stm32f407xx.o(.text) for Reset_Handler
    startup_stm32f407xx.o(RESET) refers to stm32f4xx_it.o(i.NMI_Handler) for NMI_Handler
    startup_stm32f407xx.o(RESET) refers to stm32f4xx_it.o(i.HardFault_Handler) for HardFault_Handler
    startup_stm32f407xx.o(RESET) refers to stm32f4xx_it.o(i.MemManage_Handler) for MemManage_Handler
    startup_stm32f407xx.o(RESET) refers to stm32f4xx_it.o(i.BusFault_Handler) for BusFault_Handler
    startup_stm32f407xx.o(RESET) refers to stm32f4xx_it.o(i.UsageFault_Handler) for UsageFault_Handler
    startup_stm32f407xx.o(RESET) refers to port.o(.emb_text) for SVC_Handler
    startup_stm32f407xx.o(RESET) refers to stm32f4xx_it.o(i.DebugMon_Handler) for DebugMon_Handler
    startup_stm32f407xx.o(RESET) refers to port.o(i.SysTick_Handler) for SysTick_Handler
    startup_stm32f407xx.o(RESET) refers to stm32f4xx_it.o(i.EXTI0_IRQHandler) for EXTI0_IRQHandler
    startup_stm32f407xx.o(RESET) refers to stm32f4xx_it.o(i.EXTI3_IRQHandler) for EXTI3_IRQHandler
    startup_stm32f407xx.o(RESET) refers to stm32f4xx_it.o(i.EXTI4_IRQHandler) for EXTI4_IRQHandler
    startup_stm32f407xx.o(RESET) refers to stm32f4xx_it.o(i.CAN1_RX0_IRQHandler) for CAN1_RX0_IRQHandler
    startup_stm32f407xx.o(RESET) refers to stm32f4xx_it.o(i.EXTI9_5_IRQHandler) for EXTI9_5_IRQHandler
    startup_stm32f407xx.o(RESET) refers to remote_control.o(i.USART3_IRQHandler) for USART3_IRQHandler
    startup_stm32f407xx.o(RESET) refers to stm32f4xx_it.o(i.TIM8_TRG_COM_TIM14_IRQHandler) for TIM8_TRG_COM_TIM14_IRQHandler
    startup_stm32f407xx.o(RESET) refers to ins_task.o(i.DMA2_Stream2_IRQHandler) for DMA2_Stream2_IRQHandler
    startup_stm32f407xx.o(RESET) refers to stm32f4xx_it.o(i.CAN2_RX0_IRQHandler) for CAN2_RX0_IRQHandler
    startup_stm32f407xx.o(.text) refers (Special) to heapauxi.o(.text) for __use_two_region_memory
    startup_stm32f407xx.o(.text) refers to system_stm32f4xx.o(i.SystemInit) for SystemInit
    startup_stm32f407xx.o(.text) refers to __main.o(!!!main) for __main
    startup_stm32f407xx.o(.text) refers to startup_stm32f407xx.o(HEAP) for Heap_Mem
    startup_stm32f407xx.o(.text) refers to startup_stm32f407xx.o(STACK) for Stack_Mem
    main.o(i.HAL_TIM_PeriodElapsedCallback) refers to stm32f4xx_hal.o(i.HAL_IncTick) for HAL_IncTick
    main.o(i.SystemClock_Config) refers to rt_memclr_w.o(.text) for __aeabi_memclr4
    main.o(i.SystemClock_Config) refers to stm32f4xx_hal_rcc.o(i.HAL_RCC_OscConfig) for HAL_RCC_OscConfig
    main.o(i.SystemClock_Config) refers to main.o(i.Error_Handler) for Error_Handler
    main.o(i.SystemClock_Config) refers to stm32f4xx_hal_rcc.o(i.HAL_RCC_ClockConfig) for HAL_RCC_ClockConfig
    main.o(i.main) refers to stm32f4xx_hal.o(i.HAL_Init) for HAL_Init
    main.o(i.main) refers to main.o(i.SystemClock_Config) for SystemClock_Config
    main.o(i.main) refers to gpio.o(i.MX_GPIO_Init) for MX_GPIO_Init
    main.o(i.main) refers to dma.o(i.MX_DMA_Init) for MX_DMA_Init
    main.o(i.main) refers to usart.o(i.MX_USART3_UART_Init) for MX_USART3_UART_Init
    main.o(i.main) refers to tim.o(i.MX_TIM5_Init) for MX_TIM5_Init
    main.o(i.main) refers to tim.o(i.MX_TIM4_Init) for MX_TIM4_Init
    main.o(i.main) refers to can.o(i.MX_CAN1_Init) for MX_CAN1_Init
    main.o(i.main) refers to can.o(i.MX_CAN2_Init) for MX_CAN2_Init
    main.o(i.main) refers to tim.o(i.MX_TIM1_Init) for MX_TIM1_Init
    main.o(i.main) refers to tim.o(i.MX_TIM8_Init) for MX_TIM8_Init
    main.o(i.main) refers to i2c.o(i.MX_I2C3_Init) for MX_I2C3_Init
    main.o(i.main) refers to spi.o(i.MX_SPI1_Init) for MX_SPI1_Init
    main.o(i.main) refers to tim.o(i.MX_TIM10_Init) for MX_TIM10_Init
    main.o(i.main) refers to remote_control.o(i.remote_control_init) for remote_control_init
    main.o(i.main) refers to bsp_buzzer.o(i.buzzer_init) for buzzer_init
    main.o(i.main) refers to bsp_can.o(i.can_filter_init) for can_filter_init
    main.o(i.main) refers to bsp_servo_pwm.o(i.servo_pwm_init) for servo_pwm_init
    main.o(i.main) refers to freertos.o(i.MX_FREERTOS_Init) for MX_FREERTOS_Init
    main.o(i.main) refers to cmsis_os.o(i.osKernelStart) for osKernelStart
    gpio.o(i.MX_GPIO_Init) refers to rt_memclr_w.o(.text) for __aeabi_memclr4
    gpio.o(i.MX_GPIO_Init) refers to stm32f4xx_hal_gpio.o(i.HAL_GPIO_WritePin) for HAL_GPIO_WritePin
[...]
    ADC_IRQHandler                           0x08000343   Thumb Code     0  startup_stm32f407xx.o(.text)
    CAN1_RX1_IRQHandler                      0x08000343   Thumb Code     0  startup_stm32f407xx.o(.text)
    CAN1_SCE_IRQHandler                      0x08000343   Thumb Code     0  startup_stm32f407xx.o(.text)
    CAN1_TX_IRQHandler                       0x08000343   Thumb Code     0  startup_stm32f407xx.o(.text)
    CAN2_RX1_IRQHandler                      0x08000343   Thumb Code     0  startup_stm32f407xx.o(.text)
    CAN2_SCE_IRQHandler                      0x08000343   Thumb Code     0  startup_stm32f407xx.o(.text)
    CAN2_TX_IRQHandler                       0x08000343   Thumb Code     0  startup_stm32f407xx.o(.text)
    DCMI_IRQHandler                          0x08000343   Thumb Code     0  startup_stm32f407xx.o(.text)
    DMA1_Stream0_IRQHandler                  0x08000343   Thumb Code     0  startup_stm32f407xx.o(.text)
    DMA1_Stream1_IRQHandler                  0x08000343   Thumb Code     0  startup_stm32f407xx.o(.text)
    DMA1_Stream2_IRQHandler                  0x08000343   Thumb Code     0  startup_stm32f407xx.o(.text)
    DMA1_Stream3_IRQHandler                  0x08000343   Thumb Code     0  startup_stm32f407xx.o(.text)
    DMA1_Stream4_IRQHandler                  0x08000343   Thumb Code     0  startup_stm32f407xx.o(.text)
    DMA1_Stream5_IRQHandler                  0x08000343   Thumb Code     0  startup_stm32f407xx.o(.text)
    DMA1_Stream6_IRQHandler                  0x08000343   Thumb Code     0  startup_stm32f407xx.o(.text)
    DMA1_Stream7_IRQHandler                  0x08000343   Thumb Code     0  startup_stm32f407xx.o(.text)
    DMA2_Stream0_IRQHandler                  0x08000343   Thumb Code     0  startup_stm32f407xx.o(.text)
    DMA2_Stream1_IRQHandler                  0x08000343   Thumb Code     0  startup_stm32f407xx.o(.text)
    DMA2_Stream3_IRQHandler                  0x08000343   Thumb Code     0  startup_stm32f407xx.o(.text)
    DMA2_Stream4_IRQHandler                  0x08000343   Thumb Code     0  startup_stm32f407xx.o(.text)
    DMA2_Stream5_IRQHandler                  0x08000343   Thumb Code     0  startup_stm32f407xx.o(.text)
    DMA2_Stream6_IRQHandler                  0x08000343   Thumb Code     0  startup_stm32f407xx.o(.text)
    DMA2_Stream7_IRQHandler                  0x08000343   Thumb Code     0  startup_stm32f407xx.o(.text)
    ETH_IRQHandler                           0x08000343   Thumb Code     0  startup_stm32f407xx.o(.text)
    ETH_WKUP_IRQHandler                      0x08000343   Thumb Code     0  startup_stm32f407xx.o(.text)
    EXTI15_10_IRQHandler                     0x08000343   Thumb Code     0  startup_stm32f407xx.o(.text)
    EXTI1_IRQHandler                         0x08000343   Thumb Code     0  startup_stm32f407xx.o(.text)
    EXTI2_IRQHandler                         0x08000343   Thumb Code     0  startup_stm32f407xx.o(.text)
    FLASH_IRQHandler                         0x08000343   Thumb Code     0  startup_stm32f407xx.o(.text)
    FMC_IRQHandler                           0x08000343   Thumb Code     0  startup_stm32f407xx.o(.text)
    FPU_IRQHandler                           0x08000343   Thumb Code     0  startup_stm32f407xx.o(.text)
    HASH_RNG_IRQHandler                      0x08000343   Thumb Code     0  startup_stm32f407xx.o(.text)
    I2C1_ER_IRQHandler                       0x08000343   Thumb Code     0  startup_stm32f407xx.o(.text)
    I2C1_EV_IRQHandler                       0x08000343   Thumb Code     0  startup_stm32f407xx.o(.text)
    I2C2_ER_IRQHandler                       0x08000343   Thumb Code     0  startup_stm32f407xx.o(.text)
    I2C2_EV_IRQHandler                       0x08000343   Thumb Code     0  startup_stm32f407xx.o(.text)
    I2C3_ER_IRQHandler                       0x08000343   Thumb Code     0  startup_stm32f407xx.o(.text)
    I2C3_EV_IRQHandler                       0x08000343   Thumb Code     0  startup_stm32f407xx.o(.text)
    OTG_FS_IRQHandler                        0x08000343   Thumb Code     0  startup_stm32f407xx.o(.text)
    OTG_FS_WKUP_IRQHandler                   0x08000343   Thumb Code     0  startup_stm32f407xx.o(.text)
    OTG_HS_EP1_IN_IRQHandler                 0x08000343   Thumb Code     0  startup_stm32f407xx.o(.text)
    OTG_HS_EP1_OUT_IRQHandler                0x08000343   Thumb Code     0  startup_stm32f407xx.o(.text)
    OTG_HS_IRQHandler                        0x08000343   Thumb Code     0  startup_stm32f407xx.o(.text)
    OTG_HS_WKUP_IRQHandler                   0x08000343   Thumb Code     0  startup_stm32f407xx.o(.text)
    PVD_IRQHandler                           0x08000343   Thumb Code     0  startup_stm32f407xx.o(.text)
    RCC_IRQHandler                           0x08000343   Thumb Code     0  startup_stm32f407xx.o(.text)
    RTC_Alarm_IRQHandler                     0x08000343   Thumb Code     0  startup_stm32f407xx.o(.text)
    RTC_WKUP_IRQHandler                      0x08000343   Thumb Code     0  startup_stm32f407xx.o(.text)
    SDIO_IRQHandler                          0x08000343   Thumb Code     0  startup_stm32f407xx.o(.text)
    SPI1_IRQHandler                          0x08000343   Thumb Code     0  startup_stm32f407xx.o(.text)
    SPI2_IRQHandler                          0x08000343   Thumb Code     0  startup_stm32f407xx.o(.text)
    SPI3_IRQHandler                          0x08000343   Thumb Code     0  startup_stm32f407xx.o(.text)
    TAMP_STAMP_IRQHandler                    0x08000343   Thumb Code     0  startup_stm32f407xx.o(.text)
    TIM1_BRK_TIM9_IRQHandler                 0x08000343   Thumb Code     0  startup_stm32f407xx.o(.text)
    TIM1_CC_IRQHandler                       0x08000343   Thumb Code     0  startup_stm32f407xx.o(.text)
    TIM1_TRG_COM_TIM11_IRQHandler            0x08000343   Thumb Code     0  startup_stm32f407xx.o(.text)
    TIM1_UP_TIM10_IRQHandler                 0x08000343   Thumb Code     0  startup_stm32f407xx.o(.text)
    TIM2_IRQHandler                          0x08000343   Thumb Code     0  startup_stm32f407xx.o(.text)
    TIM3_IRQHandler                          0x08000343   Thumb Code     0  startup_stm32f407xx.o(.text)
    TIM4_IRQHandler                          0x08000343   Thumb Code     0  startup_stm32f407xx.o(.text)
    TIM5_IRQHandler                          0x08000343   Thumb Code     0  startup_stm32f407xx.o(.text)
    TIM6_DAC_IRQHandler                      0x08000343   Thumb Code     0  startup_stm32f407xx.o(.text)
    TIM7_IRQHandler                          0x08000343   Thumb Code     0  startup_stm32f407xx.o(.text)
    TIM8_BRK_TIM12_IRQHandler                0x08000343   Thumb Code     0  startup_stm32f407xx.o(.text)
    TIM8_CC_IRQHandler                       0x08000343   Thumb Code     0  startup_stm32f407xx.o(.text)
    TIM8_UP_TIM13_IRQHandler                 0x08000343   Thumb Code     0  startup_stm32f407xx.o(.text)
    UART4_IRQHandler                         0x08000343   Thumb Code     0  startup_stm32f407xx.o(.text)
    UART5_IRQHandler                         0x08000343   Thumb Code     0  startup_stm32f407xx.o(.text)
    USART1_IRQHandler                        0x08000343   Thumb Code     0  startup_stm32f407xx.o(.text)
    USART2_IRQHandler                        0x08000343   Thumb Code     0  startup_stm32f407xx.o(.text)
    USART6_IRQHandler                        0x08000343   Thumb Code     0  startup_stm32f407xx.o(.text)
    WWDG_IRQHandler                          0x08000343   Thumb Code     0  startup_stm32f407xx.o(.text)
    __user_initial_stackheap                 0x08000345   Thumb Code     0  startup_stm32f407xx.o(.text)
    __aeabi_uldivmod                         0x08000369   Thumb Code     0  lludivv7m.o(.text)
    _ll_udiv                                 0x08000369   Thumb Code   238  lludivv7m.o(.text)
    strlen                                   0x08000457   Thumb Code    62  strlen.o(.text)
    __aeabi_memcpy4                          0x08000495   Thumb Code     0  rt_memcpy_w.o(.text)
    __aeabi_memcpy8                          0x08000495   Thumb Code     0  rt_memcpy_w.o(.text)
    __rt_memcpy_w                            0x08000495   Thumb Code   100  rt_memcpy_w.o(.text)
    _memcpy_lastbytes_aligned                0x080004dd   Thumb Code     0  rt_memcpy_w.o(.text)
    __aeabi_memset                           0x080004f9   Thumb Code    16  aeabi_memset.o(.text)
    __aeabi_memclr4                          0x08000509   Thumb Code     0  rt_memclr_w.o(.text)
    __aeabi_memclr8                          0x08000509   Thumb Code     0  rt_memclr_w.o(.text)
    __rt_memclr_w                            0x08000509   Thumb Code    78  rt_memclr_w.o(.text)
    _memset_w                                0x0800050d   Thumb Code     0  rt_memclr_w.o(.text)
    __use_two_region_memory                  0x08000557   Thumb Code     2  heapauxi.o(.text)
    __rt_heap_escrow$2region                 0x08000559   Thumb Code     2  heapauxi.o(.text)
    __rt_heap_expand$2region                 0x0800055b   Thumb Code     2  heapauxi.o(.text)
    __read_errno                             0x0800055d   Thumb Code    10  _rserrno.o(.text)
    __set_errno                              0x08000567   Thumb Code    12  _rserrno.o(.text)
    __aeabi_memclr                           0x08000573   Thumb Code     0  rt_memclr.o(.text)
    __rt_memclr                              0x08000573   Thumb Code    68  rt_memclr.o(.text)
    _memset                                  0x08000577   Thumb Code     0  rt_memclr.o(.text)
    __aeabi_errno_addr                       0x080005b9   Thumb Code     8  rt_errno_addr_intlibspace.o(.text)
    __errno$intlibspace                      0x080005b9   Thumb Code     0  rt_errno_addr_intlibspace.o(.text)
    __rt_errno_addr$intlibspace              0x080005b9   Thumb Code     0  rt_errno_addr_intlibspace.o(.text)
    __user_libspace                          0x080005c1   Thumb Code     8  libspace.o(.text)
    __user_perproc_libspace                  0x080005c1   Thumb Code     0  libspace.o(.text)
    __user_perthread_libspace                0x080005c1   Thumb Code     0  libspace.o(.text)
    __user_setup_stackheap                   0x080005c9   Thumb Code    74  sys_stackheap_outer.o(.text)
    exit                                     0x08000613   Thumb Code    18  exit.o(.text)
    _sys_exit                                0x08000625   Thumb Code     8  sys_exit.o(.text)
    __I$use$semihosting                      0x08000631   Thumb Code     0  use_no_semi.o(.text)
    __use_no_semihosting_swi                 0x08000631   Thumb Code     2  use_no_semi.o(.text)
    __semihosting_library_function           0x08000633   Thumb Code     0  indicate_semi.o(.text)
    AHRS_init                                0x08000635   Thumb Code    26  ins_task.o(i.AHRS_init)
    BMI088_ACCEL_NS_H                        0x08000655   Thumb Code    10  bmi088middleware.o(i.BMI088_ACCEL_NS_H)
    BMI088_ACCEL_NS_L                        0x08000665   Thumb Code    10  bmi088middleware.o(i.BMI088_ACCEL_NS_L)
    BMI088_GPIO_init                         0x08000675   Thumb Code     2  bmi088middleware.o(i.BMI088_GPIO_init)
    BMI088_GYRO_NS_H                         0x08000679   Thumb Code    10  bmi088middleware.o(i.BMI088_GYRO_NS_H)
    BMI088_GYRO_NS_L                         0x08000689   Thumb Code    10  bmi088middleware.o(i.BMI088_GYRO_NS_L)
    BMI088_accel_read_over                   0x08000699   Thumb Code   126  bmi088driver.o(i.BMI088_accel_read_over)
    BMI088_com_init                          0x08000721   Thumb Code     2  bmi088middleware.o(i.BMI088_com_init)
    BMI088_delay_ms                          0x08000723   Thumb Code     4  bmi088middleware.o(i.BMI088_delay_ms)
    BMI088_delay_us                          0x08000727   Thumb Code     4  bmi088middleware.o(i.BMI088_delay_us)
    BMI088_gyro_read_over                    0x0800072d   Thumb Code    92  bmi088driver.o(i.BMI088_gyro_read_over)
    BMI088_init                              0x0800078d   Thumb Code    46  bmi088driver.o(i.BMI088_init)
    BMI088_read                              0x080007bd   Thumb Code   342  bmi088driver.o(i.BMI088_read)
    BMI088_read_write_byte                   0x08000955   Thumb Code    28  bmi088middleware.o(i.BMI088_read_write_byte)
    BMI088_temperature_read_over             0x08000975   Thumb Code    48  bmi088driver.o(i.BMI088_temperature_read_over)
    BusFault_Handler                         0x080009b7   Thumb Code     2  stm32f4xx_it.o(i.BusFault_Handler)
    CAN1_RX0_IRQHandler                      0x080009b9   Thumb Code     6  stm32f4xx_it.o(i.CAN1_RX0_IRQHandler)
    CAN2_RX0_IRQHandler                      0x080009c5   Thumb Code     6  stm32f4xx_it.o(i.CAN2_RX0_IRQHandler)
    CAN_cmd_chassis                          0x080009d1   Thumb Code    60  can_receive.o(i.CAN_cmd_chassis)
    CAN_cmd_shoot                            0x08000a19   Thumb Code    60  can_receive.o(i.CAN_cmd_shoot)
    DMA2_Stream2_IRQHandler                  0x08000a61   Thumb Code   142  ins_task.o(i.DMA2_Stream2_IRQHandler)
    DebugMon_Handler                         0x08000ba9   Thumb Code     2  stm32f4xx_it.o(i.DebugMon_Handler)
    EXTI0_IRQHandler                         0x08000bab   Thumb Code     6  stm32f4xx_it.o(i.EXTI0_IRQHandler)
    EXTI3_IRQHandler                         0x08000bb1   Thumb Code     6  stm32f4xx_it.o(i.EXTI3_IRQHandler)
    EXTI4_IRQHandler                         0x08000bb7   Thumb Code     6  stm32f4xx_it.o(i.EXTI4_IRQHandler)
    EXTI9_5_IRQHandler                       0x08000bbd   Thumb Code     6  stm32f4xx_it.o(i.EXTI9_5_IRQHandler)
    Error_Handler                            0x08000bc3   Thumb Code     4  main.o(i.Error_Handler)
    HAL_CAN_ActivateNotification             0x08000bc7   Thumb Code    36  stm32f4xx_hal_can.o(i.HAL_CAN_ActivateNotification)
    HAL_CAN_AddTxMessage                     0x08000beb   Thumb Code   242  stm32f4xx_hal_can.o(i.HAL_CAN_AddTxMessage)
    HAL_CAN_ConfigFilter                     0x08000cdd   Thumb Code   266  stm32f4xx_hal_can.o(i.HAL_CAN_ConfigFilter)
    HAL_CAN_ErrorCallback                    0x08000ded   Thumb Code     2  stm32f4xx_hal_can.o(i.HAL_CAN_ErrorCallback)
    HAL_CAN_GetRxMessage                     0x08000def   Thumb Code   262  stm32f4xx_hal_can.o(i.HAL_CAN_GetRxMessage)
    HAL_CAN_IRQHandler                       0x08000ef5   Thumb Code   508  stm32f4xx_hal_can.o(i.HAL_CAN_IRQHandler)
    HAL_CAN_Init                             0x080010f1   Thumb Code   338  stm32f4xx_hal_can.o(i.HAL_CAN_Init)
    HAL_CAN_MspInit                          0x08001245   Thumb Code   230  can.o(i.HAL_CAN_MspInit)
    HAL_CAN_RxFifo0FullCallback              0x08001345   Thumb Code     2  stm32f4xx_hal_can.o(i.HAL_CAN_RxFifo0FullCallback)
    HAL_CAN_RxFifo0MsgPendingCallback        0x08001349   Thumb Code   240  can_receive.o(i.HAL_CAN_RxFifo0MsgPendingCallback)
    HAL_CAN_RxFifo1FullCallback              0x08001449   Thumb Code     2  stm32f4xx_hal_can.o(i.HAL_CAN_RxFifo1FullCallback)
    HAL_CAN_RxFifo1MsgPendingCallback        0x0800144b   Thumb Code     2  stm32f4xx_hal_can.o(i.HAL_CAN_RxFifo1MsgPendingCallback)
    HAL_CAN_SleepCallback                    0x0800144d   Thumb Code     2  stm32f4xx_hal_can.o(i.HAL_CAN_SleepCallback)
    HAL_CAN_Start                            0x0800144f   Thumb Code    88  stm32f4xx_hal_can.o(i.HAL_CAN_Start)
    HAL_CAN_TxMailbox0AbortCallback          0x080014a7   Thumb Code     2  stm32f4xx_hal_can.o(i.HAL_CAN_TxMailbox0AbortCallback)
    HAL_CAN_TxMailbox0CompleteCallback       0x080014a9   Thumb Code     2  stm32f4xx_hal_can.o(i.HAL_CAN_TxMailbox0CompleteCallback)
    HAL_CAN_TxMailbox1AbortCallback          0x080014ab   Thumb Code     2  stm32f4xx_hal_can.o(i.HAL_CAN_TxMailbox1AbortCallback)
    HAL_CAN_TxMailbox1CompleteCallback       0x080014ad   Thumb Code     2  stm32f4xx_hal_can.o(i.HAL_CAN_TxMailbox1CompleteCallback)
    HAL_CAN_TxMailbox2AbortCallback          0x080014af   Thumb Code     2  stm32f4xx_hal_can.o(i.HAL_CAN_TxMailbox2AbortCallback)
    HAL_CAN_TxMailbox2CompleteCallback       0x080014b1   Thumb Code     2  stm32f4xx_hal_can.o(i.HAL_CAN_TxMailbox2CompleteCallback)
    HAL_CAN_WakeUpFromRxMsgCallback          0x080014b3   Thumb Code     2  stm32f4xx_hal_can.o(i.HAL_CAN_WakeUpFromRxMsgCallback)
    HAL_DMA_Init                             0x080014b5   Thumb Code   208  stm32f4xx_hal_dma.o(i.HAL_DMA_Init)
    HAL_GPIO_EXTI_Callback                   0x08001589   Thumb Code   110  ins_task.o(i.HAL_GPIO_EXTI_Callback)
    HAL_GPIO_EXTI_IRQHandler                 0x08001601   Thumb Code    18  stm32f4xx_hal_gpio.o(i.HAL_GPIO_EXTI_IRQHandler)
    HAL_GPIO_Init                            0x08001619   Thumb Code   420  stm32f4xx_hal_gpio.o(i.HAL_GPIO_Init)
    HAL_GPIO_WritePin                        0x080017e9   Thumb Code    14  stm32f4xx_hal_gpio.o(i.HAL_GPIO_WritePin)
    HAL_GetTick                              0x080017f9   Thumb Code     6  stm32f4xx_hal.o(i.HAL_GetTick)
    HAL_I2C_Init                             0x08001805   Thumb Code   392  stm32f4xx_hal_i2c.o(i.HAL_I2C_Init)
    HAL_I2C_MspInit                          0x0800199d   Thumb Code   130  i2c.o(i.HAL_I2C_MspInit)
    HAL_IncTick                              0x08001a31   Thumb Code    12  stm32f4xx_hal.o(i.HAL_IncTick)
    HAL_Init                                 0x08001a41   Thumb Code    48  stm32f4xx_hal.o(i.HAL_Init)
    HAL_InitTick                             0x08001a75   Thumb Code   132  stm32f4xx_hal_timebase_tim.o(i.HAL_InitTick)
    HAL_MspInit                              0x08001b0d   Thumb Code    52  stm32f4xx_hal_msp.o(i.HAL_MspInit)
    HAL_NVIC_EnableIRQ                       0x08001b45   Thumb Code    26  stm32f4xx_hal_cortex.o(i.HAL_NVIC_EnableIRQ)
    HAL_NVIC_SetPriority                     0x08001b61   Thumb Code    60  stm32f4xx_hal_cortex.o(i.HAL_NVIC_SetPriority)
    HAL_NVIC_SetPriorityGrouping             0x08001ba1   Thumb Code    26  stm32f4xx_hal_cortex.o(i.HAL_NVIC_SetPriorityGrouping)
    HAL_RCC_ClockConfig                      0x08001bc5   Thumb Code   310  stm32f4xx_hal_rcc.o(i.HAL_RCC_ClockConfig)
    HAL_RCC_GetClockConfig                   0x08001d11   Thumb Code    52  stm32f4xx_hal_rcc.o(i.HAL_RCC_GetClockConfig)
    HAL_RCC_GetHCLKFreq                      0x08001d4d   Thumb Code     6  stm32f4xx_hal_rcc.o(i.HAL_RCC_GetHCLKFreq)
    HAL_RCC_GetPCLK1Freq                     0x08001d59   Thumb Code    22  stm32f4xx_hal_rcc.o(i.HAL_RCC_GetPCLK1Freq)
    HAL_RCC_GetPCLK2Freq                     0x08001d79   Thumb Code    22  stm32f4xx_hal_rcc.o(i.HAL_RCC_GetPCLK2Freq)
    HAL_RCC_GetSysClockFreq                  0x08001d99   Thumb Code    94  stm32f4xx_hal_rcc.o(i.HAL_RCC_GetSysClockFreq)
    HAL_RCC_OscConfig                        0x08001e05   Thumb Code   942  stm32f4xx_hal_rcc.o(i.HAL_RCC_OscConfig)
    HAL_SPI_Init                             0x080021c5   Thumb Code   190  stm32f4xx_hal_spi.o(i.HAL_SPI_Init)
    HAL_SPI_MspInit                          0x08002285   Thumb Code   248  spi.o(i.HAL_SPI_MspInit)
    HAL_SPI_TransmitReceive                  0x08002395   Thumb Code   484  stm32f4xx_hal_spi.o(i.HAL_SPI_TransmitReceive)
    HAL_TIMEx_BreakCallback                  0x08002579   Thumb Code     2  stm32f4xx_hal_tim_ex.o(i.HAL_TIMEx_BreakCallback)
    HAL_TIMEx_CommutCallback                 0x0800257b   Thumb Code     2  stm32f4xx_hal_tim_ex.o(i.HAL_TIMEx_CommutCallback)
    HAL_TIMEx_ConfigBreakDeadTime            0x0800257d   Thumb Code    84  stm32f4xx_hal_tim_ex.o(i.HAL_TIMEx_ConfigBreakDeadTime)
    HAL_TIMEx_MasterConfigSynchronization    0x080025d1   Thumb Code   114  stm32f4xx_hal_tim_ex.o(i.HAL_TIMEx_MasterConfigSynchronization)
    HAL_TIM_Base_Init                        0x08002661   Thumb Code    74  stm32f4xx_hal_tim.o(i.HAL_TIM_Base_Init)
    HAL_TIM_Base_MspInit                     0x080026ad   Thumb Code   148  tim.o(i.HAL_TIM_Base_MspInit)
    HAL_TIM_Base_Start                       0x08002759   Thumb Code   100  stm32f4xx_hal_tim.o(i.HAL_TIM_Base_Start)
    HAL_TIM_Base_Start_IT                    0x080027d9   Thumb Code   110  stm32f4xx_hal_tim.o(i.HAL_TIM_Base_Start_IT)
    HAL_TIM_ConfigClockSource                0x08002865   Thumb Code   232  stm32f4xx_hal_tim.o(i.HAL_TIM_ConfigClockSource)
    HAL_TIM_IC_CaptureCallback               0x0800294d   Thumb Code     2  stm32f4xx_hal_tim.o(i.HAL_TIM_IC_CaptureCallback)
    HAL_TIM_IRQHandler                       0x0800294f   Thumb Code   366  stm32f4xx_hal_tim.o(i.HAL_TIM_IRQHandler)
    HAL_TIM_MspPostInit                      0x08002abd   Thumb Code   286  tim.o(i.HAL_TIM_MspPostInit)
    HAL_TIM_OC_DelayElapsedCallback          0x08002c0d   Thumb Code     2  stm32f4xx_hal_tim.o(i.HAL_TIM_OC_DelayElapsedCallback)
    HAL_TIM_PWM_ConfigChannel                0x08002c0f   Thumb Code   216  stm32f4xx_hal_tim.o(i.HAL_TIM_PWM_ConfigChannel)
    HAL_TIM_PWM_Init                         0x08002ce7   Thumb Code    74  stm32f4xx_hal_tim.o(i.HAL_TIM_PWM_Init)
    HAL_TIM_PWM_MspInit                      0x08002d31   Thumb Code     2  stm32f4xx_hal_tim.o(i.HAL_TIM_PWM_MspInit)
    HAL_TIM_PWM_PulseFinishedCallback        0x08002d33   Thumb Code     2  stm32f4xx_hal_tim.o(i.HAL_TIM_PWM_PulseFinishedCallback)
    HAL_TIM_PWM_Start                        0x08002d35   Thumb Code   190  stm32f4xx_hal_tim.o(i.HAL_TIM_PWM_Start)
    HAL_TIM_PeriodElapsedCallback            0x08002e11   Thumb Code    14  main.o(i.HAL_TIM_PeriodElapsedCallback)
    HAL_TIM_TriggerCallback                  0x08002e25   Thumb Code     2  stm32f4xx_hal_tim.o(i.HAL_TIM_TriggerCallback)
    HAL_UART_Init                            0x08002e27   Thumb Code   100  stm32f4xx_hal_uart.o(i.HAL_UART_Init)
    HAL_UART_MspInit                         0x08002e8d   Thumb Code   162  usart.o(i.HAL_UART_MspInit)
    HardFault_Handler                        0x08002f45   Thumb Code     2  stm32f4xx_it.o(i.HardFault_Handler)
    INS_gyrooffset_calculate                 0x08002f49   Thumb Code   168  ins_task.o(i.INS_gyrooffset_calculate)
    INS_task                                 0x08002ffd   Thumb Code   544  ins_task.o(i.INS_task)
    MX_CAN1_Init                             0x08003241   Thumb Code    60  can.o(i.MX_CAN1_Init)
    MX_CAN2_Init                             0x08003285   Thumb Code    60  can.o(i.MX_CAN2_Init)
    MX_DMA_Init                              0x080032c9   Thumb Code    88  dma.o(i.MX_DMA_Init)
    MX_FREERTOS_Init                         0x08003325   Thumb Code    96  freertos.o(i.MX_FREERTOS_Init)
    MX_GPIO_Init                             0x0800338d   Thumb Code   360  gpio.o(i.MX_GPIO_Init)
    MX_I2C3_Init                             0x08003509   Thumb Code    50  i2c.o(i.MX_I2C3_Init)
    MX_SPI1_Init                             0x08003549   Thumb Code    64  spi.o(i.MX_SPI1_Init)
    MX_TIM10_Init                            0x08003591   Thumb Code    92  tim.o(i.MX_TIM10_Init)
    MX_TIM1_Init                             0x080035f5   Thumb Code   224  tim.o(i.MX_TIM1_Init)
    MX_TIM4_Init                             0x080036dd   Thumb Code   142  tim.o(i.MX_TIM4_Init)
    MX_TIM5_Init                             0x08003775   Thumb Code   174  tim.o(i.MX_TIM5_Init)
    MX_TIM8_Init                             0x0800382d   Thumb Code   224  tim.o(i.MX_TIM8_Init)
    MX_USART3_UART_Init                      0x08003915   Thumb Code    50  usart.o(i.MX_USART3_UART_Init)
    MahonyAHRSupdateIMU                      0x08003955   Thumb Code   474  ins_task.o(i.MahonyAHRSupdateIMU)
    MemManage_Handler                        0x08003b41   Thumb Code     2  stm32f4xx_it.o(i.MemManage_Handler)
    NMI_Handler                              0x08003b43   Thumb Code     2  stm32f4xx_it.o(i.NMI_Handler)
    PID_calc                                 0x08003b45   Thumb Code   346  pid.o(i.PID_calc)
    PID_clear                                0x08003ca5   Thumb Code    58  pid.o(i.PID_clear)
    PID_init                                 0x08003ce5   Thumb Code    72  pid.o(i.PID_init)
    RC_init                                  0x08003d31   Thumb Code    94  bsp_rc.o(i.RC_init)
    SPI1_DMA_enable                          0x08003db5   Thumb Code  6204  bsp_spi.o(i.SPI1_DMA_enable)
    SPI1_DMA_init                            0x08005601   Thumb Code   242  bsp_spi.o(i.SPI1_DMA_init)
    SysTick_Handler                          0x08005825   Thumb Code    38  port.o(i.SysTick_Handler)
    SystemClock_Config                       0x08005851   Thumb Code   140  main.o(i.SystemClock_Config)
    SystemInit                               0x080058e5   Thumb Code    12  system_stm32f4xx.o(i.SystemInit)
    TIM8_TRG_COM_TIM14_IRQHandler            0x080058f5   Thumb Code    18  stm32f4xx_it.o(i.TIM8_TRG_COM_TIM14_IRQHandler)
    TIM_Base_SetConfig                       0x08005911   Thumb Code   160  stm32f4xx_hal_tim.o(i.TIM_Base_SetConfig)
    TIM_CCxChannelCmd                        0x080059dd   Thumb Code    26  stm32f4xx_hal_tim.o(i.TIM_CCxChannelCmd)
    TIM_ETR_SetConfig                        0x080059f7   Thumb Code    20  stm32f4xx_hal_tim.o(i.TIM_ETR_SetConfig)
    TIM_OC2_SetConfig                        0x08005a85   Thumb Code   106  stm32f4xx_hal_tim.o(i.TIM_OC2_SetConfig)
    USART3_IRQHandler                        0x08005d19   Thumb Code   168  remote_control.o(i.USART3_IRQHandler)
    UsageFault_Handler                       0x08005dd9   Thumb Code     2  stm32f4xx_it.o(i.UsageFault_Handler)
    __ARM_fpclassifyf                        0x08005ddb   Thumb Code    38  fpclassifyf.o(i.__ARM_fpclassifyf)
    __hardfp_asinf                           0x08005e21   Thumb Code   258  asinf.o(i.__hardfp_asinf)
    __hardfp_atan2f                          0x08005f4d   Thumb Code   502  atan2f.o(i.__hardfp_atan2f)
    __hardfp_fabs                            0x0800619d   Thumb Code    20  fabs.o(i.__hardfp_fabs)
    __hardfp_round                           0x080061b1   Thumb Code   194  round.o(i.__hardfp_round)
    __mathlib_flt_infnan                     0x08006291   Thumb Code     6  funder.o(i.__mathlib_flt_infnan)
    __mathlib_flt_infnan2                    0x08006297   Thumb Code     6  funder.o(i.__mathlib_flt_infnan2)
    __mathlib_flt_invalid                    0x0800629d   Thumb Code    10  funder.o(i.__mathlib_flt_invalid)
    __mathlib_flt_underflow                  0x080062ad   Thumb Code    10  funder.o(i.__mathlib_flt_underflow)
    bmi088_accel_init                        0x080062bd   Thumb Code   290  bmi088driver.o(i.bmi088_accel_init)
    bmi088_accel_self_test                   0x080063e5   Thumb Code   696  bmi088driver.o(i.bmi088_accel_self_test)
    bmi088_gyro_init                         0x080066a1   Thumb Code   214  bmi088driver.o(i.bmi088_gyro_init)
    bmi088_gyro_self_test                    0x0800677d   Thumb Code   202  bmi088driver.o(i.bmi088_gyro_self_test)
    buzzer_init                              0x08006849   Thumb Code    20  bsp_buzzer.o(i.buzzer_init)
    can_filter_init                          0x08006861   Thumb Code    80  bsp_can.o(i.can_filter_init)
    chassis_task                             0x08007019   Thumb Code    54  chassis_task.o(i.chassis_task)
    default_task                             0x080070bd   Thumb Code    20  default_task.o(i.default_task)
    delay_us                                 0x080070d5   Thumb Code    50  bsp_delay.o(i.delay_us)
    first_order_filter_cali                  0x0800710d   Thumb Code    78  user_lib.o(i.first_order_filter_cali)
    first_order_filter_init                  0x0800715b   Thumb Code    18  user_lib.o(i.first_order_filter_init)
    fp32_constrain                           0x0800716d   Thumb Code    32  user_lib.o(i.fp32_constrain)
    get_INS_angle_point                      0x0800718d   Thumb Code     4  ins_task.o(i.get_INS_angle_point)
    get_angle                                0x08007195   Thumb Code   234  ins_task.o(i.get_angle)
    get_chassis_motor_measure_point          0x08007289   Thumb Code    16  can_receive.o(i.get_chassis_motor_measure_point)
    get_fric1_motor_measure_point            0x0800729d   Thumb Code     4  can_receive.o(i.get_fric1_motor_measure_point)
    get_fric2_motor_measure_point            0x080072a5   Thumb Code     4  can_receive.o(i.get_fric2_motor_measure_point)
    get_remote_control_point                 0x080072e5   Thumb Code     4  remote_control.o(i.get_remote_control_point)
    get_robot_point                          0x080072ed   Thumb Code     4  default_task.o(i.get_robot_point)
    get_steer_motor_measure_point            0x080072f5   Thumb Code    16  can_receive.o(i.get_steer_motor_measure_point)
    get_trigger_motor_measure_point          0x08007365   Thumb Code     4  can_receive.o(i.get_trigger_motor_measure_point)
    imu_pwm_set                              0x08007519   Thumb Code     8  bsp_imu_pwm.o(i.imu_pwm_set)
    ins_task                                 0x080075ad   Thumb Code     6  freertos.o(i.ins_task)
    invSqrt                                  0x080075b5   Thumb Code    40  ins_task.o(i.invSqrt)
    loop_fp32_constrain                      0x080075e1   Thumb Code    70  user_lib.o(i.loop_fp32_constrain)
    main                                     0x08007627   Thumb Code    82  main.o(i.main)
    osDelay                                  0x08007685   Thumb Code    16  cmsis_os.o(i.osDelay)
    osKernelStart                            0x08007695   Thumb Code    10  cmsis_os.o(i.osKernelStart)
    osThreadCreate                           0x0800769f   Thumb Code    88  cmsis_os.o(i.osThreadCreate)
    pcTaskGetName                            0x080076f9   Thumb Code    30  tasks.o(i.pcTaskGetName)
    pvPortMalloc                             0x08007b31   Thumb Code   214  heap_4.o(i.pvPortMalloc)
    pxPortInitialiseStack                    0x08007c0d   Thumb Code    30  port.o(i.pxPortInitialiseStack)
    remote_control_init                      0x08007c31   Thumb Code    12  remote_control.o(i.remote_control_init)
    servo_pwm_init                           0x08007d21   Thumb Code    74  bsp_servo_pwm.o(i.servo_pwm_init)
    shoot_task                               0x08008335   Thumb Code    64  shoot_task.o(i.shoot_task)
    sqrtf                                    0x08008379   Thumb Code    62  sqrtf.o(i.sqrtf)
    ulTaskNotifyTake                         0x08008441   Thumb Code    96  tasks.o(i.ulTaskNotifyTake)
    uxListRemove                             0x080084a9   Thumb Code    38  list.o(i.uxListRemove)
    uxTaskGetStackHighWaterMark              0x080084d1   Thumb Code    14  tasks.o(i.uxTaskGetStackHighWaterMark)
    vApplicationGetIdleTaskMemory            0x080084e5   Thumb Code    16  freertos.o(i.vApplicationGetIdleTaskMemory)
    vListInitialise                          0x080084f9   Thumb Code    22  list.o(i.vListInitialise)
    vListInitialiseItem                      0x0800850f   Thumb Code     6  list.o(i.vListInitialiseItem)
    vListInsert                              0x08008515   Thumb Code    48  list.o(i.vListInsert)
    vListInsertEnd                           0x08008545   Thumb Code    24  list.o(i.vListInsertEnd)
    vPortEnterCritical                       0x0800855d   Thumb Code    54  port.o(i.vPortEnterCritical)
    vPortExitCritical                        0x0800859d   Thumb Code    38  port.o(i.vPortExitCritical)
    vPortFree                                0x080085c9   Thumb Code    94  heap_4.o(i.vPortFree)
    vPortSetupTimerInterrupt                 0x0800862d   Thumb Code    32  port.o(i.vPortSetupTimerInterrupt)
    vPortValidateInterruptPriority           0x08008651   Thumb Code    74  port.o(i.vPortValidateInterruptPriority)
    vTaskDelay                               0x080086a5   Thumb Code    70  tasks.o(i.vTaskDelay)
    vTaskNotifyGiveFromISR                   0x080086f5   Thumb Code   178  tasks.o(i.vTaskNotifyGiveFromISR)
    vTaskStartScheduler                      0x080087b1   Thumb Code   118  tasks.o(i.vTaskStartScheduler)
    vTaskSuspendAll                          0x08008839   Thumb Code    10  tasks.o(i.vTaskSuspendAll)
    vTaskSwitchContext                       0x08008849   Thumb Code    86  tasks.o(i.vTaskSwitchContext)
    xPortStartScheduler                      0x080088a9   Thumb Code   222  port.o(i.xPortStartScheduler)
    xTaskCreate                              0x0800899d   Thumb Code   100  tasks.o(i.xTaskCreate)
    xTaskCreateStatic                        0x08008a01   Thumb Code    92  tasks.o(i.xTaskCreateStatic)
    xTaskGetHandle                           0x08008a5d   Thumb Code   128  tasks.o(i.xTaskGetHandle)
    xTaskGetSchedulerState                   0x08008ae5   Thumb Code    24  tasks.o(i.xTaskGetSchedulerState)
    xTaskIncrementTick                       0x08008b01   Thumb Code   198  tasks.o(i.xTaskIncrementTick)
    xTaskResumeAll                           0x08008bd1   Thumb Code   192  tasks.o(i.xTaskResumeAll)
    __aeabi_d2f                              0x08008c9d   Thumb Code     0  d2f.o(x$fpl$d2f)
    _d2f                                     0x08008c9d   Thumb Code    98  d2f.o(x$fpl$d2f)
    __aeabi_dadd                             0x08008d01   Thumb Code     0  daddsub_clz.o(x$fpl$dadd)
    _dadd                                    0x08008d01   Thumb Code   332  daddsub_clz.o(x$fpl$dadd)
    __fpl_dcmp_Inf                           0x08008e51   Thumb Code    24  dcmpi.o(x$fpl$dcmpinf)
    __aeabi_cdcmple                          0x08008e69   Thumb Code     0  dleqf.o(x$fpl$dleqf)
    _dcmple                                  0x08008e69   Thumb Code   120  dleqf.o(x$fpl$dleqf)
    __fpl_dcmple_InfNaN                      0x08008ecb   Thumb Code     0  dleqf.o(x$fpl$dleqf)
    __aeabi_dmul                             0x08008ee1   Thumb Code     0  dmul.o(x$fpl$dmul)
    _dmul                                    0x08008ee1   Thumb Code   332  dmul.o(x$fpl$dmul)
    __fpl_dnaninf                            0x08009035   Thumb Code   156  dnaninf.o(x$fpl$dnaninf)
    __fpl_dretinf                            0x080090d1   Thumb Code    12  dretinf.o(x$fpl$dretinf)
    __aeabi_cdrcmple                         0x080090dd   Thumb Code     0  drleqf.o(x$fpl$drleqf)
    _drcmple                                 0x080090dd   Thumb Code   108  drleqf.o(x$fpl$drleqf)
    _drnd                                    0x08009149   Thumb Code   180  drnd.o(x$fpl$drnd)
    __aeabi_dsub                             0x080091fd   Thumb Code     0  daddsub_clz.o(x$fpl$dsub)
    _dsub                                    0x080091fd   Thumb Code   464  daddsub_clz.o(x$fpl$dsub)
    __aeabi_f2d                              0x080093d1   Thumb Code     0  f2d.o(x$fpl$f2d)
    _f2d                                     0x080093d1   Thumb Code    86  f2d.o(x$fpl$f2d)
    __fpl_fnaninf                            0x08009427   Thumb Code   140  fnaninf.o(x$fpl$fnaninf)
    _fp_init                                 0x080094b3   Thumb Code    10  fpinit.o(x$fpl$fpinit)
    __fplib_config_fpu_vfp                   0x080094bb   Thumb Code     0  fpinit.o(x$fpl$fpinit)
    __fplib_config_pureend_doubles           0x080094bb   Thumb Code     0  fpinit.o(x$fpl$fpinit)
    __fpl_fretinf                            0x080094bd   Thumb Code    10  fretinf.o(x$fpl$fretinf)
    __I$use$fp                               0x080094c6   Number         0  usenofp.o(x$fpl$usenofp)
    AHBPrescTable                            0x08009540   Data          16  system_stm32f4xx.o(.constdata)
    APBPrescTable                            0x08009550   Data           8  system_stm32f4xx.o(.constdata)
    Region$$Table$$Base                      0x080095a0   Number         0  anon$$obj.o(Region$$Table)
    Region$$Table$$Limit                     0x080095c0   Number         0  anon$$obj.o(Region$$Table)
    defaultTaskHandle                        0x20000000   Data           4  freertos.o(.data)
    shootTaskHandle                          0x20000004   Data           4  freertos.o(.data)
    insTaskHandle                            0x20000008   Data           4  freertos.o(.data)
    chassisTaskHandle                        0x2000000c   Data           4  freertos.o(.data)
    uwTickFreq                               0x20000014   Data           1  stm32f4xx_hal.o(.data)
    uwTickPrio                               0x20000018   Data           4  stm32f4xx_hal.o(.data)
    uwTick                                   0x2000001c   Data           4  stm32f4xx_hal.o(.data)
    SystemCoreClock                          0x20000020   Data           4  system_stm32f4xx.o(.data)
    robot                                    0x20000028   Data           8  default_task.o(.data)
    gyro_update_flag                         0x20000064   Data           1  ins_task.o(.data)
    accel_update_flag                        0x20000065   Data           1  ins_task.o(.data)
    accel_temp_update_flag                   0x20000066   Data           1  ins_task.o(.data)
    imu_start_dma_flag                       0x20000067   Data           1  ins_task.o(.data)
    accel_temp_dma_tx_buf                    0x2000006a   Data           4  ins_task.o(.data)
    twoKp                                    0x20000070   Data           4  ins_task.o(.data)
    twoKi                                    0x20000074   Data           4  ins_task.o(.data)
    integralFBx                              0x20000078   Data           4  ins_task.o(.data)
    integralFBy                              0x2000007c   Data           4  ins_task.o(.data)
    integralFBz                              0x20000080   Data           4  ins_task.o(.data)
    accel_temp_dma_rx_buf                    0x2000008c   Data           4  ins_task.o(.data)
    gyro_dma_tx_buf                          0x20000090   Data           8  ins_task.o(.data)
    gyro_dma_rx_buf                          0x20000098   Data           8  ins_task.o(.data)
    accel_dma_tx_buf                         0x200000a0   Data           9  ins_task.o(.data)
    gyro_scale_factor                        0x200000ac   Data          36  ins_task.o(.data)
    accel_scale_factor                       0x200000d0   Data          36  ins_task.o(.data)
    chassis_high_water                       0x20000100   Data           4  chassis_task.o(.data)
    pxCurrentTCB                             0x2000010c   Data           4  tasks.o(.data)
    BMI088_ACCEL_SEN                         0x20000174   Data           4  bmi088driver.o(.data)
    BMI088_GYRO_SEN                          0x20000178   Data           4  bmi088driver.o(.data)
    hcan1                                    0x200003f4   Data          40  can.o(.bss)
    hcan2                                    0x2000041c   Data          40  can.o(.bss)
    hi2c3                                    0x20000444   Data          84  i2c.o(.bss)
    hspi1                                    0x20000498   Data          88  spi.o(.bss)
    hdma_spi1_rx                             0x200004f0   Data          96  spi.o(.bss)
    hdma_spi1_tx                             0x20000550   Data          96  spi.o(.bss)
    htim1                                    0x200005b0   Data          72  tim.o(.bss)
    htim4                                    0x200005f8   Data          72  tim.o(.bss)
    htim5                                    0x20000640   Data          72  tim.o(.bss)
    htim8                                    0x20000688   Data          72  tim.o(.bss)
    htim10                                   0x200006d0   Data          72  tim.o(.bss)
    huart3                                   0x20000718   Data          68  usart.o(.bss)
    hdma_usart3_rx                           0x2000075c   Data          96  usart.o(.bss)
    htim14                                   0x200007bc   Data          72  stm32f4xx_hal_timebase_tim.o(.bss)
    rc_ctrl                                  0x20000804   Data          22  remote_control.o(.bss)
    shoot_control                            0x20000a14   Data         308  shoot_task.o(.bss)
    INS_gyro                                 0x20000b6c   Data          12  ins_task.o(.bss)
    INS_accel                                0x20000b78   Data          12  ins_task.o(.bss)
    INS_mag                                  0x20000b84   Data          12  ins_task.o(.bss)
    INS_quat                                 0x20000b90   Data          16  ins_task.o(.bss)
    INS_angle                                0x20000ba0   Data          12  ins_task.o(.bss)
    accel_dma_rx_buf                         0x20000bac   Data           9  ins_task.o(.bss)
    bmi088_real_data                         0x20000bb8   Data          36  ins_task.o(.bss)
    accel_offset                             0x20000bdc   Data          12  ins_task.o(.bss)
    imu_temp_pid                             0x20000be8   Data          72  ins_task.o(.bss)
    gyrooffset                               0x20000c30   Data          12  ins_task.o(.bss)
    chassis_move                             0x20000c3c   Data         668  chassis_task.o(.bss)
    __libspace_start                         0x20004bc8   Data          96  libspace.o(.bss)
    __temporary_stack_top$libspace           0x20004c28   Data           0  libspace.o(.bss)



==============================================================================

Memory Map of the image

  Image Entry point : 0x08000189

  Load Region LR_IROM1 (Base: 0x08000000, Size: 0x00009760, Max: 0x00100000, ABSOLUTE, COMPRESSED[0x00009628])

    Execution Region ER_IROM1 (Exec base: 0x08000000, Load base: 0x08000000, Size: 0x000095c0, Max: 0x00100000, ABSOLUTE)

    Exec Addr    Load Addr    Size         Type   Attr      Idx    E Section Name        Object

    0x08000000   0x08000000   0x00000188   Data   RO            3    RESET               startup_stm32f407xx.o
    0x08000188   0x08000188   0x00000008   Code   RO         7085  * !!!main             c_w.l(__main.o)
    0x08000190   0x08000190   0x00000034   Code   RO         7354    !!!scatter          c_w.l(__scatter.o)
    0x080001c4   0x080001c4   0x0000005a   Code   RO         7352    !!dczerorl2         c_w.l(__dczerorl2.o)
    0x0800021e   0x0800021e   0x00000002   PAD
    0x08000220   0x08000220   0x0000001c   Code   RO         7356    !!handler_zi        c_w.l(__scatter_zi.o)
    0x0800023c   0x0800023c   0x00000002   Code   RO         7225    .ARM.Collect$$libinit$$00000000  c_w.l(libinit.o)
    0x0800023e   0x0800023e   0x00000004   Code   RO         7234    .ARM.Collect$$libinit$$00000001  c_w.l(libinit2.o)
    0x08000242   0x08000242   0x00000000   Code   RO         7237    .ARM.Collect$$libinit$$00000004  c_w.l(libinit2.o)
    0x08000242   0x08000242   0x00000000   Code   RO         7240    .ARM.Collect$$libinit$$0000000A  c_w.l(libinit2.o)
    0x08000242   0x08000242   0x00000000   Code   RO         7242    .ARM.Collect$$libinit$$0000000C  c_w.l(libinit2.o)
    0x08000242   0x08000242   0x00000000   Code   RO         7244    .ARM.Collect$$libinit$$0000000E  c_w.l(libinit2.o)
    0x08000242   0x08000242   0x00000000   Code   RO         7247    .ARM.Collect$$libinit$$00000011  c_w.l(libinit2.o)
    0x08000242   0x08000242   0x00000000   Code   RO         7249    .ARM.Collect$$libinit$$00000013  c_w.l(libinit2.o)
    0x08000242   0x08000242   0x00000000   Code   RO         7251    .ARM.Collect$$libinit$$00000015  c_w.l(libinit2.o)
    0x08000242   0x08000242   0x00000000   Code   RO         7253    .ARM.Collect$$libinit$$00000017  c_w.l(libinit2.o)
    0x08000242   0x08000242   0x00000000   Code   RO         7255    .ARM.Collect$$libinit$$00000019  c_w.l(libinit2.o)
    0x08000242   0x08000242   0x00000000   Code   RO         7257    .ARM.Collect$$libinit$$0000001B  c_w.l(libinit2.o)
    0x08000242   0x08000242   0x00000000   Code   RO         7259    .ARM.Collect$$libinit$$0000001D  c_w.l(libinit2.o)
    0x08000242   0x08000242   0x00000000   Code   RO         7261    .ARM.Collect$$libinit$$0000001F  c_w.l(libinit2.o)
    0x08000242   0x08000242   0x00000000   Code   RO         7263    .ARM.Collect$$libinit$$00000021  c_w.l(libinit2.o)
    0x08000242   0x08000242   0x00000000   Code   RO         7265    .ARM.Collect$$libinit$$00000023  c_w.l(libinit2.o)
    0x08000242   0x08000242   0x00000000   Code   RO         7267    .ARM.Collect$$libinit$$00000025  c_w.l(libinit2.o)
    0x08000242   0x08000242   0x00000000   Code   RO         7271    .ARM.Collect$$libinit$$0000002C  c_w.l(libinit2.o)
    0x08000242   0x08000242   0x00000000   Code   RO         7273    .ARM.Collect$$libinit$$0000002E  c_w.l(libinit2.o)
    0x08000242   0x08000242   0x00000000   Code   RO         7275    .ARM.Collect$$libinit$$00000030  c_w.l(libinit2.o)
    0x08000242   0x08000242   0x00000000   Code   RO         7277    .ARM.Collect$$libinit$$00000032  c_w.l(libinit2.o)
    0x08000242   0x08000242   0x00000002   Code   RO         7278    .ARM.Collect$$libinit$$00000033  c_w.l(libinit2.o)
    0x08000244   0x08000244   0x00000002   Code   RO         7309    .ARM.Collect$$libshutdown$$00000000  c_w.l(libshutdown.o)
    0x08000246   0x08000246   0x00000000   Code   RO         7335    .ARM.Collect$$libshutdown$$00000002  c_w.l(libshutdown2.o)
    0x08000246   0x08000246   0x00000000   Code   RO         7337    .ARM.Collect$$libshutdown$$00000004  c_w.l(libshutdown2.o)
    0x08000246   0x08000246   0x00000000   Code   RO         7340    .ARM.Collect$$libshutdown$$00000007  c_w.l(libshutdown2.o)
    0x08000246   0x08000246   0x00000000   Code   RO         7343    .ARM.Collect$$libshutdown$$0000000A  c_w.l(libshutdown2.o)
    0x08000246   0x08000246   0x00000000   Code   RO         7345    .ARM.Collect$$libshutdown$$0000000C  c_w.l(libshutdown2.o)
    0x08000246   0x08000246   0x00000000   Code   RO         7348    .ARM.Collect$$libshutdown$$0000000F  c_w.l(libshutdown2.o)
    0x08000246   0x08000246   0x00000002   Code   RO         7349    .ARM.Collect$$libshutdown$$00000010  c_w.l(libshutdown2.o)
    0x08000248   0x08000248   0x00000000   Code   RO         7137    .ARM.Collect$$rtentry$$00000000  c_w.l(__rtentry.o)
    0x08000248   0x08000248   0x00000000   Code   RO         7188    .ARM.Collect$$rtentry$$00000002  c_w.l(__rtentry2.o)
    0x08000248   0x08000248   0x00000006   Code   RO         7200    .ARM.Collect$$rtentry$$00000004  c_w.l(__rtentry4.o)
    0x0800024e   0x0800024e   0x00000000   Code   RO         7190    .ARM.Collect$$rtentry$$00000009  c_w.l(__rtentry2.o)
    0x0800024e   0x0800024e   0x00000004   Code   RO         7191    .ARM.Collect$$rtentry$$0000000A  c_w.l(__rtentry2.o)
    0x08000252   0x08000252   0x00000000   Code   RO         7193    .ARM.Collect$$rtentry$$0000000C  c_w.l(__rtentry2.o)
    0x08000252   0x08000252   0x00000008   Code   RO         7194    .ARM.Collect$$rtentry$$0000000D  c_w.l(__rtentry2.o)
    0x0800025a   0x0800025a   0x00000002   Code   RO         7226    .ARM.Collect$$rtexit$$00000000  c_w.l(rtexit.o)
    0x0800025c   0x0800025c   0x00000000   Code   RO         7282    .ARM.Collect$$rtexit$$00000002  c_w.l(rtexit2.o)
    0x0800025c   0x0800025c   0x00000004   Code   RO         7283    .ARM.Collect$$rtexit$$00000003  c_w.l(rtexit2.o)
    0x08000260   0x08000260   0x00000006   Code   RO         7284    .ARM.Collect$$rtexit$$00000004  c_w.l(rtexit2.o)
    0x08000266   0x08000266   0x00000002   PAD
    0x08000268   0x08000268   0x000000be   Code   RO         6652    .emb_text           port.o
    0x08000326   0x08000326   0x00000002   PAD
    0x08000328   0x08000328   0x00000040   Code   RO            4    .text               startup_stm32f407xx.o
    0x08000368   0x08000368   0x000000ee   Code   RO         7069    .text               c_w.l(lludivv7m.o)
    0x08000456   0x08000456   0x0000003e   Code   RO         7071    .text               c_w.l(strlen.o)
    0x08000494   0x08000494   0x00000064   Code   RO         7075    .text               c_w.l(rt_memcpy_w.o)
    0x080004f8   0x080004f8   0x00000010   Code   RO         7079    .text               c_w.l(aeabi_memset.o)
    0x08000508   0x08000508   0x0000004e   Code   RO         7081    .text               c_w.l(rt_memclr_w.o)
    0x08000556   0x08000556   0x00000006   Code   RO         7083    .text               c_w.l(heapauxi.o)
    0x0800055c   0x0800055c   0x00000016   Code   RO         7142    .text               c_w.l(_rserrno.o)
    0x08000572   0x08000572   0x00000044   Code   RO         7144    .text               c_w.l(rt_memclr.o)
    0x080005b6   0x080005b6   0x00000002   PAD
    0x080005b8   0x080005b8   0x00000008   Code   RO         7207    .text               c_w.l(rt_errno_addr_intlibspace.o)
    0x080005c0   0x080005c0   0x00000008   Code   RO         7209    .text               c_w.l(libspace.o)
    0x080005c8   0x080005c8   0x0000004a   Code   RO         7212    .text               c_w.l(sys_stackheap_outer.o)
    0x08000612   0x08000612   0x00000012   Code   RO         7214    .text               c_w.l(exit.o)
    0x08000624   0x08000624   0x0000000c   Code   RO         7279    .text               c_w.l(sys_exit.o)
    0x08000630   0x08000630   0x00000002   Code   RO         7298    .text               c_w.l(use_no_semi.o)
    0x08000632   0x08000632   0x00000000   Code   RO         7300    .text               c_w.l(indicate_semi.o)
    0x08000632   0x08000632   0x00000002   PAD
    0x08000634   0x08000634   0x00000020   Code   RO         4742    i.AHRS_init         ins_task.o
    0x08000654   0x08000654   0x00000010   Code   RO         6994    i.BMI088_ACCEL_NS_H  bmi088middleware.o
    0x08000664   0x08000664   0x00000010   Code   RO         6995    i.BMI088_ACCEL_NS_L  bmi088middleware.o
    0x08000674   0x08000674   0x00000002   Code   RO         6996    i.BMI088_GPIO_init  bmi088middleware.o
    0x08000676   0x08000676   0x00000002   PAD
    0x08000678   0x08000678   0x00000010   Code   RO         6997    i.BMI088_GYRO_NS_H  bmi088middleware.o
    0x08000688   0x08000688   0x00000010   Code   RO         6998    i.BMI088_GYRO_NS_L  bmi088middleware.o
    0x08000698   0x08000698   0x00000088   Code   RO         6858    i.BMI088_accel_read_over  bmi088driver.o
    0x08000720   0x08000720   0x00000002   Code   RO         6999    i.BMI088_com_init   bmi088middleware.o
    0x08000722   0x08000722   0x00000004   Code   RO         7000    i.BMI088_delay_ms   bmi088middleware.o
    0x08000726   0x08000726   0x00000004   Code   RO         7001    i.BMI088_delay_us   bmi088middleware.o
    0x0800072a   0x0800072a   0x00000002   PAD
    0x0800072c   0x0800072c   0x00000060   Code   RO         6859    i.BMI088_gyro_read_over  bmi088driver.o
    0x0800078c   0x0800078c   0x0000002e   Code   RO         6860    i.BMI088_init       bmi088driver.o
    0x080007ba   0x080007ba   0x00000002   PAD
    0x080007bc   0x080007bc   0x0000015c   Code   RO         6861    i.BMI088_read       bmi088driver.o
    0x08000918   0x08000918   0x00000024   Code   RO         6864    i.BMI088_read_muli_reg  bmi088driver.o
    0x0800093c   0x0800093c   0x00000016   Code   RO         6865    i.BMI088_read_single_reg  bmi088driver.o
    0x08000952   0x08000952   0x00000002   PAD
    0x08000954   0x08000954   0x00000020   Code   RO         7002    i.BMI088_read_write_byte  bmi088middleware.o
    0x08000974   0x08000974   0x00000030   Code   RO         6866    i.BMI088_temperature_read_over  bmi088driver.o
    0x080009a4   0x080009a4   0x00000012   Code   RO         6867    i.BMI088_write_single_reg  bmi088driver.o
    0x080009b6   0x080009b6   0x00000002   Code   RO          613    i.BusFault_Handler  stm32f4xx_it.o
    0x080009b8   0x080009b8   0x0000000c   Code   RO          614    i.CAN1_RX0_IRQHandler  stm32f4xx_it.o
    0x080009c4   0x080009c4   0x0000000c   Code   RO          615    i.CAN2_RX0_IRQHandler  stm32f4xx_it.o
    0x080009d0   0x080009d0   0x00000048   Code   RO         4561    i.CAN_cmd_chassis   can_receive.o
    0x08000a18   0x08000a18   0x00000048   Code   RO         4564    i.CAN_cmd_shoot     can_receive.o
    0x08000a60   0x08000a60   0x000000a4   Code   RO         4743    i.DMA2_Stream2_IRQHandler  ins_task.o
    0x08000b04   0x08000b04   0x0000002c   Code   RO         1514    i.DMA_CalcBaseAndBitshift  stm32f4xx_hal_dma.o
    0x08000b30   0x08000b30   0x00000078   Code   RO         1515    i.DMA_CheckFifoParam  stm32f4xx_hal_dma.o
    0x08000ba8   0x08000ba8   0x00000002   Code   RO          616    i.DebugMon_Handler  stm32f4xx_it.o
    0x08000baa   0x08000baa   0x00000006   Code   RO          617    i.EXTI0_IRQHandler  stm32f4xx_it.o
    0x08000bb0   0x08000bb0   0x00000006   Code   RO          618    i.EXTI3_IRQHandler  stm32f4xx_it.o
    0x08000bb6   0x08000bb6   0x00000006   Code   RO          619    i.EXTI4_IRQHandler  stm32f4xx_it.o
    0x08000bbc   0x08000bbc   0x00000006   Code   RO          620    i.EXTI9_5_IRQHandler  stm32f4xx_it.o
    0x08000bc2   0x08000bc2   0x00000004   Code   RO           13    i.Error_Handler     main.o
    0x08000bc6   0x08000bc6   0x00000024   Code   RO          777    i.HAL_CAN_ActivateNotification  stm32f4xx_hal_can.o
    0x08000bea   0x08000bea   0x000000f2   Code   RO          778    i.HAL_CAN_AddTxMessage  stm32f4xx_hal_can.o
    0x08000cdc   0x08000cdc   0x00000110   Code   RO          779    i.HAL_CAN_ConfigFilter  stm32f4xx_hal_can.o
    0x08000dec   0x08000dec   0x00000002   Code   RO          782    i.HAL_CAN_ErrorCallback  stm32f4xx_hal_can.o
    0x08000dee   0x08000dee   0x00000106   Code   RO          785    i.HAL_CAN_GetRxMessage  stm32f4xx_hal_can.o
    0x08000ef4   0x08000ef4   0x000001fc   Code   RO          789    i.HAL_CAN_IRQHandler  stm32f4xx_hal_can.o
    0x080010f0   0x080010f0   0x00000152   Code   RO          790    i.HAL_CAN_Init      stm32f4xx_hal_can.o
    0x08001242   0x08001242   0x00000002   PAD
    0x08001244   0x08001244   0x00000100   Code   RO          343    i.HAL_CAN_MspInit   can.o
    0x08001344   0x08001344   0x00000002   Code   RO          797    i.HAL_CAN_RxFifo0FullCallback  stm32f4xx_hal_can.o
    0x08001346   0x08001346   0x00000002   PAD
    0x08001348   0x08001348   0x00000100   Code   RO         4566    i.HAL_CAN_RxFifo0MsgPendingCallback  can_receive.o
    0x08001448   0x08001448   0x00000002   Code   RO          799    i.HAL_CAN_RxFifo1FullCallback  stm32f4xx_hal_can.o
    0x0800144a   0x0800144a   0x00000002   Code   RO          800    i.HAL_CAN_RxFifo1MsgPendingCallback  stm32f4xx_hal_can.o
    0x0800144c   0x0800144c   0x00000002   Code   RO          801    i.HAL_CAN_SleepCallback  stm32f4xx_hal_can.o
    0x0800144e   0x0800144e   0x00000058   Code   RO          802    i.HAL_CAN_Start     stm32f4xx_hal_can.o
    0x080014a6   0x080014a6   0x00000002   Code   RO          804    i.HAL_CAN_TxMailbox0AbortCallback  stm32f4xx_hal_can.o
    0x080014a8   0x080014a8   0x00000002   Code   RO          805    i.HAL_CAN_TxMailbox0CompleteCallback  stm32f4xx_hal_can.o
    0x080014aa   0x080014aa   0x00000002   Code   RO          806    i.HAL_CAN_TxMailbox1AbortCallback  stm32f4xx_hal_can.o
    0x080014ac   0x080014ac   0x00000002   Code   RO          807    i.HAL_CAN_TxMailbox1CompleteCallback  stm32f4xx_hal_can.o
    0x080014ae   0x080014ae   0x00000002   Code   RO          808    i.HAL_CAN_TxMailbox2AbortCallback  stm32f4xx_hal_can.o
    0x080014b0   0x080014b0   0x00000002   Code   RO          809    i.HAL_CAN_TxMailbox2CompleteCallback  stm32f4xx_hal_can.o
    0x080014b2   0x080014b2   0x00000002   Code   RO          811    i.HAL_CAN_WakeUpFromRxMsgCallback  stm32f4xx_hal_can.o
    0x080014b4   0x080014b4   0x000000d4   Code   RO         1523    i.HAL_DMA_Init      stm32f4xx_hal_dma.o
    0x08001588   0x08001588   0x00000078   Code   RO         4744    i.HAL_GPIO_EXTI_Callback  ins_task.o
    0x08001600   0x08001600   0x00000018   Code   RO         1409    i.HAL_GPIO_EXTI_IRQHandler  stm32f4xx_hal_gpio.o
    0x08001618   0x08001618   0x000001d0   Code   RO         1410    i.HAL_GPIO_Init     stm32f4xx_hal_gpio.o
    0x080017e8   0x080017e8   0x0000000e   Code   RO         1414    i.HAL_GPIO_WritePin  stm32f4xx_hal_gpio.o
    0x080017f6   0x080017f6   0x00000002   PAD
    0x080017f8   0x080017f8   0x0000000c   Code   RO         1942    i.HAL_GetTick       stm32f4xx_hal.o
    0x08001804   0x08001804   0x00000198   Code   RO         2198    i.HAL_I2C_Init      stm32f4xx_hal_i2c.o
    0x0800199c   0x0800199c   0x00000094   Code   RO          416    i.HAL_I2C_MspInit   i2c.o
    0x08001a30   0x08001a30   0x00000010   Code   RO         1948    i.HAL_IncTick       stm32f4xx_hal.o
    0x08001a40   0x08001a40   0x00000034   Code   RO         1949    i.HAL_Init          stm32f4xx_hal.o
    0x08001a74   0x08001a74   0x00000098   Code   RO          737    i.HAL_InitTick      stm32f4xx_hal_timebase_tim.o
    0x08001b0c   0x08001b0c   0x00000038   Code   RO          713    i.HAL_MspInit       stm32f4xx_hal_msp.o
    0x08001b44   0x08001b44   0x0000001a   Code   RO         1799    i.HAL_NVIC_EnableIRQ  stm32f4xx_hal_cortex.o
    0x08001b5e   0x08001b5e   0x00000002   PAD
    0x08001b60   0x08001b60   0x00000040   Code   RO         1805    i.HAL_NVIC_SetPriority  stm32f4xx_hal_cortex.o
    0x08001ba0   0x08001ba0   0x00000024   Code   RO         1806    i.HAL_NVIC_SetPriorityGrouping  stm32f4xx_hal_cortex.o
    0x08001bc4   0x08001bc4   0x0000014c   Code   RO         1011    i.HAL_RCC_ClockConfig  stm32f4xx_hal_rcc.o
    0x08001d10   0x08001d10   0x0000003c   Code   RO         1015    i.HAL_RCC_GetClockConfig  stm32f4xx_hal_rcc.o
    0x08001d4c   0x08001d4c   0x0000000c   Code   RO         1016    i.HAL_RCC_GetHCLKFreq  stm32f4xx_hal_rcc.o
    0x08001d58   0x08001d58   0x00000020   Code   RO         1018    i.HAL_RCC_GetPCLK1Freq  stm32f4xx_hal_rcc.o
    0x08001d78   0x08001d78   0x00000020   Code   RO         1019    i.HAL_RCC_GetPCLK2Freq  stm32f4xx_hal_rcc.o
    0x08001d98   0x08001d98   0x0000006c   Code   RO         1020    i.HAL_RCC_GetSysClockFreq  stm32f4xx_hal_rcc.o
    0x08001e04   0x08001e04   0x000003c0   Code   RO         1023    i.HAL_RCC_OscConfig  stm32f4xx_hal_rcc.o
    0x080021c4   0x080021c4   0x000000be   Code   RO         2688    i.HAL_SPI_Init      stm32f4xx_hal_spi.o
    0x08002282   0x08002282   0x00000002   PAD
    0x08002284   0x08002284   0x00000110   Code   RO          458    i.HAL_SPI_MspInit   spi.o
    0x08002394   0x08002394   0x000001e4   Code   RO         2697    i.HAL_SPI_TransmitReceive  stm32f4xx_hal_spi.o
    0x08002578   0x08002578   0x00000002   Code   RO         3716    i.HAL_TIMEx_BreakCallback  stm32f4xx_hal_tim_ex.o
    0x0800257a   0x0800257a   0x00000002   Code   RO         3717    i.HAL_TIMEx_CommutCallback  stm32f4xx_hal_tim_ex.o
    0x0800257c   0x0800257c   0x00000054   Code   RO         3719    i.HAL_TIMEx_ConfigBreakDeadTime  stm32f4xx_hal_tim_ex.o
    0x080025d0   0x080025d0   0x00000090   Code   RO         3735    i.HAL_TIMEx_MasterConfigSynchronization  stm32f4xx_hal_tim_ex.o
    0x08002660   0x08002660   0x0000004a   Code   RO         3001    i.HAL_TIM_Base_Init  stm32f4xx_hal_tim.o
    0x080026aa   0x080026aa   0x00000002   PAD
    0x080026ac   0x080026ac   0x000000ac   Code   RO          500    i.HAL_TIM_Base_MspInit  tim.o
    0x08002758   0x08002758   0x00000080   Code   RO         3004    i.HAL_TIM_Base_Start  stm32f4xx_hal_tim.o
    0x080027d8   0x080027d8   0x0000008c   Code   RO         3006    i.HAL_TIM_Base_Start_IT  stm32f4xx_hal_tim.o
    0x08002864   0x08002864   0x000000e8   Code   RO         3010    i.HAL_TIM_ConfigClockSource  stm32f4xx_hal_tim.o
    0x0800294c   0x0800294c   0x00000002   Code   RO         3035    i.HAL_TIM_IC_CaptureCallback  stm32f4xx_hal_tim.o
    0x0800294e   0x0800294e   0x0000016e   Code   RO         3049    i.HAL_TIM_IRQHandler  stm32f4xx_hal_tim.o
    0x08002abc   0x08002abc   0x00000150   Code   RO          501    i.HAL_TIM_MspPostInit  tim.o
    0x08002c0c   0x08002c0c   0x00000002   Code   RO         3052    i.HAL_TIM_OC_DelayElapsedCallback  stm32f4xx_hal_tim.o
    0x08002c0e   0x08002c0e   0x000000d8   Code   RO         3073    i.HAL_TIM_PWM_ConfigChannel  stm32f4xx_hal_tim.o
    0x08002ce6   0x08002ce6   0x0000004a   Code   RO         3076    i.HAL_TIM_PWM_Init  stm32f4xx_hal_tim.o
    0x08002d30   0x08002d30   0x00000002   Code   RO         3078    i.HAL_TIM_PWM_MspInit  stm32f4xx_hal_tim.o
    0x08002d32   0x08002d32   0x00000002   Code   RO         3079    i.HAL_TIM_PWM_PulseFinishedCallback  stm32f4xx_hal_tim.o
    0x08002d34   0x08002d34   0x000000dc   Code   RO         3081    i.HAL_TIM_PWM_Start  stm32f4xx_hal_tim.o
    0x08002e10   0x08002e10   0x00000014   Code   RO           14    i.HAL_TIM_PeriodElapsedCallback  main.o
    0x08002e24   0x08002e24   0x00000002   Code   RO         3092    i.HAL_TIM_TriggerCallback  stm32f4xx_hal_tim.o
    0x08002e26   0x08002e26   0x00000064   Code   RO         4012    i.HAL_UART_Init     stm32f4xx_hal_uart.o
    0x08002e8a   0x08002e8a   0x00000002   PAD
    0x08002e8c   0x08002e8c   0x000000b8   Code   RO          572    i.HAL_UART_MspInit  usart.o
    0x08002f44   0x08002f44   0x00000002   Code   RO          621    i.HardFault_Handler  stm32f4xx_it.o
    0x08002f46   0x08002f46   0x00000002   PAD
    0x08002f48   0x08002f48   0x000000b4   Code   RO         4745    i.INS_gyrooffset_calculate  ins_task.o
    0x08002ffc   0x08002ffc   0x00000244   Code   RO         4746    i.INS_task          ins_task.o
    0x08003240   0x08003240   0x00000044   Code   RO          344    i.MX_CAN1_Init      can.o
    0x08003284   0x08003284   0x00000044   Code   RO          345    i.MX_CAN2_Init      can.o
    0x080032c8   0x080032c8   0x0000005c   Code   RO          391    i.MX_DMA_Init       dma.o
    0x08003324   0x08003324   0x00000068   Code   RO          274    i.MX_FREERTOS_Init  freertos.o
    0x0800338c   0x0800338c   0x0000017c   Code   RO          250    i.MX_GPIO_Init      gpio.o
    0x08003508   0x08003508   0x00000040   Code   RO          417    i.MX_I2C3_Init      i2c.o
    0x08003548   0x08003548   0x00000048   Code   RO          459    i.MX_SPI1_Init      spi.o
    0x08003590   0x08003590   0x00000064   Code   RO          502    i.MX_TIM10_Init     tim.o
    0x080035f4   0x080035f4   0x000000e8   Code   RO          503    i.MX_TIM1_Init      tim.o
    0x080036dc   0x080036dc   0x00000098   Code   RO          504    i.MX_TIM4_Init      tim.o
    0x08003774   0x08003774   0x000000b8   Code   RO          505    i.MX_TIM5_Init      tim.o
    0x0800382c   0x0800382c   0x000000e8   Code   RO          506    i.MX_TIM8_Init      tim.o
    0x08003914   0x08003914   0x00000040   Code   RO          573    i.MX_USART3_UART_Init  usart.o
    0x08003954   0x08003954   0x000001ec   Code   RO         4747    i.MahonyAHRSupdateIMU  ins_task.o
    0x08003b40   0x08003b40   0x00000002   Code   RO          622    i.MemManage_Handler  stm32f4xx_it.o
    0x08003b42   0x08003b42   0x00000002   Code   RO          623    i.NMI_Handler       stm32f4xx_it.o
    0x08003b44   0x08003b44   0x00000160   Code   RO         6733    i.PID_calc          pid.o
    0x08003ca4   0x08003ca4   0x00000040   Code   RO         6734    i.PID_clear         pid.o
    0x08003ce4   0x08003ce4   0x0000004c   Code   RO         6735    i.PID_init          pid.o
    0x08003d30   0x08003d30   0x0000006c   Code   RO         4992    i.RC_init           bsp_rc.o
    0x08003d9c   0x08003d9c   0x00000016   Code   RO         4509    i.Robot_init        default_task.o
    0x08003db2   0x08003db2   0x00000002   PAD
    0x08003db4   0x08003db4   0x0000184c   Code   RO         5310    i.SPI1_DMA_enable   bsp_spi.o
    0x08005600   0x08005600   0x0000010c   Code   RO         5311    i.SPI1_DMA_init     bsp_spi.o
    0x0800570c   0x0800570c   0x0000005c   Code   RO         2726    i.SPI_EndRxTxTransaction  stm32f4xx_hal_spi.o
    0x08005768   0x08005768   0x000000bc   Code   RO         2731    i.SPI_WaitFlagStateUntilTimeout  stm32f4xx_hal_spi.o
    0x08005824   0x08005824   0x0000002c   Code   RO         6653    i.SysTick_Handler   port.o
    0x08005850   0x08005850   0x00000094   Code   RO           15    i.SystemClock_Config  main.o
    0x080058e4   0x080058e4   0x00000010   Code   RO         4351    i.SystemInit        system_stm32f4xx.o
    0x080058f4   0x080058f4   0x0000001c   Code   RO          624    i.TIM8_TRG_COM_TIM14_IRQHandler  stm32f4xx_it.o
    0x08005910   0x08005910   0x000000cc   Code   RO         3094    i.TIM_Base_SetConfig  stm32f4xx_hal_tim.o
    0x080059dc   0x080059dc   0x0000001a   Code   RO         3095    i.TIM_CCxChannelCmd  stm32f4xx_hal_tim.o
    0x080059f6   0x080059f6   0x00000014   Code   RO         3105    i.TIM_ETR_SetConfig  stm32f4xx_hal_tim.o
    0x08005a0a   0x08005a0a   0x00000010   Code   RO         3106    i.TIM_ITRx_SetConfig  stm32f4xx_hal_tim.o
    0x08005a1a   0x08005a1a   0x00000002   PAD
    0x08005a1c   0x08005a1c   0x00000068   Code   RO         3107    i.TIM_OC1_SetConfig  stm32f4xx_hal_tim.o
    0x08005a84   0x08005a84   0x00000074   Code   RO         3108    i.TIM_OC2_SetConfig  stm32f4xx_hal_tim.o
    0x08005af8   0x08005af8   0x00000070   Code   RO         3109    i.TIM_OC3_SetConfig  stm32f4xx_hal_tim.o
    0x08005b68   0x08005b68   0x00000054   Code   RO         3110    i.TIM_OC4_SetConfig  stm32f4xx_hal_tim.o
    0x08005bbc   0x08005bbc   0x00000022   Code   RO         3112    i.TIM_TI1_ConfigInputStage  stm32f4xx_hal_tim.o
    0x08005bde   0x08005bde   0x00000024   Code   RO         3114    i.TIM_TI2_ConfigInputStage  stm32f4xx_hal_tim.o
    0x08005c02   0x08005c02   0x00000002   PAD
    0x08005c04   0x08005c04   0x00000114   Code   RO         4039    i.UART_SetConfig    stm32f4xx_hal_uart.o
    0x08005d18   0x08005d18   0x000000c0   Code   RO         4388    i.USART3_IRQHandler  remote_control.o
    0x08005dd8   0x08005dd8   0x00000002   Code   RO          625    i.UsageFault_Handler  stm32f4xx_it.o
    0x08005dda   0x08005dda   0x00000026   Code   RO         7159    i.__ARM_fpclassifyf  m_wm.l(fpclassifyf.o)
    0x08005e00   0x08005e00   0x00000020   Code   RO         1812    i.__NVIC_SetPriority  stm32f4xx_hal_cortex.o
    0x08005e20   0x08005e20   0x0000012c   Code   RO         7103    i.__hardfp_asinf    m_wm.l(asinf.o)
    0x08005f4c   0x08005f4c   0x00000250   Code   RO         7115    i.__hardfp_atan2f   m_wm.l(atan2f.o)
    0x0800619c   0x0800619c   0x00000014   Code   RO         7127    i.__hardfp_fabs     m_wm.l(fabs.o)
    0x080061b0   0x080061b0   0x000000e0   Code   RO         7133    i.__hardfp_round    m_wm.l(round.o)
    0x08006290   0x08006290   0x00000006   Code   RO         7162    i.__mathlib_flt_infnan  m_wm.l(funder.o)
    0x08006296   0x08006296   0x00000006   Code   RO         7163    i.__mathlib_flt_infnan2  m_wm.l(funder.o)
    0x0800629c   0x0800629c   0x00000010   Code   RO         7164    i.__mathlib_flt_invalid  m_wm.l(funder.o)
    0x080062ac   0x080062ac   0x00000010   Code   RO         7167    i.__mathlib_flt_underflow  m_wm.l(funder.o)
    0x080062bc   0x080062bc   0x00000128   Code   RO         6868    i.bmi088_accel_init  bmi088driver.o
    0x080063e4   0x080063e4   0x000002bc   Code   RO         6869    i.bmi088_accel_self_test  bmi088driver.o
    0x080066a0   0x080066a0   0x000000dc   Code   RO         6870    i.bmi088_gyro_init  bmi088driver.o
    0x0800677c   0x0800677c   0x000000ca   Code   RO         6871    i.bmi088_gyro_self_test  bmi088driver.o
    0x08006846   0x08006846   0x00000002   PAD
    0x08006848   0x08006848   0x00000018   Code   RO         5093    i.buzzer_init       bsp_buzzer.o
    0x08006860   0x08006860   0x00000058   Code   RO         5150    i.can_filter_init   bsp_can.o
    0x080068b8   0x080068b8   0x00000150   Code   RO         4892    i.chassis_control_loop  chassis_task.o
    0x08006a08   0x08006a08   0x0000002e   Code   RO         4893    i.chassis_control_vector_set  chassis_task.o
    0x08006a36   0x08006a36   0x00000002   PAD
    0x08006a38   0x08006a38   0x00000100   Code   RO         4894    i.chassis_feedback_update  chassis_task.o
    0x08006b38   0x08006b38   0x000000cc   Code   RO         4895    i.chassis_follow_chassis_yaw_control  chassis_task.o
    0x08006c04   0x08006c04   0x00000094   Code   RO         4896    i.chassis_follow_gimbal_yaw_control  chassis_task.o
    0x08006c98   0x08006c98   0x0000006c   Code   RO         4897    i.chassis_independent_control  chassis_task.o
    0x08006d04   0x08006d04   0x00000124   Code   RO         4898    i.chassis_init      chassis_task.o
    0x08006e28   0x08006e28   0x0000007c   Code   RO         4899    i.chassis_mode_change_control_transit  chassis_task.o
    0x08006ea4   0x08006ea4   0x00000044   Code   RO         4900    i.chassis_raw_control  chassis_task.o
    0x08006ee8   0x08006ee8   0x000000fc   Code   RO         4901    i.chassis_rc_to_control_vector  chassis_task.o
    0x08006fe4   0x08006fe4   0x00000034   Code   RO         4902    i.chassis_set_mode  chassis_task.o
    0x08007018   0x08007018   0x00000040   Code   RO         4903    i.chassis_task      chassis_task.o
    0x08007058   0x08007058   0x00000048   Code   RO         4904    i.chassis_vector_to_mecanum_wheel_speed  chassis_task.o
    0x080070a0   0x080070a0   0x0000001c   Code   RO         4905    i.chassis_zero_force_control  chassis_task.o
    0x080070bc   0x080070bc   0x00000018   Code   RO         4510    i.default_task      default_task.o
    0x080070d4   0x080070d4   0x00000038   Code   RO         5214    i.delay_us          bsp_delay.o
    0x0800710c   0x0800710c   0x0000004e   Code   RO         6775    i.first_order_filter_cali  user_lib.o
    0x0800715a   0x0800715a   0x00000012   Code   RO         6776    i.first_order_filter_init  user_lib.o
    0x0800716c   0x0800716c   0x00000020   Code   RO         6777    i.fp32_constrain    user_lib.o
    0x0800718c   0x0800718c   0x00000008   Code   RO         4748    i.get_INS_angle_point  ins_task.o
    0x08007194   0x08007194   0x000000f4   Code   RO         4750    i.get_angle         ins_task.o
    0x08007288   0x08007288   0x00000014   Code   RO         4567    i.get_chassis_motor_measure_point  can_receive.o
    0x0800729c   0x0800729c   0x00000008   Code   RO         4568    i.get_fric1_motor_measure_point  can_receive.o
    0x080072a4   0x080072a4   0x00000008   Code   RO         4569    i.get_fric2_motor_measure_point  can_receive.o
    0x080072ac   0x080072ac   0x0000000e   Code   RO         4570    i.get_moto_offset   can_receive.o
    0x080072ba   0x080072ba   0x00000028   Code   RO         4571    i.get_motor_measure  can_receive.o
    0x080072e2   0x080072e2   0x00000002   PAD
    0x080072e4   0x080072e4   0x00000008   Code   RO         4389    i.get_remote_control_point  remote_control.o
    0x080072ec   0x080072ec   0x00000008   Code   RO         4511    i.get_robot_point   default_task.o
    0x080072f4   0x080072f4   0x00000014   Code   RO         4572    i.get_steer_motor_measure_point  can_receive.o
    0x08007308   0x08007308   0x0000005c   Code   RO         4573    i.get_total_angle   can_receive.o
    0x08007364   0x08007364   0x00000008   Code   RO         4574    i.get_trigger_motor_measure_point  can_receive.o
    0x0800736c   0x0800736c   0x000000a4   Code   RO         4752    i.imu_cali_slove    ins_task.o
    0x08007410   0x08007410   0x00000108   Code   RO         4753    i.imu_cmd_spi_dma   ins_task.o
    0x08007518   0x08007518   0x0000000c   Code   RO         5253    i.imu_pwm_set       bsp_imu_pwm.o
    0x08007524   0x08007524   0x00000088   Code   RO         4754    i.imu_temp_control  ins_task.o
    0x080075ac   0x080075ac   0x00000006   Code   RO          277    i.ins_task          freertos.o
    0x080075b2   0x080075b2   0x00000002   PAD
    0x080075b4   0x080075b4   0x0000002c   Code   RO         4755    i.invSqrt           ins_task.o
    0x080075e0   0x080075e0   0x00000046   Code   RO         6781    i.loop_fp32_constrain  user_lib.o
    0x08007626   0x08007626   0x00000052   Code   RO           16    i.main              main.o
    0x08007678   0x08007678   0x0000000c   Code   RO         6206    i.makeFreeRtosPriority  cmsis_os.o
    0x08007684   0x08007684   0x00000010   Code   RO         6208    i.osDelay           cmsis_os.o
    0x08007694   0x08007694   0x0000000a   Code   RO         6211    i.osKernelStart     cmsis_os.o
    0x0800769e   0x0800769e   0x00000058   Code   RO         6245    i.osThreadCreate    cmsis_os.o
    0x080076f6   0x080076f6   0x00000002   PAD
    0x080076f8   0x080076f8   0x00000024   Code   RO         5831    i.pcTaskGetName     tasks.o
    0x0800771c   0x0800771c   0x00000078   Code   RO         5832    i.prvAddCurrentTaskToDelayedList  tasks.o
    0x08007794   0x08007794   0x00000088   Code   RO         5833    i.prvAddNewTaskToReadyList  tasks.o
    0x0800781c   0x0800781c   0x0000003c   Code   RO         5834    i.prvCheckTasksWaitingTermination  tasks.o
    0x08007858   0x08007858   0x00000040   Code   RO         5835    i.prvDeleteTCB      tasks.o
    0x08007898   0x08007898   0x0000004c   Code   RO         6585    i.prvHeapInit       heap_4.o
    0x080078e4   0x080078e4   0x00000028   Code   RO         5836    i.prvIdleTask       tasks.o
    0x0800790c   0x0800790c   0x000000ac   Code   RO         5837    i.prvInitialiseNewTask  tasks.o
    0x080079b8   0x080079b8   0x00000058   Code   RO         5838    i.prvInitialiseTaskLists  tasks.o
    0x08007a10   0x08007a10   0x00000054   Code   RO         6586    i.prvInsertBlockIntoFreeList  heap_4.o
    0x08007a64   0x08007a64   0x00000024   Code   RO         5839    i.prvResetNextTaskUnblockTime  tasks.o
    0x08007a88   0x08007a88   0x00000066   Code   RO         5840    i.prvSearchForNameWithinSingleList  tasks.o
    0x08007aee   0x08007aee   0x00000014   Code   RO         5841    i.prvTaskCheckFreeStackSpace  tasks.o
    0x08007b02   0x08007b02   0x00000002   PAD
    0x08007b04   0x08007b04   0x0000002c   Code   RO         6654    i.prvTaskExitError  port.o
    0x08007b30   0x08007b30   0x000000dc   Code   RO         6587    i.pvPortMalloc      heap_4.o
    0x08007c0c   0x08007c0c   0x00000024   Code   RO         6655    i.pxPortInitialiseStack  port.o
    0x08007c30   0x08007c30   0x00000010   Code   RO         4390    i.remote_control_init  remote_control.o
    0x08007c40   0x08007c40   0x0000002a   Code   RO         4512    i.robot_mode_set    default_task.o
    0x08007c6a   0x08007c6a   0x000000b4   Code   RO         4391    i.sbus_to_rc        remote_control.o
    0x08007d1e   0x08007d1e   0x00000002   PAD
    0x08007d20   0x08007d20   0x00000054   Code   RO         5178    i.servo_pwm_init    bsp_servo_pwm.o
    0x08007d74   0x08007d74   0x00000160   Code   RO         4670    i.shoot_bullet_control  shoot_task.o
    0x08007ed4   0x08007ed4   0x00000178   Code   RO         4671    i.shoot_control_loop  shoot_task.o
    0x0800804c   0x0800804c   0x00000110   Code   RO         4672    i.shoot_feedback_update  shoot_task.o
    0x0800815c   0x0800815c   0x000000ec   Code   RO         4673    i.shoot_init        shoot_task.o
    0x08008248   0x08008248   0x000000ec   Code   RO         4674    i.shoot_set_mode    shoot_task.o
    0x08008334   0x08008334   0x00000044   Code   RO         4675    i.shoot_task        shoot_task.o
    0x08008378   0x08008378   0x0000003e   Code   RO         7177    i.sqrtf             m_wm.l(sqrtf.o)
    0x080083b6   0x080083b6   0x00000002   PAD
    0x080083b8   0x080083b8   0x00000088   Code   RO         4676    i.trigger_motor_turn_back  shoot_task.o
    0x08008440   0x08008440   0x00000068   Code   RO         5844    i.ulTaskNotifyTake  tasks.o
    0x080084a8   0x080084a8   0x00000026   Code   RO         5445    i.uxListRemove      list.o
    0x080084ce   0x080084ce   0x00000002   PAD
    0x080084d0   0x080084d0   0x00000014   Code   RO         5847    i.uxTaskGetStackHighWaterMark  tasks.o
    0x080084e4   0x080084e4   0x00000014   Code   RO          279    i.vApplicationGetIdleTaskMemory  freertos.o
    0x080084f8   0x080084f8   0x00000016   Code   RO         5446    i.vListInitialise   list.o
    0x0800850e   0x0800850e   0x00000006   Code   RO         5447    i.vListInitialiseItem  list.o
    0x08008514   0x08008514   0x00000030   Code   RO         5448    i.vListInsert       list.o
    0x08008544   0x08008544   0x00000018   Code   RO         5449    i.vListInsertEnd    list.o
    0x0800855c   0x0800855c   0x00000040   Code   RO         6657    i.vPortEnterCritical  port.o
    0x0800859c   0x0800859c   0x0000002c   Code   RO         6658    i.vPortExitCritical  port.o
    0x080085c8   0x080085c8   0x00000064   Code   RO         6588    i.vPortFree         heap_4.o
    0x0800862c   0x0800862c   0x00000024   Code   RO         6659    i.vPortSetupTimerInterrupt  port.o
    0x08008650   0x08008650   0x00000054   Code   RO         6660    i.vPortValidateInterruptPriority  port.o
    0x080086a4   0x080086a4   0x00000050   Code   RO         5852    i.vTaskDelay        tasks.o
    0x080086f4   0x080086f4   0x000000bc   Code   RO         5858    i.vTaskNotifyGiveFromISR  tasks.o
    0x080087b0   0x080087b0   0x00000088   Code   RO         5866    i.vTaskStartScheduler  tasks.o
    0x08008838   0x08008838   0x00000010   Code   RO         5868    i.vTaskSuspendAll   tasks.o
    0x08008848   0x08008848   0x00000060   Code   RO         5869    i.vTaskSwitchContext  tasks.o
    0x080088a8   0x080088a8   0x000000f4   Code   RO         6661    i.xPortStartScheduler  port.o
    0x0800899c   0x0800899c   0x00000064   Code   RO         5873    i.xTaskCreate       tasks.o
    0x08008a00   0x08008a00   0x0000005c   Code   RO         5874    i.xTaskCreateStatic  tasks.o
    0x08008a5c   0x08008a5c   0x00000088   Code   RO         5878    i.xTaskGetHandle    tasks.o
    0x08008ae4   0x08008ae4   0x0000001c   Code   RO         5879    i.xTaskGetSchedulerState  tasks.o
    0x08008b00   0x08008b00   0x000000d0   Code   RO         5882    i.xTaskIncrementTick  tasks.o
    0x08008bd0   0x08008bd0   0x000000cc   Code   RO         5888    i.xTaskResumeAll    tasks.o
    0x08008c9c   0x08008c9c   0x00000062   Code   RO         7087    x$fpl$d2f           fz_wm.l(d2f.o)
    0x08008cfe   0x08008cfe   0x00000002   PAD
    0x08008d00   0x08008d00   0x00000150   Code   RO         7089    x$fpl$dadd          fz_wm.l(daddsub_clz.o)
    0x08008e50   0x08008e50   0x00000018   Code   RO         7146    x$fpl$dcmpinf       fz_wm.l(dcmpi.o)
    0x08008e68   0x08008e68   0x00000078   Code   RO         7095    x$fpl$dleqf         fz_wm.l(dleqf.o)
    0x08008ee0   0x08008ee0   0x00000154   Code   RO         7097    x$fpl$dmul          fz_wm.l(dmul.o)
    0x08009034   0x08009034   0x0000009c   Code   RO         7148    x$fpl$dnaninf       fz_wm.l(dnaninf.o)
    0x080090d0   0x080090d0   0x0000000c   Code   RO         7150    x$fpl$dretinf       fz_wm.l(dretinf.o)
    0x080090dc   0x080090dc   0x0000006c   Code   RO         7099    x$fpl$drleqf        fz_wm.l(drleqf.o)
    0x08009148   0x08009148   0x000000b4   Code   RO         7152    x$fpl$drnd          fz_wm.l(drnd.o)
    0x080091fc   0x080091fc   0x000001d4   Code   RO         7091    x$fpl$dsub          fz_wm.l(daddsub_clz.o)
    0x080093d0   0x080093d0   0x00000056   Code   RO         7101    x$fpl$f2d           fz_wm.l(f2d.o)
    0x08009426   0x08009426   0x0000008c   Code   RO         7154    x$fpl$fnaninf       fz_wm.l(fnaninf.o)
    0x080094b2   0x080094b2   0x0000000a   Code   RO         7294    x$fpl$fpinit        fz_wm.l(fpinit.o)
    0x080094bc   0x080094bc   0x0000000a   Code   RO         7156    x$fpl$fretinf       fz_wm.l(fretinf.o)
    0x080094c6   0x080094c6   0x00000000   Code   RO         7158    x$fpl$usenofp       fz_wm.l(usenofp.o)
    0x080094c6   0x080094c6   0x00000002   PAD
    0x080094c8   0x080094c8   0x00000070   Data   RO          281    .constdata          freertos.o
    0x08009538   0x08009538   0x00000008   Data   RO         1529    .constdata          stm32f4xx_hal_dma.o
    0x08009540   0x08009540   0x00000010   Data   RO         4352    .constdata          system_stm32f4xx.o
    0x08009550   0x08009550   0x00000008   Data   RO         4353    .constdata          system_stm32f4xx.o
    0x08009558   0x08009558   0x00000008   Data   RO         4907    .constdata          chassis_task.o
    0x08009560   0x08009560   0x00000012   Data   RO         6876    .constdata          bmi088driver.o
    0x08009572   0x08009572   0x00000002   PAD
    0x08009574   0x08009574   0x0000002a   Data   RO          282    .conststring        freertos.o
    0x0800959e   0x0800959e   0x00000002   PAD
    0x080095a0   0x080095a0   0x00000020   Data   RO         7350    Region$$Table       anon$$obj.o


    Execution Region RW_IRAM1 (Exec base: 0x20000000, Load base: 0x080095c0, Size: 0x00005228, Max: 0x0001c000, ABSOLUTE, COMPRESSED[0x00000068])

    Exec Addr    Load Addr    Size         Type   Attr      Idx    E Section Name        Object

    0x20000000   COMPRESSED   0x00000010   Data   RW          283    .data               freertos.o
    0x20000010   COMPRESSED   0x00000004   Data   RW          347    .data               can.o
    0x20000014   COMPRESSED   0x0000000c   Data   RW         1956    .data               stm32f4xx_hal.o
    0x20000020   COMPRESSED   0x00000004   Data   RW         4354    .data               system_stm32f4xx.o
    0x20000024   COMPRESSED   0x00000002   Data   RW         4393    .data               remote_control.o
    0x20000026   COMPRESSED   0x00000002   PAD
    0x20000028   COMPRESSED   0x00000008   Data   RW         4513    .data               default_task.o
    0x20000030   COMPRESSED   0x00000022   Data   RW         4576    .data               can_receive.o
    0x20000052   COMPRESSED   0x00000002   PAD
    0x20000054   COMPRESSED   0x00000010   Data   RW         4679    .data               shoot_task.o
    0x20000064   COMPRESSED   0x0000009c   Data   RW         4758    .data               ins_task.o
    0x20000100   COMPRESSED   0x00000004   Data   RW         4908    .data               chassis_task.o
    0x20000104   COMPRESSED   0x00000008   Data   RW         5215    .data               bsp_delay.o
    0x2000010c   COMPRESSED   0x0000003c   Data   RW         5891    .data               tasks.o
    0x20000148   COMPRESSED   0x00000020   Data   RW         6594    .data               heap_4.o
    0x20000168   COMPRESSED   0x0000000c   Data   RW         6662    .data               port.o
    0x20000174   COMPRESSED   0x0000002c   Data   RW         6877    .data               bmi088driver.o
    0x200001a0        -       0x00000254   Zero   RW          280    .bss                freertos.o
    0x200003f4        -       0x00000050   Zero   RW          346    .bss                can.o
    0x20000444        -       0x00000054   Zero   RW          418    .bss                i2c.o
    0x20000498        -       0x00000118   Zero   RW          460    .bss                spi.o
    0x200005b0        -       0x00000168   Zero   RW          507    .bss                tim.o
    0x20000718        -       0x000000a4   Zero   RW          574    .bss                usart.o
    0x200007bc        -       0x00000048   Zero   RW          740    .bss                stm32f4xx_hal_timebase_tim.o
    0x20000804        -       0x0000005e   Zero   RW         4392    .bss                remote_control.o
    0x20000862   COMPRESSED   0x00000002   PAD
    0x20000864        -       0x000001b0   Zero   RW         4575    .bss                can_receive.o
    0x20000a14        -       0x00000134   Zero   RW         4677    .bss                shoot_task.o
    0x20000b48        -       0x000000f4   Zero   RW         4756    .bss                ins_task.o
    0x20000c3c        -       0x0000029c   Zero   RW         4906    .bss                chassis_task.o
    0x20000ed8        -       0x000000f0   Zero   RW         5890    .bss                tasks.o
    0x20000fc8        -       0x00003c00   Zero   RW         6593    .bss                heap_4.o
    0x20004bc8        -       0x00000060   Zero   RW         7210    .bss                c_w.l(libspace.o)
    0x20004c28        -       0x00000200   Zero   RW            2    HEAP                startup_stm32f407xx.o
    0x20004e28        -       0x00000400   Zero   RW            1    STACK               startup_stm32f407xx.o


    Execution Region RW_IRAM2 (Exec base: 0x2001c000, Load base: 0x08009628, Size: 0x00000000, Max: 0x00004000, ABSOLUTE)

    **** No section assigned to this execution region ****


==============================================================================

Image component sizes


      Code (inc. data)   RO Data    RW Data    ZI Data      Debug   Object Name

      2168         36         18         44          0      10919   bmi088driver.o
       108         28          0          0          0       4616   bmi088middleware.o
        24          4          0          0          0        486   bsp_buzzer.o
        88          8          0          0          0        566   bsp_can.o
        56          6          0          8          0        795   bsp_delay.o
        12          4          0          0          0        482   bsp_imu_pwm.o
       108         14          0          0          0     594006   bsp_rc.o
        84         10          0          0          0        525   bsp_servo_pwm.o
      6488         86          0          0          0       5394   bsp_spi.o
       392         42          0          4         80       2510   can.o
       610         76          0         34        432       8898   can_receive.o
      2050        164          8          4        668      13993   chassis_task.o
       126          0          0          0          0      22903   cmsis_os.o
        96          8          0          8          0       6265   default_task.o
        92          4          0          0          0        822   dma.o
         0          0          0          0          0      16604   event_groups.o
       130         12        154         16        596       2722   freertos.o
       380         20          0          0          0       1223   gpio.o
       480         26          0         32      15360       7539   heap_4.o
       212         32          0          0         84       1729   i2c.o
      2428        176          0        156        244      19309   ins_task.o
       138          0          0          0          0       3558   list.o
       254         14          0          0          0     750712   main.o
       492         16          0          0          0       3086   pid.o
       786         84          0         12          0      11933   port.o
       396         32          0          2         94     604587   remote_control.o
      1676        166          0         16        308       9209   shoot_task.o
       344         32          0          0        280       1919   spi.o
        64         26        392          0       1536        844   startup_stm32f407xx.o
        80         14          0         12          0       8070   stm32f4xx_hal.o
      1770          6          0          0          0      14627   stm32f4xx_hal_can.o
       158         14          0          0          0      33234   stm32f4xx_hal_cortex.o
       376         10          8          0          0       3091   stm32f4xx_hal_dma.o
       502         50          0          0          0       2927   stm32f4xx_hal_gpio.o
       408         16          0          0          0       2115   stm32f4xx_hal_i2c.o
        56          4          0          0          0        854   stm32f4xx_hal_msp.o
      1536         88          0          0          0       6973   stm32f4xx_hal_rcc.o
       954         14          0          0          0       4729   stm32f4xx_hal_spi.o
      2212        168          0          0          0      17645   stm32f4xx_hal_tim.o
       232         30          0          0          0       3361   stm32f4xx_hal_tim_ex.o
       152         20          0          0         72       1552   stm32f4xx_hal_timebase_tim.o
       376         10          0          0          0       1888   stm32f4xx_hal_uart.o
        88         22          0          0          0       6111   stm32f4xx_it.o
         0          0          0          0          0        392   stream_buffer.o
        16          4         24          4          0       1127   system_stm32f4xx.o
      2282        162          0         60        240      27673   tasks.o
      1408        118          0          0        360       5954   tim.o
       248         36          0          0        164       1809   usart.o
       198          0          0          0          0       3787   user_lib.o

    ----------------------------------------------------------------------
     33382       1912        640        416      20520    2256073   Object Totals
         0          0         32          0          0          0   (incl. Generated)
        48          0          4          4          2          0   (incl. Padding)

    ----------------------------------------------------------------------

      Code (inc. data)   RO Data    RW Data    ZI Data      Debug   Library Member Name

        90          0          0          0          0          0   __dczerorl2.o
         8          0          0          0          0         68   __main.o
         0          0          0          0          0          0   __rtentry.o
        12          0          0          0          0          0   __rtentry2.o
         6          0          0          0          0          0   __rtentry4.o
        52          8          0          0          0          0   __scatter.o
        28          0          0          0          0          0   __scatter_zi.o
        22          0          0          0          0        100   _rserrno.o
        16          0          0          0          0         68   aeabi_memset.o
        18          0          0          0          0         80   exit.o
         6          0          0          0          0        152   heapauxi.o
         0          0          0          0          0          0   indicate_semi.o
         2          0          0          0          0          0   libinit.o
         6          0          0          0          0          0   libinit2.o
         2          0          0          0          0          0   libshutdown.o
         2          0          0          0          0          0   libshutdown2.o
         8          4          0          0         96         68   libspace.o
       238          0          0          0          0        100   lludivv7m.o
         8          4          0          0          0         68   rt_errno_addr_intlibspace.o
        68          0          0          0          0         68   rt_memclr.o
        78          0          0          0          0         80   rt_memclr_w.o
       100          0          0          0          0         80   rt_memcpy_w.o
         2          0          0          0          0          0   rtexit.o
        10          0          0          0          0          0   rtexit2.o
        62          0          0          0          0         76   strlen.o
        12          4          0          0          0         68   sys_exit.o
        74          0          0          0          0         80   sys_stackheap_outer.o
         2          0          0          0          0         68   use_no_semi.o
        98          4          0          0          0        140   d2f.o
       804         16          0          0          0        368   daddsub_clz.o
        24          0          0          0          0        116   dcmpi.o
       120          4          0          0          0        140   dleqf.o
       340         12          0          0          0        152   dmul.o
       156          4          0          0          0        140   dnaninf.o
        12          0          0          0          0        116   dretinf.o
       108          0          0          0          0        128   drleqf.o
       180          4          0          0          0        128   drnd.o
        86          4          0          0          0        132   f2d.o
       140          4          0          0          0        132   fnaninf.o
        10          0          0          0          0        116   fpinit.o
        10          0          0          0          0        116   fretinf.o
         0          0          0          0          0          0   usenofp.o
       300         42          0          0          0        176   asinf.o
       592         90          0          0          0        184   atan2f.o
        20          0          0          0          0        124   fabs.o
        38          0          0          0          0        116   fpclassifyf.o
        44         12          0          0          0        464   funder.o
       224         30          0          0          0        172   round.o
        62          0          0          0          0        136   sqrtf.o

    ----------------------------------------------------------------------
      4314        246          0          0         96       4520   Library Totals
        14          0          0          0          0          0   (incl. Padding)

    ----------------------------------------------------------------------

      Code (inc. data)   RO Data    RW Data    ZI Data      Debug   Library Name

       932         20          0          0         96       1224   c_w.l
      2088         52          0          0          0       1924   fz_wm.l
      1280        174          0          0          0       1372   m_wm.l

    ----------------------------------------------------------------------
      4314        246          0          0         96       4520   Library Totals

    ----------------------------------------------------------------------

==============================================================================


      Code (inc. data)   RO Data    RW Data    ZI Data      Debug   

     37696       2158        640        416      20616    2234421   Grand Totals
     37696       2158        640        104      20616    2234421   ELF Image Totals (compressed)
     37696       2158        640        104          0          0   ROM Totals

==============================================================================

    Total RO  Size (Code + RO Data)                38336 (  37.44kB)
    Total RW  Size (RW Data + ZI Data)             21032 (  20.54kB)
    Total ROM Size (Code + RO Data + RW Data)      38440 (  37.54kB)

==============================================================================

